[error] [code:100] Defline not recognized [001.read.unsupported.fq:1]
