Spot: CL100159005L1C001R001_2
reads 3:
num:1(T)
CTNCGAGTCGCTTGAACCTGCTTTGGAG
+
ED!CDCBDDACC<B<CBDEBEC<BD>BD
num:2(B)
TTTCATGA
+
AAAAFJ7F
num:3(B)
ATATTATTTATATGTGATAATGGATTTCGTTGGTATTTCATACATACATTTAAATGTATTTTGATCATATCCATCCCCCACCTCCCTGCACCCTCTCCTG
+
DDEDCDDDCDEEDDCCEBDCEDDDDCEEDCDDDCEDDDEDC4EDDEDDDDEDBEEDEBCDDDDDDEDEDDEDDDEDDCEEDDEBCECDDEBCDDCECEDB
Spot: CL100159005L1C001R001_4
reads 3:
num:1(T)
TANGCCAAGGATGGCTAGTTTTCACAAA
+
AD!DDDDEDDCB?ADDD@=CAAEDDDC?
num:2(B)
TTTCATGA
+
AAAAFJ7F
num:3(B)
TTTATCTCAACTAGGGTTAATTTTTTTTATAAAATATAAATGCATGTATTAAGCCTAAAATGAGCCAGGCATAGGCCTTTAATCCCAGTAACTGGAAGAC
+
ACEDEEEEDDEDDBBEDDDDBDDDDDDDDDDECCCDEDDEEDEEEDEDEECCEEEEC@EDDDDDDECDBEDDDDDEECDCDEDCEDD?CEDCDCDEECDE
Spot: CL100159005L1C001R001_5
reads 3:
num:1(T)
GCNTCACAATGATAGGAAGAGCCGACAT
+
AB!;BC<AD<C>@C?>D?ACDECCB?8C
num:2(B)
TTTCATGA
+
AAAAFJ7F
num:3(B)
GCCAAGCGTCCGCCCGCGCGCGCGGGCGGGCGCGACCCCCTCCGGGGACAGTGCCAGGTGGGGAGTTTTACTGGGGCGGGACACCTCTCAAACCGTAAAC
+
ACE>=DDDD;AEDDD?B?D@DAB&ACB:8CABA7)=B@%+)@>7D4C6?=@6C@3B65>BA@?/.0BB*7AC@9:A8,C&9@@/@6.23&,>-0D63B,?
