[error] [code:30] readTypes number should match the number of reads 2 != 3, Spot: 'CL100159005L1C001R001_2'
