[error] [code:30] readTypes number should match the number of reads 2 != 3
