[error] [code:80] 10x input files are mixed with different types.
