[error] [code:11] Inconsistent file sets: first group (input/001.R1.fastq), second group (input/003.t_I1.fastq, input/003.t_R1.fastq)
