[error] [code:70] Input files have deflines from different platforms (2 != 0)
