Spot: CL100159005L1C001R001_2
reads 1:
num:2(B)
TTTCATGA
+
AAAAFJ7F
Spot: CL100159005L1C001R001_4
reads 1:
num:2(B)
TTTCATGA
+
AAAAFJ7F
Spot: CL100159005L1C001R001_5
reads 1:
num:2(B)
TTTCATGA
+
AAAAFJ7F
Spot: CL100159005L1C001R001_11
reads 1:
num:2(B)
TTTCATGA
+
AAAAFJ7F
Spot: CL100159005L1C001R001_13
reads 1:
num:2(B)
TTTCATGA
+
AAAAFJ7F
Spot: CL100159005L1C001R001_15
reads 1:
num:2(B)
TTTCATGA
+
AAAAFJ7F
Spot: CL100159005L1C001R001_16
reads 1:
num:2(B)
TTTCATGA
+
AAAAFJ7F
Spot: CL100159005L1C001R001_21
reads 1:
num:2(B)
TTTCATGA
+
AAAAFJ7F
Spot: CL100159005L1C001R001_23
reads 1:
num:2(B)
TTTCATGA
+
AAAAFJ7F
Spot: CL100159005L1C001R001_26
reads 1:
num:2(B)
TTTCATGA
+
AAAAFJ7F
Spot: CL100159005L1C001R001_28
reads 1:
num:2(B)
TTTCATGA
+
AAAAFJ7F
Spot: CL100159005L1C001R001_30
reads 1:
num:2(B)
TTTCATGA
+
AAAAFJ7F
Spot: CL100159005L1C001R001_33
reads 1:
num:2(B)
TTTCATGA
+
AAAAFJ7F
Spot: CL100159005L1C001R001_36
reads 1:
num:2(B)
TTTCATGA
+
AAAAFJ7F
Spot: CL100159005L1C001R001_42
reads 1:
num:2(B)
TTTCATGA
+
AAAAFJ7F
Spot: CL100159005L1C001R001_43
reads 1:
num:2(B)
TTTCATGA
+
AAAAFJ7F
Spot: CL100159005L1C001R001_45
reads 1:
num:2(B)
TTTCATGA
+
AAAAFJ7F
Spot: CL100159005L1C001R001_46
reads 1:
num:2(B)
TTTCATGA
+
AAAAFJ7F
Spot: CL100159005L1C001R001_47
reads 1:
num:2(B)
TTTCATGA
+
AAAAFJ7F
Spot: CL100159005L1C001R001_48
reads 1:
num:2(B)
TTTCATGA
+
AAAAFJ7F
Spot: CL100159005L1C001R001_50
reads 1:
num:2(B)
TTTCATGA
+
AAAAFJ7F
Spot: CL100159005L1C001R001_51
reads 1:
num:2(B)
TTTCATGA
+
AAAAFJ7F
Spot: CL100159005L1C001R001_53
reads 1:
num:2(B)
TTTCATGA
+
AAAAFJ7F
Spot: CL100159005L1C001R001_57
reads 1:
num:2(B)
TTTCATGA
+
AAAAFJ7F
Spot: CL100159005L1C001R001_58
reads 1:
num:2(B)
TTTCATGA
+
AAAAFJ7F
Spot: CL100159005L1C001R001_2
reads 2:
num:1(B)
CTNCGAGTCGCTTGAACCTGCTTTGGAG
+
ED!CDCBDDACC<B<CBDEBEC<BD>BD
num:3(B)
ATATTATTTATATGTGATAATGGATTTCGTTGGTATTTCATACATACATTTAAATGTATTTTGATCATATCCATCCCCCACCTCCCTGCACCCTCTCCTG
+
DDEDCDDDCDEEDDCCEBDCEDDDDCEEDCDDDCEDDDEDC4EDDEDDDDEDBEEDEBCDDDDDDEDEDDEDDDEDDCEEDDEBCECDDEBCDDCECEDB
Spot: CL100159005L1C001R001_4
reads 2:
num:1(B)
TANGCCAAGGATGGCTAGTTTTCACAAA
+
AD!DDDDEDDCB?ADDD@=CAAEDDDC?
num:3(B)
TTTATCTCAACTAGGGTTAATTTTTTTTATAAAATATAAATGCATGTATTAAGCCTAAAATGAGCCAGGCATAGGCCTTTAATCCCAGTAACTGGAAGAC
+
ACEDEEEEDDEDDBBEDDDDBDDDDDDDDDDECCCDEDDEEDEEEDEDEECCEEEEC@EDDDDDDECDBEDDDDDEECDCDEDCEDD?CEDCDCDEECDE
Spot: CL100159005L1C001R001_5
reads 2:
num:1(B)
GCNTCACAATGATAGGAAGAGCCGACAT
+
AB!;BC<AD<C>@C?>D?ACDECCB?8C
num:3(B)
GCCAAGCGTCCGCCCGCGCGCGCGGGCGGGCGCGACCCCCTCCGGGGACAGTGCCAGGTGGGGAGTTTTACTGGGGCGGGACACCTCTCAAACCGTAAAC
+
ACE>=DDDD;AEDDD?B?D@DAB&ACB:8CABA7)=B@%+)@>7D4C6?=@6C@3B65>BA@?/.0BB*7AC@9:A8,C&9@@/@6.23&,>-0D63B,?
Spot: CL100159005L1C001R001_11
reads 2:
num:1(B)
AANATAGAGAGGTTATCGGGTTTAATAT
+
CC!CACCDB'@@?:BDD<CAA8>D>AC=
num:3(B)
CTCATAAGATATACCAGGAGTTTTTAGTCTTGTGATGTGGCCCAGTTTAGTTTAAGAAATAGGATCAAAAAAAAAAAAAAAAAAAAAAAAAAAAAATATT
+
EDEECDCCBDDEDDEEBBDDDEBEBEDB4ECDDDDEBDDEEDEDDDDDDAECCDDCDCEADEEBCDCEBCD@D@ECBDCCEBD?DCCEDDDDCCC4=DAD
Spot: CL100159005L1C001R001_13
reads 2:
num:1(B)
GCNGTTAGTAGAGCTGGCACCATTTGGG
+
CD!CBBDD@C:CC?;C?CDBDD9?7CAB
num:3(B)
CGGGGAGACTGCAAGGTGGGGGAGTCCCATCAGAGTTTTATTATGATTGCTTTATGTTTTTGGTTATTGGTTTTTCTTTTCTTTTCGTTTTTGTATAGAC
+
EEDDCCEDDDDEECBECDDBCDBDDDEEDEEEDDEDDDCDEDDDDDDDEEECCDCDADDCDDEEDDECCDEBDCED?DDEDCDDDADECDE=CDDC5E5E
Spot: CL100159005L1C001R001_15
reads 2:
num:1(B)
CTNAGTGCAAGAGGCTATTACACGATCG
+
DD!DCCCDDE7E=3EBE<>EBEDBCDD=
num:3(B)
TGAACTGTTTGTTACATTCTTTTGTAGTAAAGTATAACTCAGATTTCTATAATCTTATGACCCAAAACAGTAAGAATTTTATCTCCTGTAATAAGTTTCA
+
CDCCEEDBCECDCDDEAEDEDECDDEBCEDCDDCDEDEEEBDEE=ECDEADCEDDDCEACEEEECDDD4?EDDAEECDCDCEDCEED?DECDDCDDDEDD
Spot: CL100159005L1C001R001_16
reads 2:
num:1(B)
GGNGGTATCCACTGGGCCATTAGTATGG
+
:?!CD?D>;CECBC?CADD?=DB6DBC;
num:3(B)
AGACTGTCCTTTACCTCGGGCCAGGTCCTGGGGCACCCCCATTTGACACTGTTGATTTTCCCCTCGGGATGCACCAGAAACCATGTTACCTTTCCAGGTG
+
AC=EBDDDED@ABECCDCBCDDDDECDEDBD2CCDBDBDE8BABE6E<CE7A?C=DBCADEDCBE2BB9BCB7DC5;C6CBDBDCC<ACBCA?EDD;CD:
Spot: CL100159005L1C001R001_21
reads 2:
num:1(B)
CGNGTGCAGGAAGAACCCCACTGCAATA
+
ED!DDBDDCA?C?;;C@DCDDC:C9B@C
num:3(B)
AAGCAGTGGTATCAACGCAGAGTACATGGGAAGGTTCACTCCTTCTCTCGGGCCTCCTTTACCTCTATGCTGGACTGAAGGAATTCATTCCTGGTAGGCA
+
C;DDB:CCABCCCCCDCE@@6C@CDB@;@;8:DBC@CCCADDACDCBCCB>BCCDCDD@CCDCADDDDDDAB@:DDC=C@(;CA@CCCCCCC=B9DB@(B
Spot: CL100159005L1C001R001_23
reads 2:
num:1(B)
TGNGATTAGGACAAGATTCGCCGAATTG
+
:A!CAC@EB@BCCD<CB1=)7630?;CA
num:3(B)
CCCATCTCGTCTTCTCATTCACAGAACTATTTTGATGAAACTGTAGGCACCAATTCACATCTGCTTGATTCAATCTTGAAAAATTTTTCTATGAGAAATA
+
@B?@DD?CBD>=CADA>?D@@C6B&7C7B(CD>&DBD>ACCD<>?A>A2BCA9B<D=B3A*CC&8@@,;?B0<B;BA?5<;>61:<D9&CB-:C7@CBCE
Spot: CL100159005L1C001R001_26
reads 2:
num:1(B)
CANCAATCAGGACGGGAATAGAGGAAAG
+
DA!?CCDDEA@CB>1<C=BD9D?CABD@
num:3(B)
CAAAAGACGGGGAGGGGGAAAGACTGCTTGTACTAAGAAGGCTGGCGTGATCTGATTGGGTTGCTCTGTGTGATTCATTTCCATAAAGATGATGTTGGCA
+
EDBDDDCEDCBCEDCCDADDDCEDEEDDDBDBDDADCECEADDEEDDCDEDDDACCDDBEBDDDDDEADDDCCCEEDDDDDDEBDDCCECDEDCEBADED
Spot: CL100159005L1C001R001_28
reads 2:
num:1(B)
AGNCACGAGCCTCAATCCAGGGACACGT
+
CB!BED@=CD@AE?(>@C@?(<?C>;AB
num:3(B)
AATCTGGCCATGGAGAAGCGAGGTAGACAAGAAGTTCCTCCTCTAGCGCAGAAGTTATTGTCAATTGCTAGCTTCTGAGAGATGGAAAGTCAGCTTTCTT
+
CCCDBA*BCB@C1@CBB2B7C9@5C3?BCDACC=CD?DDDBCDCBB=6(:>)?@C?D?>BCCDDACBBBC;C9BCD1=CA=5CA+BAD>CCED@CBDBCD
Spot: CL100159005L1C001R001_30
reads 2:
num:1(B)
CGNAATTGTGAGTAGCCGGAGTTCCATA
+
CD!CC>DBBDDA9DBBCC*:CDC>DDBD
num:3(B)
CTTTTTTTTTTTAACCCATCACCACCTGGAGGAGAAAAGGTCCCTGCCCTCTTCCTGCTAGGTCTCTGCCCAACGTCTCTCTTTACCACCAAGCATCCTG
+
EEDCDCDCEDDCDCEDDBDEEBEEDEEBCDE:>?DDCEDBDDDDDCDEEEBCDDCBCDDCDBBBDDDCBEEBCBCDCBDDBADABDED@DBEDDACBDAD
Spot: CL100159005L1C001R001_33
reads 2:
num:1(B)
TANACCCCATGTACTCTGCGTTGATACC
+
AD!DDEECCA=@EE6D@BB<B;CB?DED
num:3(B)
AAGCAGTGGTATCAACGCAGAGTACATGGGGTGTAAGATCGGAAGAGCGTCGTGTAGGGAAAGAGTGTAGATCTCGGTGGTCGCCGTATCATTCAAGCAG
+
EDEEEDDDBDDDDDDEEED>EADDCDCDDEEDBEDDCEEDEEEDEDCECEDCEBDDEEDCDDEDBECEDDEDDDCCDDCEDEEEDEEBBDDBEDDD@EDB
Spot: CL100159005L1C001R001_36
reads 2:
num:1(B)
GANTCTTAGAAGATCTACGAACCAATCT
+
BD!DDACCBCD@CCC=EEABDDCDCDDC
num:3(B)
ACTGCCTTTGGGAATGGGCTTGCTCCTTACCCATGTGGACCCCGTCAGTGTGAGGCTGTTTGGGTGGATCTGGCAGGAGTGGCCCTGTCCCAGTTCTCTC
+
CDCCDDDCCCBBCCECB@DDDEDCCCDCCDDDCDAAC>ADBDDBCCD8=ACC>B@DD>CCB:BCCB>CDDDC5CCB>BCCBC@CCC:DCCC?CCBCDC?C
Spot: CL100159005L1C001R001_42
reads 2:
num:1(B)
TGNTAGTGCACACTGCCATGCTGGTCTA
+
C?!CC?CDDDDB??B&C?A?@C?A&'@3
num:3(B)
AGGAAACAGTGCGGTTCGGTGGAGGAAGCTAGGAAGAAGGAGCCATGGCGGTGTTGGTGTTCAAGCTAGGACAGGAGTCCAGGCAGGCCGAGCCAGTGCG
+
CB>?<>BCA;B@3/B5A55>?@C1<49>?B8@21D>==.95=4@AC=(BA=7B%B5<15A?%@(5BBD63B/*40)A;>BB-B&C>6%%9=.@CB/@?B6
Spot: CL100159005L1C001R001_43
reads 2:
num:1(B)
CANTACGCAGACATCTCGCTACGGACCG
+
CE!CDEDEDDBCECBED@DDDDC,BBED
num:3(B)
AAGCAGTGGTATCAACGCAGAGTACATGGGCTTGAGTCAAAAGGTCAAATCAATGAAATAAGAACTAAAGTATTTTTCTGAAGCCAACTGAGTGATTTAT
+
BC<CCCBC;ACCCB@D@D+D-D5DDC<><CDCCBB?BDDA?C5=DAB?ADBBC?BABCBCC4BCBCD@D7DDC:CBBDBE-CBDCDBDD7+B?C'BBDDC
Spot: CL100159005L1C001R001_45
reads 2:
num:1(B)
AGNGCCAGTACCGGCTTGAAGTCTCGGG
+
CC!CCEDE?:DB2=D7A?@@CBDDC@AC
num:3(B)
TGGGATTAAAGGCATGAGCCACTACTGCCCAATATTGGTTTATTTCTTTGCAGTCTTTCTGTTATGCTTATTCCTCCCTTCAGCTAGAAATATTGCTCCC
+
<B:B<=@C6;ACDBB;ACCCBD1@CCCCDCDC?CB:B:B7?CD<CDA>CCB4A@CB9@DC8DB@D>=<C0@CDCBDBB;CEBCD:B26B=AC@D@CCC:A
Spot: CL100159005L1C001R001_46
reads 2:
num:1(B)
ACNAACACAGTGTACTACGATCCGCCAG
+
DD!EDDEDDD@A=DEBDD5=.@B>DCAB
num:3(B)
CTCAAGTTGAACTGGATGCTCAGGTGCGTAAGGTCTATTATATGAAAACTTTGTTATGACTTAGAAATAAAAATAATTCATAATAATGAAAAATCACATG
+
EDEECCDCADDEEDCDCEDEDCCCDDE@CCCCCDEDDDCE?DCD=DADEECCC@DBCE@EDCDDDDCCADDBDDDDCCEEDCECDAE@DCBCDDE4EEAD
Spot: CL100159005L1C001R001_47
reads 2:
num:1(B)
AGNGAATAGCATGGGTCAGAATTTGTGG
+
DB!BB?AEDDB@;C-CCBA4A@@B@CA?
num:3(B)
TGAAGGCACCTGCAGGACAGTTTCCTTGGCTGAATCCTTTGTGTTTGCATGGAGACCAACAAAACCTGCCATAATGTGCTTTTTCAGCCCATTTACTTGA
+
CDC>?CDCDECCDDBCBDBDC@CDDD;C?DD4BCCBCD=CDA>CACBDDA;@<D3DBDAAC2BADBADDDABCDD+DCCCB8BDC>CDADC:C0CECBC'
Spot: CL100159005L1C001R001_48
reads 2:
num:1(B)
GTNCTATGTATGGGACTAACTGCGCACC
+
B@!EBDCAAB=?C6@D=76DCAECDBCD
num:3(B)
CTGTGTAACAGCCCTAGGTGTCCTGGCACTAGTTCTGTAAATCAGGCTTGCCTCGAACTCACAGAGATCCATTTTCCTCTGCCTCCTGAGTTCTGGGATC
+
DCB:BCDCDCCDDDCDBBC>CCEDBBECEBCCA=EBDA8C6DD=ACCDACBDBDBACDDEDDCB@>ABCEC:CACDDDDD;@EDEDBAB@?EEEBD?ADE
Spot: CL100159005L1C001R001_50
reads 2:
num:1(B)
TANCCTATCCGTTTCGCCCCTACAGGTT
+
DC!DDCEDBCB=9@DCACDDCEBBA@CA
num:3(B)
CTAGGATTATTCATCACCTTCAGACATGGATGATTGCATGATTTCCTTAAGCATGGTTGAATAGTACACAAAAATTTGGTTAACTTTGATATCAAAAAAA
+
EDCECDDCDCEDDDDDEEDDEEDED4ECCDEDEBEDDECDEDEEDDDCDDEDEDCDDDCEBBDDEDDDDDEDCDDCCDDDDDDDDCDBDDDDDBCDEDBD
Spot: CL100159005L1C001R001_51
reads 2:
num:1(B)
AANGAAAAGAAATCGGATCTGACAAGTG
+
BB!CA:ADC>B@@&B/BDDD*&BCBC2D
num:3(B)
GGAAGGAGAAAAAAAAAAAAGCTCTGCTAACTGGGTCCCATTTGTCTTGGTGATCTTATTTATGTGTCTGGGTTATTTCAGCAATTGCCACAGAATCTAC
+
B?@7B5@>8BBC??>BC9=C7C<DB3DC9?97@C@BCCCC?>:4DC@@=B&9&7CB@DCCDDB>@>:=<?/.B5DCBCDC=D@DBA@=D;CD.>C:C=CD
Spot: CL100159005L1C001R001_53
reads 2:
num:1(B)
CCNGGTACAACCGCCAATTGCCATTGCC
+
DE!D<BCEB6.ACDAAA>@>?C?C:C><
num:3(B)
TTTATGTCTTAATGTTTTAAATAGCATTGTTTATGTTGGCTGGTATGTTTGGGGGACTGGAATTTATTTTGCTCTTGTGCCCTTTGCAAGCATTTAATAA
+
=@>ABACCC>C<>>>?B9BAA?C<A>7B937BC,:BA(%?BABB@C>=BA68?A&*8B;4@C:=:=C+@;CA?CD@2BAB>?C<=AA@9C*53?C?2BCC
Spot: CL100159005L1C001R001_57
reads 2:
num:1(B)
TCNTTCTTCTAGCTGGGAACCAAAGCTC
+
DD!@CDEADEB8C=67<DCDEEA7CEAE
num:3(B)
CCGCAAGTTTGAGGACAGGTTTGAAGAGGAGAGGAAGTACAGACCTTCCCACAGTGACAAAGCAGCCAACCCAGAGGTTCTGAAGTGGACAAATGACTTG
+
9DDEDCC;ACA@2CCDB75DCCCBADBD@=C2B=CA<CEDCC?DDCBBDCEDDBCBCDD@C?D=@5DDCDCDD?C=>2DCC1<=@CC?CCDBCD99<CBD
Spot: CL100159005L1C001R001_58
reads 2:
num:1(B)
TCNCATGTCACGGGAACACACACAACTT
+
DE!DDBACED?CC:EDDECCDDBDCDEC
num:3(B)
GTTGATTACCACAGTGGAGGCCATTTTGACCCACACCTGAGCTGCTGGCTCAGCTGTCTCTCCTGGCTGTCTTTGTAATACATTAGTTCTTGTTTTGCTG
+
ABDDACDDDDECEDCDD4DADCDD@DDDDCDDDDEDDCADDECDEDE6EDEEDDDCDDEECCEEBBEDDDDDCDADEBDCCEBCDCDDBED&CCDD@DED
