[error] [code:210] Spot V300019058_8BL1C001R00100000000 has more than 4 reads
