Spot: NB501550:336:H75GGAFXY:2:11101:17498:1039
reads 1:
num:1(B)
NAATAAGGTAAAGTCACGTCAGTGTT
+
#AAAAEEEEEAEEEEEEEEEEEEEEE
Spot: NB501550:336:H75GGAFXY:2:11101:5823:1039
reads 1:
num:1(B)
NAAGATGTCATCTGTTGTAAGTCCTG
+
#A/AAEEEEEEEEEEEEEEEEEEEE<
Spot: NB501550:340:H75GGAFXY:2:11101:9721:1038
reads 1:
num:1(B)
NAGCCGCGTAAGGGAATTAGGCAGCA
+
#AAAAEEEEEEEEEEEEEEEEEEEEE
