Spot: NB501183:813:HFLY2BGXG:2:11101:19935:1037
reads 3:
num:1(T)
TCCGGAGA
+
AAAAAEEE
num:1(T)
AGATCGTCAACTTNCACGCTTCCAGG
+
AAAAAEEEEEEEE#EEEEEEEEEEEE
num:2(B)
GTCAACTCTTTAGCGTNAAAAAAAAAAAAAAAAAAAAAAAAAAAAAAAAACCAGG
+
AAAAAEEEEEEEEEEE#EEEEEEEEEEEEEEEEEEEEEEEEEEEEEEEEA/////
Spot: NB501183:813:HFLY2BGXG:1:11101:9636:1039
reads 3:
num:1(T)
TCCGGAGA
+
AAAAAEEE
num:1(T)
AAGGANTTCGCACTCTAAATGCCTGT
+
AAAAA#EEEEEEEEEEEEEEEEEEEE
num:2(B)
TGTCTTTCCTGCNAGAAAAAAAAAAAAAAAAAAAAAAAAATAAAAGGAATTTAAA
+
6/AA//E/EE/E#EAEEEEE/AAA6EEAEEEEAAEEEEA///////////E<///
Spot: NB501183:813:HFLY2BGXG:2:11101:10575:1038
reads 3:
num:1(T)
TCCGGAGA
+
///AA/E/
num:1(T)
ATTACCTCACCTCNACTATTCGGTTT
+
AAA6A6A6/EEEE#E/EEAE<EAAEE
num:2(B)
GTCAACTCTTTAGCGTNAAAAAAAAAAAAAAAAAAAAAAAAAAAAAAAAAAAACA
+
//AAAEEEEEEEEEEE#EEEEEEEEEEEEEEEEEEEEEEEEEEEEAE///EE///
Spot: NB501183:813:HFLY2BGXG:1:11101:23738:1040
reads 3:
num:1(T)
TCCGGAGA
+
AAAAAEEA
num:1(T)
GAATANAGTTGTCCCTATGTTTAACC
+
AAAAA#EEEEEEEEEEEEEEEEEAEE
num:2(B)
TACCGCCTCTCTTTGGAAAAAAAAAAAAAAAAAAAAAAAAAAAAAATTAAAAAAA
+
A////E//AEEE///EEEEEEEEEEEEEEEEEEEEEEEEEEEAE6/////AAEEA
Spot: NB501183:813:HFLY2BGXG:2:11101:24543:1038
reads 3:
num:1(T)
TCCGGAGA
+
AAAAA6E6
num:1(T)
CCACAAAAGATTANACTTAGCGGATC
+
AAAAAEEEEEEEE#EEEEEEEEEEEE
num:2(B)
AAGTATCGTTTCGCACNAAAAAAAAAAAAAAAAAAAAAAAAAAAAAAATGAAAAC
+
/AAAAEEEEEEEEEEE#EEEEEEEEEEEEEEEEEEEEEEEEEEEEEE6///////
Spot: NB501183:813:HFLY2BGXG:1:11101:12270:1040
reads 3:
num:1(T)
TCCGGAGA
+
AAAAAEEE
num:1(T)
TTACCNCCAGCTGAGACTTTTGCCGA
+
AAAAA#EEEEEEEEEEEEEEEEEEEE
num:2(B)
AAGTATCGTTTCAAAAAAAAAAAAAAAAAAAAAAAAAAAAATAGGGAAAAAAAAA
+
AA/AAEEEEEEEEEEEEEEEEAEEEEEEEEEEEEEEEE6/////////66/////
