Spot: AAAAA:0000:0
reads 2:
num:1(B)
AAAAAAAAAAAAAAAAAAAAAAAAAA
+
#AAAAEEEEEEEEEEEEEEEEEEEEE
num:2(B)
CCCCCCCCCCCCCCCCCCCCCCCCCC
+
#AAAAEEEEEEEEEEEEEEEEEEEEE
Spot: AAAAA:0000:1
reads 2:
num:1(B)
AAAAAAAAAAAAAAAAAAAAAAAAAA
+
#AAAAEEEEEEEEEEEEEEEEEEEEE
num:2(B)
AAAAAAAAAAAAAAAAAAAAAAAAAA
+
#AAAAEEEEEEEEEEEEEEEEEEEEE
Spot: AAAAA:0000:2
reads 1:
num:2(B)
AAAAAAAAAAAAAAAAAAAAAAAAAA
+
#AAAAEEEEEEEEEEEEEEEEEEEEE
Spot: AAAAA:0000:3
reads 2:
num:1(B)
AAAAAAAAAAAAAAAAAAAAAAAAAA
+
#AAAAEEEEEEEEEEEEEEEEEEEEE
num:2(B)
AAAAAAAAAAAAAAAAAAAAAAAAAA
+
#AAAAEEEEEEEEEEEEEEEEEEEEE
Spot: AAAAA:0000:4
reads 2:
num:1(B)
AAAAAAAAAAAAAAAAAAAAAAAAAA
+
#AAAAEEEEEEEEEEEEEEEEEEEEE
num:2(B)
AAAAAAAAAAAAAAAAAAAAAAAAAA
+
#AAAAEEEEEEEEEEEEEEEEEEEEE
Spot: AAAAA:0000:5
reads 2:
num:1(B)
AAAAAAAAAAAAAAAAAAAAAAAAAA
+
#AAAAEEEEEEEEEEEEEEEEEEEEE
num:1(B)
AAAAAAAAAAAAAAAAAAAAAAAAAA
+
#AAAAEEEEEEEEEEEEEEEEEEEEE
Spot: AAAAA:0000:6
reads 2:
num:1(B)
AAAAAAAAAAAAAAAAAAAAAAAAAA
+
#AAAAEEEEEEEEEEEEEEEEEEEEE
num:1(B)
AAAAAAAAAAAAAAAAAAAAAAAAAA
+
#AAAAEEEEEEEEEEEEEEEEEEEEE
Spot: AAAAA:0000:7
reads 2:
num:1(B)
AAAAAAAAAAAAAAAAAAAAAAAAAA
+
#AAAAEEEEEEEEEEEEEEEEEEEEE
num:1(B)
AAAAAAAAAAAAAAAAAAAAAAAAAA
+
#AAAAEEEEEEEEEEEEEEEEEEEEE
Spot: AAAAA:0000:8
reads 2:
num:1(B)
AAAAAAAAAAAAAAAAAAAAAAAAAA
+
#AAAAEEEEEEEEEEEEEEEEEEEEE
num:1(B)
AAAAAAAAAAAAAAAAAAAAAAAAAA
+
#AAAAEEEEEEEEEEEEEEEEEEEEE
Spot: AAAAA:0000:9
reads 2:
num:1(B)
AAAAAAAAAAAAAAAAAAAAAAAAAA
+
#AAAAEEEEEEEEEEEEEEEEEEEEE
num:1(B)
AAAAAAAAAAAAAAAAAAAAAAAAAA
+
#AAAAEEEEEEEEEEEEEEEEEEEEE
