Spot: E100029958L1C001R00300001829
reads 2:
num:1(B)
CTGGAAGCAGCCCCACACCTCAGAGGCCATCAACATGTGGGCAGGTGCTGGCAATTATGCAGGCATGGACAGGTTGGTTTTAAGCTCCTCAGAGGTCAAATCCTGCTGCAGTTACTGGGCTTTGGAGTAGATCGATCTTCTCTACCCCCA
+
FIFGGGGIGFGGHHGGGGGIGGGGGHGGGGHGGGGGGEGGGFGGGGGGGGGFGGGGGGFFGFGGGGGGGGGGGGFGGGFGFGGGGGFFGFGGFGGAGGGGGFFFFFGFGGFGFGFGFGFGGGFFGCGFEGFFGEGGGGGEGFF@GFFFGF
num:2(B)
ATAAAGTGGTGTTGAGACAGTGCAAACAATGGGGGTAGAGAAGATCGATCTACTCCAAAGCCCAGTAACTGCAGCAGGATTTGACCTCTGAGGAGCTTAAAACCAACCTGTCCATGCCTGCATAATTGCCAGCACCTGCCCACATGTTGA
+
<IDFFFGGIGGFIIGIGFIGGHGGGGHFGHIGGGHGGFGHGGIGGGHGGFHFHIHHHGGHGHGGGGFGGIGGHGGHGGGGFHEGGHGGFFGGGGHGEGFGGGFFGGGGC?GGGFGFFFGDGEGDGFGCGHDEGFFFGFFFH@FEFDFFFF
Spot: E100029958L1C001R00300024261
reads 1:
num:2(B)
GGCCTCACTACCACGTAGCAGTGGGCCTCTCTCTCTCTTGATGTGAGCTGGTGCTGCACCCTGCCGCCAGCACACTAAGCATCACTGCCATTTCGCAGCCACCTACCCAGTACCACACACCATAACCTCCTGCCTGCCCTGTCTGCGTGA
+
FFFFFFGFFGFFGFFFGFFFFFFEFFFGFGFGFFFFFGFGEFFFFE@FFGFEFFFEFCFFFFEFFFFDCEFFFFEFFEEFFDFFFFF8FAEFFFCEBAEF<FFFBFFFDCEFFFBC@FFFFFCC(FFDEFF*=CF+D<CF(DBF.>FB;<
Spot: E100029958L1C001R00300023665
reads 1:
num:1(B)
AACAACTATATTTATTGGTAGTAGAGCAATTCAGTATAATGATCGATCAGCCCCTAGTGAAAACAAAGCGTGGCCATACACCTTCTGGATACTTCACAGTTCTGCATCTTCAGCAAAGCTCCTCAGTATAATTCTTCTGCCACACTTAGA
+
GGGGGGGFGFGGFGGGGFGFGGGGGGGGGGGGGGGGGGGGGGGGGGGGGGGGGGGGGGGGGGGGGFGGGGFGGGGGFGGGGGGGGGGGFGGGGGGGGGGGGGGGGGGGGGGGGGHBGGGGGGGGGGGGGGGGGFGGGGFFGGGGGFGFGG
Spot: E100029958L1C001R00300035560
reads 1:
num:2(B)
GATCGAGGGGTGGAGCTGACCATATAGCTATATGGACAATATAGCACAGGTTATTCAGGACTTTGAAACATGCGCTGCAATCAAGCAAGCCAAACAGTCAAAGCCTCTTTGGTATGGAGGACGATGGCTGAAATATAAATACGGAGAGGC
+
GGGGGGGGGGGGGGGFGIGGGGGGGGGGGFGEGGGGGGGGGGGGGGGGGGGGFGGFGGGGGGGGHGGGFGGGGGGGGGGGGGHGGGFGGGGHGHGGFGGIGGGGGGGGIGGGGGGGGGGFGGGFGGGDFGGGGFGFGFGGGGGGGGGGGD
Spot: E100029958L1C001R00300034140
reads 1:
num:1(B)
TCCCACGTGCCTGGTGACAGGACGAGGGGGAATGGGCTTAAGTTGCACCAGGGGAGTTTTAGGTTAGATGTTAGGAAGAATTTCTTTACTGAAAGGGTTGTTAGGCACTGGAACAGGCTGCCCAGGGAGGTGGTGGAGTCACCATCCCTG
+
FAFFF4>;ECEFDEEFEEFCFE@AD>39EDFF=FF>DFFFEEEFFCF4FFEC@EE4FFDEFFEFEGFFFFAEGCFAFDFF:CFBFEFFFFFFFEF>AFF5EFFEDCFEFFFFDDFFEF>B7ECFBEF=F>4GE2D;3E)FFDEDEBCFFE
Spot: E100029958L1C001R00300050142
reads 1:
num:2(B)
GTTCAAACTCCAACCCTAAAAACCTTAAAATCCTAAACATAAACCCTTAGAATGCTTACCCTGAAACCCATCCCTAGTGCCCTATCCCTGAAACCTTAAAACCATGAATCAGTCTGTAGCCAATAACATAGGGTCAGGAAAGGATCGATC
+
FFGGCGGFHGFFGGFFFEGGGGFGGG@FFGHGGF=G8GFFEGGGFGGFBGGFGFGDGEFGGGFGFGGFIGFFGHGEFGFGHFGCGFGHGEGGGHFGFCFGGFFCGFGGFG@FGFAFGGFGFDFGEB@CEEGGFDD8FGDGEFGGFC?FFF
Spot: E100029958L1C001R00300043613
reads 1:
num:1(B)
TTAATAGATTTAATAAGAATGGTGTTTGGGTCCGGGAGGTTGCCAGCCACTAAGTCGCAATTAAGAAGAGTAGAGAAAAGGTTGTGGATATGCTCTTCCAAGGCAGAGAATGATTTTTTGCCATGTGAAAAGAAGTAGTAGTATCCCAGC
+
>FGGAG:G@@FFFG<E8:F:11F+G/EEF:=5:828>=)9@E?>FECFC@DG9CGFA6>FGEGEEG;3EA7FFFE<G<.8,+FG*-4G@FFGE69GFGFCC-B3FG?FFFF)FG?CDF.GG;DGGF5BE<<FGGG(GEG7F9FFD1BG)=
Spot: E100029958L1C001R00300066415
reads 1:
num:2(B)
CTGCAGACTGTTAAGTCATCAAGCACTTAAAGACTGTTTGAAATAATCTCTACATTAATAGAAAAGAGTACTCCACACTTCTGCTCAGGAAGAAAATCACGGAAAATGTAAACTTTGATTTGAGATGTTGAATTTGATGCAGTGAGATCG
+
GFGFGGGFFGGGGGGGGGFGGGGGGGIGFGGGGFIHGGHFGGGGGGGGHHFEFHFHFGGFGGGGGGGGGGGGGFGGFGIIGIGGGGGGGGGGGGGGGGFGGGGFGGGGGGGGGGGGGGGGHFFGGGGGGGGECFFGEFGGCHEGEHGFGG
Spot: E100029958L1C001R00300062802
reads 1:
num:1(B)
TGTTGTGAAGGGGTTTGCTGTTTTTCATGAAAAAGTGATGCTTCCAGGCTTTTTATATATGAAGATTTGGGCTTTATTATGGTATTGCTTGCTCTTTATGTAGAAATTTTTCTGTATCCTTGATTTATTTTGTAATACCATTTACGTGTC
+
FGFGFEFFFAFCEDCGFGGGEGGGFGGGGFGGGFGFFFGFFGGGGGFEFFGFFGGFGFGGDGGFFGGGFFBGFGGGGGGGEFFGFGGFGFGGGGGFGGFGFGFGGGGGGEGGGDDGFFGGGF@DFGFGGGGGEEEFGGGGGGFGFEFEFF
Spot: E100029958L1C001R00300082818
reads 1:
num:2(B)
GATGGGAGTGACCGCTCAATCAGGGTGATGGGAGGCAGATTGACGTGCTGAGACGCTTGAGGTTGTTGGGCACAGAGGAAGGGTCAGCCCCTGGTCACAAGGGGATGCTGCTCTGTTTTTTCTTTCTCTTATTAAAGCCAGACACACACA
+
FFFFFFFFEFFFFFFGFGGFFGFFFFGFFGFFFFFGGFFFFGFGGFGFGGFGFFGFGFGFGFEFGFFGFFFGGGFFGFFGFFFAGFGFFFGGGFF@GGGFFFGFCEGGFGBGFGGAAGFGGFGGGGGGGFGFFBFEFFFFGDFGFFFGGG
Spot: E100029958L1C001R00300074663
reads 1:
num:1(B)
TCTCCCTCGTGGTCAGCGCTGTTCATTCCGCTTTAATGGGTGTCAGGAGCCCTAATGCATGTAGCTAACGTGCACCTTAACACATGCTTCACATCTAACCCCAGTCCTCGTACACAAAGTCTGACAGCAAGGCTCCAATTGGGATCTCTT
+
FGGGGGGGG<GGEGGGGGGGGFFGGGGGGGGGGGGGGGGGFGFGGGFFGGGGGGFFGGGGGFGGGGGDGGFGFGFGGGFFGGGGGGGGGGFGGFGGGDGGGGGFFGGGGFFGGGGGGFGFGGGDGGEGGFF:GGFGGFFGGGEEEGGGGG
Spot: E100029958L1C001R00300094907
reads 1:
num:2(B)
TAATCATTTTCATTTTTACTATGTCTTGCTAATCACGACAACAAGCTTTATTTTCCTTATCAGTCTTTACTGGAACTTCACGTGGGTATCAGTGAGATCGATCGCCTGCTGGCCGATGGCGTGTGTGACAAGTACAACGTGCCGTCTGTC
+
GGGGGGGGGGGGGGGGGGGGGGGGGGFGGGGGFGGGGEGFGGGFGGGGGGGGGGGGFGFGGDGGFGGGFGGGGGGGGGGGGGGGFGGDGGGEGGGGGFGGGEGGGGGGGGGGGGFGGFGFGGGFGFG:@GGGAFFGGGF?GGGGGGGGGF
Spot: E100029958L1C001R00300087338
reads 1:
num:1(B)
TACATAAGTATGTTATGTGTGCTGTCATCTTTGATACCTGACTCATTAAAAGATCGATCAAAGGCTTTAAACTTGAGGAAATACTACCTAGAAGTCCACTTTTGAGTTACCAAAAGTTAATTATGGTCTAACAGAGCTGTGCCTCTTCCT
+
GGGGGGGFGGGGGGFGGFFFGGGGFGGGGGGGGGGGGGGGFGGGGGGGGGGGGGGGGGGGGGGGGGGGGGGFGGGGGGGGGGGGGGGGGGGGGGGGGGGGGGGGGGGGGGGGGGGGFGGGGGFGGGGGGGGGGGEGGFG=GGGGGGGGGG
Spot: E100029958L1C001R00300109655
reads 1:
num:2(B)
ATTGCTATACAATCTTTGATGAAGACCAAACATTAGGAGTAAAATCTGCACAATGGCCTTTCTGCAGTATGCCGGTGGAAATGGCTCACAGTTCTTTCATTGTGGCCTTAAAAAGAACGTAAGATCGATCCATTCAGAAATTATAAGCAT
+
GGGGGGGGGGGGGGGGGGGGGGGGGGGGGGGGGGGGFGGFGGGGFGGGGGGGGFFGGGGGGGGGGGGFGGGGGGGFGGGGGFGGGGGGGGGGGGGGGGGGGGFGGFGGGGGGGGG@GGG<GGGG?GGGFEGGFGGGGGGGFGFGFGGGGG
Spot: E100029958L1C001R00300098351
reads 1:
num:1(B)
GGACCTTCGGGAGAAAAACTGGAAAGCAATGGAGGCATTGGCATCAACTGAAAAATTGCTGCAGGACAAAGTGAACAAGACTGCCAAGGTTGTAATGTTAACTGCTAGAAACGATACGTTAAGCTAGAAGCAGATCGATCAAAGACGCCT
+
GGEGFGFFGEEDGGGFGGGIFGGGGGFFGEGFEFGGGGGHFGFGGGGGEGGGGGGGFGFGFGFGGGGCGGFGG?FGFGFCGGFGGFEEFFGIGFEGIGFFEGGEGGDGEGGFGGEFGCEG=GG=FFGCEEG:GF3GFGAGGGFGGBFGFF
Spot: E100029958L1C001R00300120955
reads 1:
num:2(B)
AGCCATTAAGCTTGATTATGCCTTTGGGTAGCTACTTTAGAAGACTCAGAAAAGTAGAGAAACTGAGGCATAAAAGGTGGATTAGTTTGTGGGGGCCACTTGGGAACCCTGTGGTAGAGCTGGGCAGAGACCAAAGACCCTGTAGTTACC
+
FFEFFEEFFEEFEFFFFFFCFFFFFECEEFEFFFEFFFFEEFFFEFFFDEEFFDEFEEDBEEFFDEFFFFECFFFFEBFECFFFAFFFEEFDDFDEFFFFFFFCEFFEFFFBEFFB?CFEEFEEEFEEFECFFFC?CDFFFF=FB=CFFF
Spot: E100029958L1C001R00300112929
reads 1:
num:1(B)
TGTTTGCTTTGTATATGTTCTTCAGAAGCAGGTTTTCAGGGATAATTTGATTGTTCTGTGATCGATCTCCATACCCATTTAATAAAATGCGTTATTTTCACTGACATTAGTGACAGAAGTGCTTTTTTTATTTGTTGTGTTTATCATTAT
+
GGGGGGFGGGGFGGFGGFGGGGGGGGGGGGGGGGGGGGGGFGGGGGGGGGGGGFGGGGFGGGGGGGGGGGGGGGGGGGGGGGGGGHGGGGGEGGGGGGGGGGGGGGGGGGGGGGGGGGGGGGFGGGGGGFGGGGFGGFGGGGFGGGGGGG
Spot: E100029958L1C001R00300137905
reads 2:
num:1(B)
CCACCCAGGCGGGCTGCCCGCGGCCACCGAGGGAGAGCACCCATCGCAGGGACCCATCCACGCACCCGTTATCGCTGTGTGCACCCCGCAGAGCTCCCTGCATGGCCACCCAGACACCAGGACCCAGGCGATCGATCCTGCTCCTGGTGC
+
GGGGGGGGGGGGGGGGGGGGGGGGGGGGGGGFGGGFGGGGGGGFGGGGGGFFGGGGGGGGGGGGGGGGFGGFGGGGGFGFGGGGGGGGGGGFGGGGGGGGGGGGGGGGGGGGGFGGGGGEGGGGGGGF?GG@GGFFGGGGGGGGGGFCDB
num:2(B)
GTAAATTTCTGCCACTTGGAGCCTTCGACAGAGACAGTGGTTTCAGGTACTTGAACTCAGGTCAATACAGGTCCCATGCTGAGTAGGGCTGGCAGCCCTATCCATGGAGCCAGCACCAGGAGCAGGATCGATCGCCTGGGTCCTGGTGTC
+
GGGGGGGGFGGGGGGGGGGGGGGGGGGGGGGGGGGGGGGGGGGGGGGGGGGHGFGGGGGGGGGGGGFGGGGGGGGFGGGGGGGGGGGGGGGGGGGGGGGEGGGGGGGGGGGFGGGGGGGGFGGGGGGGFGEGFGGFGGGGDDGGGG1GFF
Spot: E100029958L1C001R00300122584
reads 1:
num:1(B)
GTTCTTCTATTGGATATTAGATTTTTACAGACATGCAATAAATCTGAAATGTGTGTTATGCCAAAACAGACTTTCAGTCTGGTGTAACAAATACAGGTTAATATTTCAGTGCATCAGGACTGAACTGTCTCAAGCTGTTGAGGAAAGGAG
+
GGGGGGGGGGGFGGGGGGFGGGGGGFGGGGGGGGGGGGGGGGGGGGGGGGGGHGGFGFGGGGGGGGGGGGGGGGGGGGGGGGGGGGGGGGGFFGGGGFGGGGFGGGGGGGGGGGGGGGGGGGGGGGGFGGGGFGFGGGGGFGGGEGGGFG
Spot: E100029958L1C001R00300160095
reads 1:
num:2(B)
GCTTATTCTAGGCAACGCTTGTATAGTAGCATCCCAGTAATTAGAACATAGGCTGAACCAGCTAACTATTAATGGGTTTAGCTTCAGTATTAATCATCTCTTCATACCTGGAAGCTCTGAACGAATGTCAAACTTAGTGAGATGAGGGGC
+
GGGGGGGGGGGGGGGGGGGGGGGGGGGGGGGGGGGGGGGGGGGGGGGGGGGGGGGGGGGGGGGGGGGIGGIGGGGGGGGGGGGFFGGGFGGFGGGFGHGGGGGGGFGGGGGFGGGGGGGGGGGGGFGGGGGGGGGDGGGGGGGGGGFGGF
Spot: E100029958L1C001R00300158449
reads 1:
num:1(B)
TGTATCCCCTTTCACAGTGGTTTTCAATTTCAGCACCTAATACAAACACGTATTTTAATTAAAATAAGCTTTTGTCACTAATATATAACCTAAAGCCTAAGAAGAAAGCACAACTTAGGATGACAAAGTAGTCTACAGCTTGCAATTCCT
+
@DBEECBDBEEC=ECEB=D8;ED?EEEEDFBEDDCCCEEAEFCE>D@CBB5BD5ECFE@FFFEE=FDEEEEDE@FEE@EFE<E@F<DFCECECDDBBCFEEEE4FEC9.<DEED<8EE.E0CDDE@E0(E@@<7F:DBBEDE)>;A0(7D
Spot: E100029958L1C001R00300172092
reads 1:
num:2(B)
CACATCATGCAGAGGGCTGTCTGCAGCCCCACTGCTTCAGAGAGGTCAGCTTGTGACAGCTAGATTATCGCTGATACATGCTTTTTAGGTAGAGAAAATTGTTCACCTCTGATCGATCCCTCAGCCGGGGGAGGGGACCGGGAGGCTGCC
+
FGFGFFGFFFFFFFFEEFFEDFFFAFFFFGFBFFFFFFFFDFFEFFFFFFGFGFGAGEFFFGFEFGFFFF=FGFFFFFFFFGGFFGDEFF<CFFFAFEBFFCFEDFFFFGCFFFG1FFGFGG=;FG?@D<F,EFGF2EFFFF?FG=/FFF
Spot: E100029958L1C001R00300170426
reads 1:
num:1(B)
AGGATATTTTGGTCAAAAAGTTCAGAGTCCTCTCATTTCAAGATCGATCCTATCTCATGCAACCTCTTGAAGATATCTGTTTCTTTCTGGAACTTCTCCTCATTAGGAACACAACTCTGAGTCAAAGGAAGGTTTCAATGGTTCTTCACA
+
@GGGGEGGGGGGGGGGGGGGGGGGGGGGGGGGGGGGGGGGGGGGGGGGGGFGGGGGGGGGGGGGGGGGGGGGGGGGGFGGHGGGIGGGGGGGGGFFGGGFGFGGFFGGGGGGGGGGGFGGGFGGGGGGGGGGGGGGGGGGGGFGGHHFGF
Spot: E100029958L1C001R00300183999
reads 1:
num:2(B)
CCTCCTGCGCCTCCCCGGGGGCTCTGCTGGTTCACATTTGCTCAGGGTAGAAGTTTTGGGTATCTGCTAAATGCCAGTGAATACTGAGGGGCAGAGGAGCCCCACGATGGGTGAAGAGGAGGGATCGATCTTTGGTGTATTGAACACACA
+
GEFDFFGGEF=FFFGFGEEAE<GGGFEFGFFBFEFFGFDEFGGGG>FFGGEBDFFGD;EFFGFEGGFFGFFFFFGAFFFE=?@EFEEGEGFCBFFCFEEFFB;EFBFFFFC2FFFGFFB4FFB=D<AFFEGDGFEFG-E@GGF+*EF@GG
Spot: E100029958L1C001R00300182388
reads 1:
num:1(B)
CCAGAGCTGGACACAGTACTTCAGGTGTGGCCACACCAGGTCTGAGTAGAGGGGGAGGATCGATCTAATTGATTCAGATTGCTCATTCCTCATTAGTTTAGCTCTGCTCTGCTTTCACCATCATCTGGATTTGTAATTTATATCAGCTGA
+
FGGFGGGFFGGGGGGGGGHGGGGFGGIGGGGGGGGGGGGGGGGIFGGGGGGGGGGGGGGGGHGGGGGGGGGFGGGGFGGGGGGGGGGGGGGGGGGGGGGGGGGHGGGGGGGGGGGGGGGGGGGGGGGGGGGGGFGGFGGEGGGGGGGFGE
Spot: E100029958L1C001R00300200062
reads 1:
num:2(B)
TACCTTTTTGTTTTTATTTTTTTTAAAGGAACCATCTGTGCTACTTCCTAGCTCCAGCTGCATGATGGCAGAGAATCCATTTTATCCCTCCCTGCCTCAGTTTCTTCCTTTTCACCTACTTGTCTGTTTTGTCTAATTTGATCGATCATT
+
GGFFGGGGGGFFGGGGGGGGGGGGGGFFFFFGGGFGGGEFEGFFGGGGGGEGFGGGGFGGGFFGFEGGGGFFGEFGGGGFGGGFGGGGGFGGGFGGGGG?9GGGGGGGGGGFGCGGGFGFGFFFGGFGGGGEEF0GFGG@2GFCBFG8FG
Spot: E100029958L1C001R00300198957
reads 1:
num:1(B)
GTGTTAATATAGGTGAAGAACTGAATGATCGATCCTGAGCTAGCTGTGAGAGCAGCTGGGGGGGGTAAAAAGCTTGTTTTTACTGACTCGAGTGTCCAGGCACCTCATCTGAGACATAACACAGAGGCTCATGTTGCGAACACAAACACG
+
GGGGGGGGGGGGGBGGGGGGGGGGGGGGGGGGGGGGGGGGGGGFGGCGGGGGFGGGGGFGGGGGGGGGGGGGGGGGFGGGGGFGGFGGGGFGGGGGGGGGGGGDGGGCGGGFGGFGCGGGGGGGGGG>GGG;GFGGAG?CGGGGGGGGGF
Spot: E100029958L1C001R00300209606
reads 1:
num:2(B)
GAAACATAAAGTAGAGATGTTGAGCTGATGCAGCAAAACAGTCACACAACAGTAAGTAAATTTAGCACTTCACTGCCTCTTTCTTTCCATGTGTGTACACACCTATGATCGATCATTCGTATTATTTATGACTTCTAGGCTCCTACAGCC
+
FBFFBCGFFFFEFBFFFC?F=FB@CFECFEEG91GE@FCBEF<FFFFGFFDFCAADDGGFFF3FEAF0FFFEFFFFEFFFED@FFFGGFCF;EFFF@G@AGFFGFEFFDF8FFGE4ECDCEF@G=GFFFF:EFGF>6FGFFFFGCFF);F
Spot: E100029958L1C001R00300204823
reads 1:
num:1(B)
AGCTCAGCAATATCTTTGAAGCTCTGTCTCAGGGACTAGAAGAGCTTATTGGATGCCCATGAAGAAAAAAATAAAAAAAAGTTGATGGGGGTTGGTGTGAAATACAAGCAGCTCAAGGAGAAAGTGCTTAAACTGCTTCCCTGTTCTTTA
+
FEFEFFEFFEFFFEFFFFEFEFFBFFFFFDFFFCFFGEFFDEEFFFFGBGFAFFFEFFFEEFE=EFFFFFFFGGFFFGFF3FFFFC6BCFE@EGEFD0FEFC@FFFFFDFDFFFFE83EFGFC@EDEE;FEEEFF?FGG:BED5GFGFF<
Spot: E100029958L1C001R00300227179
reads 1:
num:2(B)
CTGTTTGAGAATGTCTGTGTATTAAAGTCTCTGACTTTATTTTTGGCAAAGCAGACTCTCTGAATCAACTCAGGATGAATAGTTTTTCCCCTGTAGCCTCTAGTGATATGTAAATAGGTGGAATCACCTCATACGTTTGAAAAATAATTT
+
GGGFFFFFFFFFFFGGGEGFGGFGFFFFGFGFGFGFGFGFGGFEG=FGFFGGFFFFGGGGGFFFFGFFFGGGEFFFGGFFGFGGGGGGGGGFFFFFGGGFGDFFGGEGFFAGGFFGEGFGGF@FFFGGGFGFGFFGGGGFGFGFFGG@BG
Spot: E100029958L1C001R00300217486
reads 1:
num:1(B)
ATCTTTACCCTTGGGTTTATTTGATTTTTAGGTTTAAAAAATTTAATTTTCCCTTTAGGGGCTTGATCGATCTTGTCCCATGTGCAGTTCCTAGAACCAATTGATTTTTCTGCCACCTGTCTTCATTAAAATTTTGGCCCACAGAGCTGA
+
FFFGFG@FFGGGGECEGFFGGG>@FFGGG9D?>FGFFGFFFFFFFGEGGFFBAGEDEGF=DFDGG<@DF9GFGGGFFGGBFG>DFBF@EFGEFGGFFFGGEGF5FGGGGFGG>G5GGFG@FGGGGFGEGBGEGGGEBFGGFGFCGGGGGC
Spot: E100029958L1C001R00300250944
reads 1:
num:2(B)
CCACCACCATCACCACCACGGGGAGCCCCTCTCCTTTTTGCCCGTTTTCCCCGTTTTTCACCTGGGAAACTGAGGCACGGCCAGAAGCGGGACCGAGGAGTCGGGATCGATCTAATCTCTAGCTGATGATTAGTCATTACAACTGTTAAA
+
FFGFFGFGGFFGFFGGFGFFFFFFFGFGFFFGFFGGGFGGFGGEFFGGGGGGGGGGGFGGFFGGFFFFFFGGDFEFFGGFFFFGFFGGFFFFGGGFFBFGFGGFGFCFGFEGFGFFGGGGGFFFGFFGGEFFFEGFEGGGFEGFFFBGFF
Spot: E100029958L1C001R00300233503
reads 1:
num:1(B)
ATTCCAAATATATCCTTATGCTTTTTTTTTGTGGCCTAGATCGATCCAACCACAAACTAAGTACCCATAAATAAGCAGTCAGACAAGCACACATCCGTGGCAGTCACACAAATAAACTTAAAGAGAAGCTCTGTGCATAAGTAAAGACTC
+
GGGGGFGFGFGGEGGHFGGGGFGGFGGFGGFEFFGGGDGGFGDGGFFCCGGFDFGFGGFFBGGFFEAGDFFHGGFGFGGEAGGGBGGGFFFGEFGFBEFFFFGGEFFGGFFGGFEGG<GEFGGDG>GFFGFFEFAFGFFGD3FGGFGFEF
Spot: E100029958L1C001R00300272276
reads 1:
num:2(B)
TGTCTCAAACTTTTTTTTGAGCTAAGATATATACATTCCTCAGAATATCCAGACAGAGTAGATTTGGTTCCAGTATAATCTCCAGGCAGTAACAGTCCTGTAGAAGTATGTATGCATATTTTAACAGCAAAACAAAGGCAAGAAAGACAA
+
GGFGGGGGFGGGGFFGGFGFEGFGFFEGGGEGGGGGFGGGFFGFEFGFGGGFFGGGFGFGFFFGGGEFGGGFGFCFGGGGGGGFGFGGGFGGGGFEAGFEGEGEGE?GFG@GFGFEFFFGGGDBGE4EGGFGGGGGFC?FFBFGFC?DGE
Spot: E100029958L1C001R00300256062
reads 1:
num:1(B)
ACAAGGGAAACATGAATTCCTGAGGGAGAAACTACTAGAAATCTCTGTAGCAAGCTCGAACACGCAGTGCTCTGCGTGCTAAAAAAAATGTAATTAGGGTTTTATAAGATCATGCAGTGGTCTCTTTAAGAAGCGGGGGGGGGGGGAAGG
+
FFGGGDDGGFDGGGGGGFGFFGGG=GGG<G+GFG>GFGGGG;GGEGF.GBGABBFGAGGEGGE<GGGFGFGGGEFC@EFGGGGGDG>GFE5FG@BEF-GGGGF8GFG/91?GDFGEBEFGG>DDCGGDG.GD=)*GFFGFFGG@,?AEG;
Spot: E100029958L1C001R00300293980
reads 2:
num:1(B)
AAGTACATTTTGCCTGGGGAATCACATTCTACTTCCCTGTTAAAAGGCAAAAGCTCAGTTTTTACCGTTCTTTCCATGCCAGTATGAAATAATATGTTTTCCTTTGCTTTTTTATTTATTTTATTGGCCATCATTTTATTGAAGCTGAGA
+
GGGFGGGGGGGGGGFGFFFGFFGGGGGGGGGGGGGGFGGFGGGGGGGGGGFFFGGGGFGGGGFGGGGGFGGGGGGFGGGGGGFGGGGGGGGGGGGGFGGGGGFGGGGGGGGGGGGGGGGGGGGGFGFGFGGGGFGGGGGGFGGFFGFGFF
num:2(B)
AAACCATGTGTTCATGACCATATTTGTTGCATTACAAATATCCTGTAGAGGAAGAACTTCCTGAGAAGAACAATGTGTATTTTTGATGCAAAGTAGGTAAATCATCAGACTGAAATCTCTTTACTTTTGATGCTACAAGGTTTCAATTTG
+
FFFFFGFFEGFFFFFFEFFGFGFFFFFFFFFFFGFFFFFFFFFFFEGFFFEEFFEFFFFGGFGFFFFFEFFFFDFFGCGFFGFFFEFGDFFEFE@FE@FFFFFGEFFEFFFFFFEFFFFFFFGFFGFFFEFDFFFFFFFFCFGFGFDFGG
Spot: E100029958L1C001R00300274759
reads 1:
num:1(B)
AAAGAATGCACCAGATGTTTCAACTTCTCCTCACGGTATCTGTATGTTTTGAAGAAACCTCTCTGGCAAAAGCAAGGTCAGTTTGCTATCAGATGCTATCTAAGAAAACAGCAACAAATAATGTCTGTCACGGATAGGATCGATCAATAA
+
EDE:CC??1D,;C3DB/=BB?DDD?D@CB;CBED?B>EC<DB=EC56DDC9@D>C>C?BD<=CB89?CD<E/DE=<(?AD(DAE3CA4+B?B;33<@@?BD@EA@B@ABEC8EC=DEECFD8B5BEDAD@787A*DE,;=/>@;1E;EE2
Spot: E100029958L1C001R00300317513
reads 1:
num:2(B)
ATGAATGTTTAGGTCTAAGAAATCTCTTTAAGATTTCTCTCAGCAGGACTTTTCTTTTCTTAGATCGATCTATGATAAGTTTTATAGCAGTGTGTGTTAACTCTCTGTTTCAACACCCAGCATCAGTAGTTCAGCTAAACTCTGTATAGT
+
GGGGGFGFGGGFFFGGGFGFGGGGGGGGGGFFGGGGGGGGFFGGFGGFFGGGFGGGGFGGGFGFFGGFGGGGFGGGGGGFGGGGFGGFGFGFFGFGFGGGGGFGFGGGGGGGFFGGGGGGGGGGGFGGGFFGGGGGGGGGGGGFEGGFFG
Spot: E100029958L1C001R00300314097
reads 1:
num:1(B)
ATTCTCATATTTCCACTAAATAAAGGAAACCATTACCCAGCAACAACAGCAAAACTTGAACACTGAGCACTTCCACCTAAATAGCAGCAGTTTCACACAACTGCAAGCAATACAAGTATGGCCTGGTACAGAAAAAAGCCTTATAATAGC
+
GGGGGGGGGGHGGGGGGGGGGGGGGFGGGGGGGGGGGGGGGGGGGGGGGGGGGGGGGGGGGGGGGGGGGGGGGGGGGGGGGGGGGGGGGGGGGGGGGGGGGGGGGGGGGGFFGGGGFGGGEGGGGGFGGGGGGGGGGGGGGDFGFGFGGG
Spot: E100029958L1C001R00300329466
reads 1:
num:2(B)
AAATCATGTGTTTTCATACTTGTTCCATGATGATACTTTCATCATTGTAAACCTGTCACAAGACCAAAAGAGGTTTCCCTGTGACAGGGCCCTACAAATAGGGATTCAAGTTGTTGCAACCCTGTGCAACAGGCTTTAGGACCTTAGGAT
+
GGGEGGGGGGFGGGGGGGGGGGFGGGGGGGFFGGGGGGGGGGGFGGGGGGGGGGGFGGGGGFGGGGGGGGGFFEGGGGGGGFFGGG;FGGGGGGGGGFDGGGAEGGGEGCGFFFGFGG;GGGGG>EGGGGGGGC?GGFGGCGCGGGCGEF
Spot: E100029958L1C001R00300328235
reads 1:
num:1(B)
ATCCCTCGTTCTCAGGTACTGAGTAAGGCACACTGGTATTCAGGCTCGCTGCATCTGCAGAAAACACTTCTTGACGGTGCACGCTCTCCTGCAGGTGCATTAATAAATCTAGCAAGTAAATGGAGGGAAATAAGACTGATAGTTAGCGTT
+
GFACFFFEEFFFEFEFEGFFEFEEFEFBEF9>AFFFEFEFFFEEFFAAFEFFFFFFFEFEEFFFFFFFFFGE@EEDEEFFDFFFFFFFFFFFBAGFFFECFFFFFEDFFFF1FFFFEGFE@GEFEF1FECEFFFAFCFDDFE4FFFEBCA
Spot: E100029958L1C001R00300344636
reads 1:
num:2(B)
GGCCATACCAGTAGAATAAAAGCTGGCTGGTACAAGTCCCTGGACAGTTAACCTCAAAGCTGAAGGAAACAAAAATAAAAACTGCTTCATCCTCTTGGGCTAGACAGCTGCTTGGTCAGCATATCTGGAGGTGGTTTCTTGGCTGAGTAG
+
GFGGGGGGGGGGGGGGGGGGGGGGGFGGGGGGGGGGFGGGGGGGGGGGGGGGGGGGGGGGGGGGGGFGGGGGGGGFGGGGGGGGGGGGGGGGGGGGGGGGGGGFGGGGGGGGGGGGGGGGGFGFGGGFEGGDGGBGGEGGGGFGGCGBDG
Spot: E100029958L1C001R00300339160
reads 1:
num:1(B)
ATGATTGACTGTATAATCTTTAGTGGAGAAAAATATTCCATGCACAGCCTATTTCAGTATCATTGTAATAAAAATGGAGGCATAGTTGAGTGCTTCAAAAAGTGGGAATCACAGGTGTGCTGTGAATAGAATTAAGATCGATCCAATACA
+
GFGGFFFFFGFFGFGGFFGGGGFFEFFEFFGFFGGGGGFGFGFFFFFFGFGGGFFGFFFG@GGGFFGGFGFFGFFFFFFFEGFGFFGGFFFGEGGBGGGGGFBFFEFFCFGFGDCCGEFFFGBFFFGGFGGFFGFFFFDEFCG?GGEGGG
Spot: E100029958L1C001R00300362494
reads 1:
num:2(B)
AAATATGTAAAAAGCCCTGCTAATCACTGACCATTGTTAAAGATTCACATAACTTAAATACTTCCCCAGAATTTTAACCTTGACTATTCAATTAAAAAAAAAAAAAGCATCAGAACACAGAAAATGATCGATCCTCAAATATCCAGTTTT
+
GFGGEGGGGGGGGGGGGGGGGGGGGGGGFEGFGGGGGGGGFGGGGGGGGGGGGGGGGGGGGGGGGGGGGGGFGHGGGGGGHGGGGGGGGFGGGGGGHGGGGFGGGGGEGFGEEGGGFCG*G,GGFGGBGCG5=FG<GGGGGGG@A+;GFG
Spot: E100029958L1C001R00300350813
reads 1:
num:1(B)
CTTGTTTCATTGCACCTACCCAGAACTGAAATAGAAACAGCTAGAGGCAAAGAGGAAAAGCTAAAGTTCAAAATTCAGAGATTAGCAATGTGTAGCCTGCAGCTCAGCTCATAGGCAGCTGTGCTCTGAAGCTTGGCCAAAGAACGTAGC
+
GGGGFGGGGGGGGGGGGGGGGGGGGGGGGGGGGGGGGGGGFGGGGFFGGGGGGGGGGGGGFGGGGGFGEGGFGFGGGGGGDGGGGGGGGGFGFDGFGGGEEGGGGGFGGGGFGFGGFGFGGFGGGGGG@FGFFGGGFGGGGGFGGF:GGG
Spot: E100029958L1C001R00300380658
reads 1:
num:2(B)
TGACTTAGATTACTCTCCTAGATACTGTCACCAGATCGATCGCTAGCCTGAGGATATCAGAGTACCAGAAAAGTGACCTGTAGCATTCAGTGCAAAGGTAGGGAACAAATCTGTTTCTTACTCTCACACTTTTACGGATTCAGAACAACT
+
CEBF@FGFFFGGFGBGFFFGFEFGEFFC<FDDGFAFFEFFFFAFGDC@GFBFFF?GGFFCFGEGFFGFGFGDF;GFEFFG>FFFCC9DGDFEEGF<>G<FDFGCGEFCCDFFGE@FEGFFCCEFEDFD1GFFEG(EG=@GGAF86DEF0E
Spot: E100029958L1C001R00300371209
reads 1:
num:1(B)
TACAAGCTCAGAAAAATGAAGGAGATCGATCTATGTATTATTTAAATAATTCTGTTGTAGCTGTATAGAGCCTGATATCTCAGTAGAAATATGGATTGGAAAAAAAAAAACAATCACCTTTTCTGCTGTAGATATAGTTATTTTCCTTAA
+
GGGGGGGGDGGGGGGGGGGGGGGGFFGGGGGGFGFGGGFFGGGGGGGFGGGGGGGGGFGGBGGDFDEGFGGGGGEGGGGGGGGGEGGGGGGGGGGCGGGGGFGGGGGGGGGGGCCFGGFFGGFGDCGGGFGBEFGF8GG@FFGGEFGGDF
Spot: E100029958L1C001R00300395099
reads 1:
num:2(B)
ATACATCATCCAGCACTCTCAAACCAGCTACATAAAATGGCATATGAATCACTGCTGATCGATCAAGTCAGCCTGCTTTCACCAGTACCAGCAGTGTATATAAGAGAAATATAGTTGGTATGCAGATACATCCCTTTGCCTTACGAAAAT
+
GGGGGGGGGGGGGGGGGGGGGGGGGGGGGGGGGHGGGGGGGGGGGGGGGGGGGGGGGGGGGGFGGGGGGGGGGGGGGGGGGGGGGGGGGGGGGGFGGGGFGGGGGGGGGFGFGGFGGGGGGGGGGCAGFGGGGGGGGGGFGG@GFGGGGF
Spot: E100029958L1C001R00300385180
reads 1:
num:1(B)
AAAATTTCAGCTACACGTACAAGAAAACAAAGGAGGGAAAGAGGAACTCTAGACCTAATGTATATGTTTCTTTGCTCTGTTACAAATTGCGCAACATACTGTAGAAAACTCCCTTACCTTGGTATGAGCACTGGCTGTAGAAAAACACAC
+
GFGGGFGGFFFGGFGFGEGFGGFFFFFGGGFFFFFEFGGFFFFFFFCFGFGFFFGGGGFGFGFGGGEGGFGGGFEFFGGEFGFGFGFFFFFGGGFFFGGGF=GCEFEFEGGFFFGGGFGGFFEGFGF?GGBFGF:FGEFEFGFFFFGEGE
Spot: E100029958L1C001R00300410049
reads 1:
num:2(B)
CAGAGACTATATTCTAATACATCTCACTGTCAGAAGCTGACTTAATATCTGAAATAAATGTACTACTTGATATCATTTAATTACATTTGCTGTGTTCTTGTCCAGTTTCTTTTTCCTTGAAAATTTGCTTGATATATGAAGCGCTATAAA
+
FFGFFEFFGFGFFFFFFFFFFFFGFGFFGEFGFFFFFFFFFFGGFFGFFFFGFFFGGFFFFFFFGFFGGFFFEGFFFFGFFFGFFFFGGFFGEGFFFGGGFFGGFFGGGGGGGFGGGGFFGFFFFGGFGFGFFGEFEGFFFFGBFDEGFG
Spot: E100029958L1C001R00300400614
reads 1:
num:1(B)
AGATATGGATTTGATGGGTTCACCATTCAGCATGAGAAATTGGCTTGAAGGCTGCACCCAGAGAGTGGTGGTCAATGCCTCTGTGTCCAAGTGGTGTCCTTCAAGGGTCTGTCTTGCGATCAGTACTGTTTAATATCTTTATCAATGACA
+
F?DFFFD=EEDF4E?E=B?,)DEEFDECBE@BF?96ECDEF@3CBEB;D2B@D:EED?CE7EB<6A?CBEBDEFEED5BFDEE623:EEE1DE=B>E7FDFFFBEB98DFEDFFE?+>@CDEA4FE9@9C>@EEBEBFCEBEFFEBF;DA
Spot: E100029958L1C001R00300431980
reads 1:
num:2(B)
CAAACTGTACAAGATGTTTTCTGTAGTATGTGTAACATTATATTGGTTTGGATGAGTCTGATCGATCCTCCCAAGTGTATTCACAGATTTGGTTCCATTCTTTAAAAGGTACTTAGTTCTGAGCAGTTAGTTTCTTGTAGAAATTATCTG
+
GGDFFFB-GDFFFFFF:G?FFFFFGF8GGEEFEFFFCFEFFGFAFDF8GGFEFBFECFFEFFEE4FDFGFAGAFBE;EGGBFGFGGFBFGG6FFFFFFGDGFGG;F><D<GGFFGGEFFGG;GFGF@DFFDFFFGGG<GG<@BFFF>=FF
Spot: E100029958L1C001R00300414526
reads 1:
num:1(B)
GAATAGAGAAAGATGCCTTAGGTATAATATTATGAGGATGGAAATCCCATCAATAATTAAAGTAGTGGATTTACATGAGAAACTATTCACATACTTTATAAAAAAACTCATAAGCCCCAACACAATTTCTCTAGTAGCGGAAGAATGCAG
+
CEECE:67BEEB>A=6BEEEA;BFDEEEEDFFE@>B=E9CB@EA>;DAAAEFE?FF?EFEE;>ED@E>A,<EECFFEEE)AEE9DBFDFEE@EFCEFE(FDFFFEB>EFEDE=B@EE1BA(6?EEE6FBEFF@D1D;E8=-B61E;DE)-
Spot: E100029958L1C001R00300453565
reads 2:
num:1(B)
GATCAGCTTTGTAGTTTGGCTGGGAGAGATGGCAAGGTACAAGTCATCCGTGGAATAATTTCACACTGCTGGAATAAACCTTAAGCAGTTTTTTTCTCATCTCAGTTTAAAAGGCTGACTTTGTTAGGATCGATCTGTGTCTAAGACATG
+
GGGGGGGGGGGFGGGGGGFGGGFFGGGGFFGFGGFGFGGGGGGFGGGGGGFGFGGGGGGGGGGGGGGGGFGFGGGGGGGGGGGGGGGGGGGGGGGGGGGFFGGGGFGGGGGGFFGGGEFGGGGFGFGDGGGGFGGGG@GGFGGGGGGGGG
num:2(B)
TTTCCCTTTGTTTCCTTTCCATCCCATAATTTAAGTGTATAGGTGGAGGTTCTACTCCCCCAGAATCTTATTTTTTTCCTATTGCTTTGAAAATCACATACATTTCACATTTTAGATGGTTTTGTGGCAGTTTTCTTTAATTTGGACATT
+
FGGGGFGGFGFGFFGFGFGGFGFGFGGGGFGGGGGFGFFFGGGDFFFGGFGGGGGGGGGGGGGFFGFFGGGGGGGGGFFGGGGGGGGGGFFGFGGGFGGCGGFFGGGGFGGGGFFEGGGFEGFG;GFFGGADGG?GGG=FGGBEC=GGGG
Spot: E100029958L1C001R00300432045
reads 1:
num:1(B)
AATGTTACACTTTCATACCACTATCAGTTCTAAATACTTCCAATGAAAAGTTACACAGAAAAGTTATAAACATTATGTGGCGTGCTTTTTAACCCAAGGAACAAAGATCGATCAAAGACAGTAAGTGTCTTAAAGCTTTGGAGCTTTCAA
+
FGEFDFFFFFFFEFFFFBFFFFFFFFEEFFFFFFFFFFFFFFFDFFFDFECFFFFDFEFFFFFFEFDGFAEFCFFDFDFFFEEFFFFDFEFFFAFGEFDFFFFFEFFDFFFEFGFFDE=FE:GFFAEFFFFFFEDEFFFFB>8.FFFDFF
Spot: E100029958L1C001R00300469180
reads 1:
num:2(B)
ACAAGGAGTTGCCAGAAGACAGAAAGCAGTATGTGTTGTTTACTGACGGATCGATCACAGCTTACACGCGTGCAAAGTGAAAGTTCCCTGGAGGCTGTGGAGAAATGTGCATACTCCTTGCAGCTTTTCCAAAGCTCCCCAGAGCTTGTG
+
GFGGGGGGFGGGGGGGGGGFGGFGGFFGGFGGGFGGGGFFGGGGGFFGFGFGGFFGGGFGGGFGGGGGGGFGFGGGGFGGGGGGGFGGGGGDGGFGG@GFGGGGGFGFGFFGGGGGGGGGEFDGGGGGGGGGFGFFDGGGGDGGGGGGGG
Spot: E100029958L1C001R00300467879
reads 1:
num:1(B)
CACGACAGAGGAAATACCAACTGAAGGCTTCTGGCAACAAGGGACAACAAAGTTAATGGTTAGAAGCCACTCACTTGGCCTTCCAGAGGTATCACCCCTTGAGAGCTGTGTCACGTGTCAGTGCTTGCAGACCTGGAGGCAATAAGGTAT
+
GFFGGGFGEGGGGEFFGGGFFGF3FGFFIFGFFEEFFG>EG<GEGFAEGGGD=GEGEF8GF<FGCGFFFFFGGGF>GFDFGFGDDG?GAGGGGEDFF?DHEGEEG?DFGGF@FGFDFDB@FFFDFFGG<GD9BI>/2G@:FFDFGGGEFG
Spot: E100029958L1C001R00300480570
reads 1:
num:2(B)
GATCTCTCCCGAGCTCCGAAGTGGAATGCGGGGAAGAATGTGGGGGGAAGGTCTCTGCTCTCTGCAGAGGAAATCATATCCCAGTTTAACTTTTCTTGCAAACCACTGTCTTTGTAACTGGCTCTTTTGTCTATTTCTGATGTGATTTCC
+
EDFBECFEFFE=EEDDFBEE<@EDAEE>CAC<DE?=DEEEC:?FDADBD(E8;DEE>BEEFEF@@E@CD6EE67EDAC=>DEFE8AE@AAFFCE<E=45>8FE?EFDF=EE@ED?8FFF+0>=EFFEA7*EF.:DD0E/:06B3CBFFCE
Spot: E100029958L1C001R00300478143
reads 1:
num:1(B)
GATCATCTCATCTGGCTTTCTAAAATAGTGCAAGGCACTGAGTCACTTCTTGCCACTAATAATTGAGTCATTTTGCCAGGATCGATCTCCTCAAATCTCCTCCACAACATGCAGTACCATAAAGGTGTGAGTCCTTTTTTATCCTCTTTA
+
GGGGGGGGGGGGGGGGGGGGGGGGGGGGFGGGGGGGGGGGFGFGGGGGGGGGGGGGGGGGGGGGGFGFGFGGGGGGGGGGFGGGFFGGGGFGGFGFGGGGGGGGGFGGGGGDGGEGGGGEGGGGGFGFFGEFGGFGGGGFFGGGGGGGGG
Spot: E100029958L1C001R00300499680
reads 1:
num:2(B)
AAAATGGCTGTGTCCCTCTTGGAGGGATGCCAGTGACTAATAGATGCAGAAAGCTATGCTCCTGTTGTTGGACCTTGTATTTGTCTAGTCCTTCAGAGATCGATCAGTTTCCTACTGCTGCAAGGGCAGATGTTTCTGGGGCCTCATTCC
+
GGGGGGFGGGFGGGGGGGGGGGFGGGFGGGGGGGGFGGGGGGFGFGGGGFFGGGGGGGGGGGGGGGGGFGFEFGGGGFGGGGGFGGGGGFGGGGGEGFGFGFFFGGGFGGGGGGGGGGGGGGGGGEEGGGGFGGGGGGF7GFFGGGDGGG
Spot: E100029958L1C001R00300494201
reads 1:
num:1(B)
ATGTTTAATTGTTTTCCTCCATTTCAGCAACAATACATAGTCACATTTTGACTTGTGAAATGAAGTCACAGTCATCAGCTGGTACTCTCGTGCTTTCTCTTGATACTGCCAGCTGTATGCGGCCTGACCATAGACATTTAACCTCTTCAT
+
GFGFFGGGFFFFGFFFFFFFGFFFGFFFFDFGFFGFFG>EFFGFGGFFFFFFGGGEGFEFFFEFGEFFFF5FFGEGFEBFFFFGDFFFFFDFFEBF<GFDFFFFDFAF@FAA:FG:DFF?EF=FFF3FFFFEFEFCFFEF@FFDFFEFFF
Spot: E100029958L1C001R00300520331
reads 1:
num:2(B)
GATCAGATGTCCTGGAGGTGACAGCATAAAGAATGTAGACCTTCTGGGTAAGATCGATCATAACAGTAGTTAGATAGTACTTGTATTTCACATGGGTCTATCATTTTGAATTCTCTTCATAGGGTGAGTAAATCAGAGTAACTAACCTTT
+
EBEEEACCFBCEFEDBAA>CDECDFCC@DDEEBEFB;FCCFFEBE@BE;ECECBED?EEEE@EEFDBEC8EFBDEE9C>CFE=5E@A@EDED:F?96EEECEFAF?;BDEFBAFFEEFF?5FDBCEEDEEDE<FE;DEAF:6BEB,E8D1
Spot: E100029958L1C001R00300504206
reads 1:
num:1(B)
TTCAAAACAGTGCTGCTGTGCATTCAGAAGATACTATGGGACAAAAGCTCAGCCAGGTGTTTCAGATCGATCTGAAGAAATAGGACTTTTGTGAGTAAGCTGGTAACGTCTGTCCAATTACACACACCACAATAAAACAGTACTTCCATT
+
GGGGGGGGGGGGGGGFGGGGGGGGHGGGGGGGIGIFGHGGGGGGGGGGGGGGGFGGGGHGGGGGGGGGGGGGHGGGGGGGGFGGGGGGGGGGGAGGGFGGGGGFGGGGGGGFFGFGGGGGGGGGGGGGGGGGGGGGGGGGEFGGGEGGGG
Spot: E100029958L1C001R00300533287
reads 1:
num:2(B)
CTTCTGCTGCGCGCAGTGCAAAAAGTCCCTCCTGGGCCGGCCCTTCCTGCCCAAGCAGGGGCAGATCGATCAGATTTTAAATGTATTGCAGAGGTTCACTTCTGCTATTCTAGCATGATTTACCATGATTCAATGATAGTTTGATAGTAG
+
GIHGHFGGHGIIGIGGGHGFGGGHIGFHIGHGGGFGHIHGGGFHGGHGBHIIGGGGGGGGFIGFGGGGGGGFGFGIGHDGIHHGGGFBGFGGGGGGFGHIHGFFGGHIIFFBDGGFGFHGFCGFEGFFGGHEIFGFG8GGGDH@HCGF=G
Spot: E100029958L1C001R00300543335
reads 1:
num:2(B)
TGTGTCTGGTGGTGTATGAGCCATAAAAAGTCATAGCTGTTGTTTGAACTGAGTGGTGTGATATATTTTGCTCTCTACTTCCCTTCAGGGCATCAACCTCTCTGGGGGCCAGAGCCAGCGAGTGAGCCTTGCACGGCTATGGTTCAGTAA
+
E6DE>BB92);;4ECAB<;B>DE;?=;AB=D0=<F=0D?-DA<EDB;C>FE8BB5F*94B=1BA?CA=D9>E4C8C?1=E1>EED8786F=CEB>6@D?;<E*852;DA8@FC6(6<B994*;B9CADCC+0(6/)*.C)0@5<=?;=E5
Spot: E100029958L1C001R00300559163
reads 1:
num:2(B)
GGATTTTTTGAAACAGCAAAAATCCCATGGCTTGCTGTAGCTGAGCAAACCAAGCTACCAGGGCAACTATGAGAAGTTCCCACATCACCCAATTGAGGAATTCAGAAAAATACTGTTACCAGTAGCTGGCTTCAAGGACAAGGTCTACGT
+
GGGGGGGGGEGFGFGGGGFGGGGGGGGFGGGGFGGECGGGGGGBGGFFGGGGGDGFBGGGGGDGGGGGGBGGFGGGGGGGGGGGEFGGGGFBGGGGGGGEFGGGFGGGFGCGFGG:GFGGGGAGFGEGGF@GGGGGGGBGGFG8GB==GG
