warn: libs/vdb/phys-cmn.c:733:VPhysicalProdColumnIdRange: data inconsistent while reading file within application support module - Spot 'A1', which was first seen without mate info, now has mate info
