warn: Spot 'A1' was marked aligned, but reference id = -1 is invalid
