warn: libs/vdb/phys-cmn.c:733:VPhysicalProdColumnIdRange: constraint violated while reading file within application support module - Secondary alignment for 'A1' has different length (25) than previously recorded primary alignment; discarding secondary alignment.
