SCHEMA:
 DBS:
  NCBI:align:db:alignment_sorted#2
 TABLES:
  INSDC:tbl:sequence#1.0.1
  INSDC:SRA:tbl:spotcoord#1
  INSDC:SRA:tbl:spotname#1.1
   INSDC:SRA:tbl:spotcoord#1
  INSDC:SRA:tbl:spotdesc#1.0.2
   INSDC:tbl:sequence#1.0.1
  INSDC:SRA:tbl:stats#1.1
  INSDC:SRA:tbl:sra#1.0.4
   INSDC:tbl:sequence#1.0.1
   INSDC:SRA:tbl:spotname#1.1
    INSDC:SRA:tbl:spotcoord#1
   INSDC:SRA:tbl:spotdesc#1.0.2
    INSDC:tbl:sequence#1.0.1
   INSDC:SRA:tbl:stats#1.1
  NCBI:tbl:seqloc#1
  NCBI:tbl:dcmp_base_space#1
  NCBI:tbl:base_space_common#1.0.3
   INSDC:tbl:sequence#1.0.1
   INSDC:SRA:tbl:spotdesc#1.0.2
    INSDC:tbl:sequence#1.0.1
   INSDC:SRA:tbl:stats#1.1
   NCBI:tbl:dcmp_base_space#1
  NCBI:tbl:base_space#3
   NCBI:tbl:base_space_common#1.0.3
    INSDC:tbl:sequence#1.0.1
    INSDC:SRA:tbl:spotdesc#1.0.2
     INSDC:tbl:sequence#1.0.1
    INSDC:SRA:tbl:stats#1.1
    NCBI:tbl:dcmp_base_space#1
   NCBI:tbl:dcmp_base_space#1
  NCBI:tbl:phred_quality#2.0.6
   INSDC:tbl:sequence#1.0.1
  NCBI:SRA:tbl:stats#1.2.1
   INSDC:SRA:tbl:stats#1.1
   INSDC:SRA:tbl:sra#1.0.4
    INSDC:tbl:sequence#1.0.1
    INSDC:SRA:tbl:spotname#1.1
     INSDC:SRA:tbl:spotcoord#1
    INSDC:SRA:tbl:spotdesc#1.0.2
     INSDC:tbl:sequence#1.0.1
    INSDC:SRA:tbl:stats#1.1
  NCBI:SRA:tbl:spotdesc_nocol#1.1
   INSDC:tbl:sequence#1.0.1
   INSDC:SRA:tbl:spotdesc#1.0.2
    INSDC:tbl:sequence#1.0.1
  NCBI:SRA:tbl:spotdesc_nophys#1.1
   NCBI:SRA:tbl:spotdesc_nocol#1.1
    INSDC:tbl:sequence#1.0.1
    INSDC:SRA:tbl:spotdesc#1.0.2
     INSDC:tbl:sequence#1.0.1
  NCBI:SRA:tbl:spotdesc#1.1
   NCBI:SRA:tbl:spotdesc_nophys#1.1
    NCBI:SRA:tbl:spotdesc_nocol#1.1
     INSDC:tbl:sequence#1.0.1
     INSDC:SRA:tbl:spotdesc#1.0.2
      INSDC:tbl:sequence#1.0.1
  NCBI:align:tbl:cmp_base_space#1
   INSDC:tbl:sequence#1.0.1
   NCBI:tbl:dcmp_base_space#1
  NCBI:align:tbl:qstat#1
  NCBI:align:tbl:ref_block_cmn#1
  NCBI:align:tbl:global_ref_block#1
   NCBI:align:tbl:ref_block_cmn#1
  NCBI:align:tbl:align_cmn#2.1.1
   NCBI:tbl:base_space_common#1.0.3
    INSDC:tbl:sequence#1.0.1
    INSDC:SRA:tbl:spotdesc#1.0.2
     INSDC:tbl:sequence#1.0.1
    INSDC:SRA:tbl:stats#1.1
    NCBI:tbl:dcmp_base_space#1
   NCBI:SRA:tbl:stats#1.2.1
    INSDC:SRA:tbl:stats#1.1
    INSDC:SRA:tbl:sra#1.0.4
     INSDC:tbl:sequence#1.0.1
     INSDC:SRA:tbl:spotname#1.1
      INSDC:SRA:tbl:spotcoord#1
     INSDC:SRA:tbl:spotdesc#1.0.2
      INSDC:tbl:sequence#1.0.1
     INSDC:SRA:tbl:stats#1.1
   NCBI:align:tbl:ref_block_cmn#1
  NCBI:align:tbl:align_full#1.1.1
   NCBI:align:tbl:align_cmn#2.1.1
    NCBI:tbl:base_space_common#1.0.3
     INSDC:tbl:sequence#1.0.1
     INSDC:SRA:tbl:spotdesc#1.0.2
      INSDC:tbl:sequence#1.0.1
     INSDC:SRA:tbl:stats#1.1
     NCBI:tbl:dcmp_base_space#1
    NCBI:SRA:tbl:stats#1.2.1
     INSDC:SRA:tbl:stats#1.1
     INSDC:SRA:tbl:sra#1.0.4
      INSDC:tbl:sequence#1.0.1
      INSDC:SRA:tbl:spotname#1.1
       INSDC:SRA:tbl:spotcoord#1
      INSDC:SRA:tbl:spotdesc#1.0.2
       INSDC:tbl:sequence#1.0.1
      INSDC:SRA:tbl:stats#1.1
    NCBI:align:tbl:ref_block_cmn#1
  NCBI:align:tbl:compressed_by_reference#1.2.1
   NCBI:align:tbl:align_cmn#2.1.1
    NCBI:tbl:base_space_common#1.0.3
     INSDC:tbl:sequence#1.0.1
     INSDC:SRA:tbl:spotdesc#1.0.2
      INSDC:tbl:sequence#1.0.1
     INSDC:SRA:tbl:stats#1.1
     NCBI:tbl:dcmp_base_space#1
    NCBI:SRA:tbl:stats#1.2.1
     INSDC:SRA:tbl:stats#1.1
     INSDC:SRA:tbl:sra#1.0.4
      INSDC:tbl:sequence#1.0.1
      INSDC:SRA:tbl:spotname#1.1
       INSDC:SRA:tbl:spotcoord#1
      INSDC:SRA:tbl:spotdesc#1.0.2
       INSDC:tbl:sequence#1.0.1
      INSDC:SRA:tbl:stats#1.1
    NCBI:align:tbl:ref_block_cmn#1
  NCBI:align:tbl:align_sorted#1.2.1
   NCBI:align:tbl:compressed_by_reference#1.2.1
    NCBI:align:tbl:align_cmn#2.1.1
     NCBI:tbl:base_space_common#1.0.3
      INSDC:tbl:sequence#1.0.1
      INSDC:SRA:tbl:spotdesc#1.0.2
       INSDC:tbl:sequence#1.0.1
      INSDC:SRA:tbl:stats#1.1
      NCBI:tbl:dcmp_base_space#1
     NCBI:SRA:tbl:stats#1.2.1
      INSDC:SRA:tbl:stats#1.1
      INSDC:SRA:tbl:sra#1.0.4
       INSDC:tbl:sequence#1.0.1
       INSDC:SRA:tbl:spotname#1.1
        INSDC:SRA:tbl:spotcoord#1
       INSDC:SRA:tbl:spotdesc#1.0.2
        INSDC:tbl:sequence#1.0.1
       INSDC:SRA:tbl:stats#1.1
     NCBI:align:tbl:ref_block_cmn#1
   NCBI:align:tbl:global_ref_block#1
    NCBI:align:tbl:ref_block_cmn#1
  NCBI:align:tbl:align_mate_sorted#1.1.1
   NCBI:align:tbl:align_full#1.1.1
    NCBI:align:tbl:align_cmn#2.1.1
     NCBI:tbl:base_space_common#1.0.3
      INSDC:tbl:sequence#1.0.1
      INSDC:SRA:tbl:spotdesc#1.0.2
       INSDC:tbl:sequence#1.0.1
      INSDC:SRA:tbl:stats#1.1
      NCBI:tbl:dcmp_base_space#1
     NCBI:SRA:tbl:stats#1.2.1
      INSDC:SRA:tbl:stats#1.1
      INSDC:SRA:tbl:sra#1.0.4
       INSDC:tbl:sequence#1.0.1
       INSDC:SRA:tbl:spotname#1.1
        INSDC:SRA:tbl:spotcoord#1
       INSDC:SRA:tbl:spotdesc#1.0.2
        INSDC:tbl:sequence#1.0.1
       INSDC:SRA:tbl:stats#1.1
     NCBI:align:tbl:ref_block_cmn#1
   NCBI:align:tbl:global_ref_block#1
    NCBI:align:tbl:ref_block_cmn#1
  NCBI:align:tbl:seq#2
   NCBI:tbl:base_space#3
    NCBI:tbl:base_space_common#1.0.3
     INSDC:tbl:sequence#1.0.1
     INSDC:SRA:tbl:spotdesc#1.0.2
      INSDC:tbl:sequence#1.0.1
     INSDC:SRA:tbl:stats#1.1
     NCBI:tbl:dcmp_base_space#1
    NCBI:tbl:dcmp_base_space#1
   NCBI:tbl:phred_quality#2.0.6
    INSDC:tbl:sequence#1.0.1
   NCBI:align:tbl:cmp_base_space#1
    INSDC:tbl:sequence#1.0.1
    NCBI:tbl:dcmp_base_space#1
   NCBI:SRA:tbl:spotdesc#1.1
    NCBI:SRA:tbl:spotdesc_nophys#1.1
     NCBI:SRA:tbl:spotdesc_nocol#1.1
      INSDC:tbl:sequence#1.0.1
      INSDC:SRA:tbl:spotdesc#1.0.2
       INSDC:tbl:sequence#1.0.1
   NCBI:SRA:tbl:stats#1.2.1
    INSDC:SRA:tbl:stats#1.1
    INSDC:SRA:tbl:sra#1.0.4
     INSDC:tbl:sequence#1.0.1
     INSDC:SRA:tbl:spotname#1.1
      INSDC:SRA:tbl:spotcoord#1
     INSDC:SRA:tbl:spotdesc#1.0.2
      INSDC:tbl:sequence#1.0.1
     INSDC:SRA:tbl:stats#1.1
  NCBI:align:tbl:reference#3
   NCBI:align:tbl:cmp_base_space#1
    INSDC:tbl:sequence#1.0.1
    NCBI:tbl:dcmp_base_space#1
   NCBI:tbl:base_space#3
    NCBI:tbl:base_space_common#1.0.3
     INSDC:tbl:sequence#1.0.1
     INSDC:SRA:tbl:spotdesc#1.0.2
      INSDC:tbl:sequence#1.0.1
     INSDC:SRA:tbl:stats#1.1
     NCBI:tbl:dcmp_base_space#1
    NCBI:tbl:dcmp_base_space#1
   NCBI:tbl:seqloc#1
   NCBI:SRA:tbl:stats#1.2.1
    INSDC:SRA:tbl:stats#1.1
    INSDC:SRA:tbl:sra#1.0.4
     INSDC:tbl:sequence#1.0.1
     INSDC:SRA:tbl:spotname#1.1
      INSDC:SRA:tbl:spotcoord#1
     INSDC:SRA:tbl:spotdesc#1.0.2
      INSDC:tbl:sequence#1.0.1
     INSDC:SRA:tbl:stats#1.1
 VIEWS:

PLATFORM: SRA_PLATFORM_454
PLATFORM: SRA_PLATFORM_ILLUMINA
PLATFORM: SRA_PLATFORM_UNDEFINED
ALIGNED: UNALIGNED
QUALITY: STORED
SPOT: 3 spots: BIOLOGICAL(length=36), BIOLOGICAL(length=36)
