PLATFORM: SRA_PLATFORM_454
PLATFORM: SRA_PLATFORM_ILLUMINA
PLATFORM: SRA_PLATFORM_UNDEFINED
