<SRA_INFO>
 <PLATFORMS>
  <platform>SRA_PLATFORM_454</platform>
  <platform>SRA_PLATFORM_ILLUMINA</platform>
  <platform>SRA_PLATFORM_UNDEFINED</platform>
 </PLATFORMS>
</SRA_INFO>
