{
 "PLATFORMS": [
  "SRA_PLATFORM_454",
  "SRA_PLATFORM_ILLUMINA",
  "SRA_PLATFORM_UNDEFINED"
 ]
}
