SPOT: 119 spots: TECHNICAL(length=4), BIOLOGICAL(length=259)
SPOT: 112 spots: TECHNICAL(length=4), BIOLOGICAL(length=256)
SPOT: 110 spots: TECHNICAL(length=4), BIOLOGICAL(length=265)
SPOT: 103 spots: TECHNICAL(length=4), BIOLOGICAL(length=261)
SPOT: 99 spots: TECHNICAL(length=4), BIOLOGICAL(length=270)
SPOT: 99 spots: TECHNICAL(length=4), BIOLOGICAL(length=262)
SPOT: 96 spots: TECHNICAL(length=4), BIOLOGICAL(length=269)
SPOT: 95 spots: TECHNICAL(length=4), BIOLOGICAL(length=264)
SPOT: 95 spots: TECHNICAL(length=4), BIOLOGICAL(length=253)
SPOT: 93 spots: TECHNICAL(length=4), BIOLOGICAL(length=266)
SPOT: 93 spots: TECHNICAL(length=4), BIOLOGICAL(length=255)
SPOT: 92 spots: TECHNICAL(length=4), BIOLOGICAL(length=263)
SPOT: 91 spots: TECHNICAL(length=4), BIOLOGICAL(length=257)
SPOT: 91 spots: TECHNICAL(length=4), BIOLOGICAL(length=254)
SPOT: 89 spots: TECHNICAL(length=4), BIOLOGICAL(length=267)
SPOT: 86 spots: TECHNICAL(length=4), BIOLOGICAL(length=250)
SPOT: 86 spots: TECHNICAL(length=4), BIOLOGICAL(length=249)
SPOT: 83 spots: TECHNICAL(length=4), BIOLOGICAL(length=260)
SPOT: 83 spots: TECHNICAL(length=4), BIOLOGICAL(length=258)
SPOT: 81 spots: TECHNICAL(length=4), BIOLOGICAL(length=272)
SPOT: 81 spots: TECHNICAL(length=4), BIOLOGICAL(length=252)
SPOT: 79 spots: TECHNICAL(length=4), BIOLOGICAL(length=268)
SPOT: 77 spots: TECHNICAL(length=4), BIOLOGICAL(length=248)
SPOT: 72 spots: TECHNICAL(length=4), BIOLOGICAL(length=275)
SPOT: 70 spots: TECHNICAL(length=4), BIOLOGICAL(length=277)
SPOT: 68 spots: TECHNICAL(length=4), BIOLOGICAL(length=273)
SPOT: 68 spots: TECHNICAL(length=4), BIOLOGICAL(length=251)
SPOT: 64 spots: TECHNICAL(length=4), BIOLOGICAL(length=247)
SPOT: 62 spots: TECHNICAL(length=4), BIOLOGICAL(length=276)
SPOT: 62 spots: TECHNICAL(length=4), BIOLOGICAL(length=246)
SPOT: 58 spots: TECHNICAL(length=4), BIOLOGICAL(length=274)
SPOT: 55 spots: TECHNICAL(length=4), BIOLOGICAL(length=271)
SPOT: 55 spots: TECHNICAL(length=4), BIOLOGICAL(length=244)
SPOT: 54 spots: TECHNICAL(length=4), BIOLOGICAL(length=245)
SPOT: 53 spots: TECHNICAL(length=4), BIOLOGICAL(length=243)
SPOT: 50 spots: TECHNICAL(length=4), BIOLOGICAL(length=242)
SPOT: 46 spots: TECHNICAL(length=4), BIOLOGICAL(length=281)
SPOT: 44 spots: TECHNICAL(length=4), BIOLOGICAL(length=280)
SPOT: 41 spots: TECHNICAL(length=4), BIOLOGICAL(length=282)
SPOT: 39 spots: TECHNICAL(length=4), BIOLOGICAL(length=278)
SPOT: 38 spots: TECHNICAL(length=4), BIOLOGICAL(length=283)
SPOT: 38 spots: TECHNICAL(length=4), BIOLOGICAL(length=279)
SPOT: 38 spots: TECHNICAL(length=4), BIOLOGICAL(length=241)
SPOT: 38 spots: TECHNICAL(length=4), BIOLOGICAL(length=240)
SPOT: 38 spots: TECHNICAL(length=4), BIOLOGICAL(length=239)
SPOT: 35 spots: TECHNICAL(length=4), BIOLOGICAL(length=286)
SPOT: 30 spots: TECHNICAL(length=4), BIOLOGICAL(length=290)
SPOT: 30 spots: TECHNICAL(length=4), BIOLOGICAL(length=287)
SPOT: 28 spots: TECHNICAL(length=4), BIOLOGICAL(length=238)
SPOT: 27 spots: TECHNICAL(length=4), BIOLOGICAL(length=285)
SPOT: 27 spots: TECHNICAL(length=4), BIOLOGICAL(length=284)
SPOT: 24 spots: TECHNICAL(length=4), BIOLOGICAL(length=237)
SPOT: 24 spots: TECHNICAL(length=4), BIOLOGICAL(length=233)
SPOT: 23 spots: TECHNICAL(length=4), BIOLOGICAL(length=288)
SPOT: 21 spots: TECHNICAL(length=4), BIOLOGICAL(length=294)
SPOT: 21 spots: TECHNICAL(length=4), BIOLOGICAL(length=236)
SPOT: 21 spots: TECHNICAL(length=4), BIOLOGICAL(length=232)
SPOT: 19 spots: TECHNICAL(length=4), BIOLOGICAL(length=289)
SPOT: 19 spots: TECHNICAL(length=4), BIOLOGICAL(length=235)
SPOT: 18 spots: TECHNICAL(length=4), BIOLOGICAL(length=291)
SPOT: 17 spots: TECHNICAL(length=4), BIOLOGICAL(length=234)
SPOT: 16 spots: TECHNICAL(length=4), BIOLOGICAL(length=297)
SPOT: 15 spots: TECHNICAL(length=4), BIOLOGICAL(length=296)
SPOT: 15 spots: TECHNICAL(length=4), BIOLOGICAL(length=230)
SPOT: 15 spots: TECHNICAL(length=4), BIOLOGICAL(length=229)
SPOT: 14 spots: TECHNICAL(length=4), BIOLOGICAL(length=293)
SPOT: 13 spots: TECHNICAL(length=4), BIOLOGICAL(length=228)
SPOT: 13 spots: TECHNICAL(length=4), BIOLOGICAL(length=225)
SPOT: 13 spots: TECHNICAL(length=4), BIOLOGICAL(length=215)
SPOT: 12 spots: TECHNICAL(length=4), BIOLOGICAL(length=303)
SPOT: 12 spots: TECHNICAL(length=4), BIOLOGICAL(length=292)
SPOT: 12 spots: TECHNICAL(length=4), BIOLOGICAL(length=223)
SPOT: 12 spots: TECHNICAL(length=4), BIOLOGICAL(length=211)
SPOT: 11 spots: TECHNICAL(length=4), BIOLOGICAL(length=216)
SPOT: 11 spots: TECHNICAL(length=4), BIOLOGICAL(length=213)
SPOT: 11 spots: TECHNICAL(length=4), BIOLOGICAL(length=164)
SPOT: 10 spots: TECHNICAL(length=4), BIOLOGICAL(length=301)
SPOT: 10 spots: TECHNICAL(length=4), BIOLOGICAL(length=300)
SPOT: 10 spots: TECHNICAL(length=4), BIOLOGICAL(length=231)
SPOT: 10 spots: TECHNICAL(length=4), BIOLOGICAL(length=226)
SPOT: 10 spots: TECHNICAL(length=4), BIOLOGICAL(length=217)
SPOT: 10 spots: TECHNICAL(length=4), BIOLOGICAL(length=191)
SPOT: 9 spots: TECHNICAL(length=4), BIOLOGICAL(length=299)
SPOT: 9 spots: TECHNICAL(length=4), BIOLOGICAL(length=295)
SPOT: 9 spots: TECHNICAL(length=4), BIOLOGICAL(length=221)
SPOT: 9 spots: TECHNICAL(length=4), BIOLOGICAL(length=212)
SPOT: 9 spots: TECHNICAL(length=4), BIOLOGICAL(length=203)
SPOT: 9 spots: TECHNICAL(length=4), BIOLOGICAL(length=185)
SPOT: 9 spots: TECHNICAL(length=4), BIOLOGICAL(length=177)
SPOT: 9 spots: TECHNICAL(length=4), BIOLOGICAL(length=169)
SPOT: 9 spots: TECHNICAL(length=4), BIOLOGICAL(length=165)
SPOT: 8 spots: TECHNICAL(length=4), BIOLOGICAL(length=306)
SPOT: 8 spots: TECHNICAL(length=4), BIOLOGICAL(length=224)
SPOT: 8 spots: TECHNICAL(length=4), BIOLOGICAL(length=218)
SPOT: 8 spots: TECHNICAL(length=4), BIOLOGICAL(length=210)
SPOT: 8 spots: TECHNICAL(length=4), BIOLOGICAL(length=198)
SPOT: 8 spots: TECHNICAL(length=4), BIOLOGICAL(length=180)
SPOT: 8 spots: TECHNICAL(length=4), BIOLOGICAL(length=178)
SPOT: 8 spots: TECHNICAL(length=4), BIOLOGICAL(length=174)
SPOT: 7 spots: TECHNICAL(length=4), BIOLOGICAL(length=309)
SPOT: 7 spots: TECHNICAL(length=4), BIOLOGICAL(length=305)
SPOT: 7 spots: TECHNICAL(length=4), BIOLOGICAL(length=298)
SPOT: 7 spots: TECHNICAL(length=4), BIOLOGICAL(length=222)
SPOT: 7 spots: TECHNICAL(length=4), BIOLOGICAL(length=207)
SPOT: 7 spots: TECHNICAL(length=4), BIOLOGICAL(length=204)
SPOT: 7 spots: TECHNICAL(length=4), BIOLOGICAL(length=202)
SPOT: 7 spots: TECHNICAL(length=4), BIOLOGICAL(length=197)
SPOT: 7 spots: TECHNICAL(length=4), BIOLOGICAL(length=190)
SPOT: 7 spots: TECHNICAL(length=4), BIOLOGICAL(length=186)
SPOT: 7 spots: TECHNICAL(length=4), BIOLOGICAL(length=167)
SPOT: 7 spots: TECHNICAL(length=4), BIOLOGICAL(length=166)
SPOT: 7 spots: TECHNICAL(length=4), BIOLOGICAL(length=158)
SPOT: 6 spots: TECHNICAL(length=4), BIOLOGICAL(length=302)
SPOT: 6 spots: TECHNICAL(length=4), BIOLOGICAL(length=227)
SPOT: 6 spots: TECHNICAL(length=4), BIOLOGICAL(length=220)
SPOT: 6 spots: TECHNICAL(length=4), BIOLOGICAL(length=219)
SPOT: 6 spots: TECHNICAL(length=4), BIOLOGICAL(length=208)
SPOT: 6 spots: TECHNICAL(length=4), BIOLOGICAL(length=206)
SPOT: 6 spots: TECHNICAL(length=4), BIOLOGICAL(length=205)
SPOT: 6 spots: TECHNICAL(length=4), BIOLOGICAL(length=200)
SPOT: 6 spots: TECHNICAL(length=4), BIOLOGICAL(length=189)
SPOT: 6 spots: TECHNICAL(length=4), BIOLOGICAL(length=183)
SPOT: 6 spots: TECHNICAL(length=4), BIOLOGICAL(length=173)
SPOT: 6 spots: TECHNICAL(length=4), BIOLOGICAL(length=146)
SPOT: 6 spots: TECHNICAL(length=4), BIOLOGICAL(length=142)
SPOT: 6 spots: TECHNICAL(length=4), BIOLOGICAL(length=138)
SPOT: 5 spots: TECHNICAL(length=4), BIOLOGICAL(length=304)
SPOT: 5 spots: TECHNICAL(length=4), BIOLOGICAL(length=214)
SPOT: 5 spots: TECHNICAL(length=4), BIOLOGICAL(length=209)
SPOT: 5 spots: TECHNICAL(length=4), BIOLOGICAL(length=201)
SPOT: 5 spots: TECHNICAL(length=4), BIOLOGICAL(length=199)
SPOT: 5 spots: TECHNICAL(length=4), BIOLOGICAL(length=195)
SPOT: 5 spots: TECHNICAL(length=4), BIOLOGICAL(length=193)
SPOT: 5 spots: TECHNICAL(length=4), BIOLOGICAL(length=192)
SPOT: 5 spots: TECHNICAL(length=4), BIOLOGICAL(length=182)
SPOT: 5 spots: TECHNICAL(length=4), BIOLOGICAL(length=175)
SPOT: 5 spots: TECHNICAL(length=4), BIOLOGICAL(length=168)
SPOT: 5 spots: TECHNICAL(length=4), BIOLOGICAL(length=162)
SPOT: 5 spots: TECHNICAL(length=4), BIOLOGICAL(length=160)
SPOT: 5 spots: TECHNICAL(length=4), BIOLOGICAL(length=151)
SPOT: 5 spots: TECHNICAL(length=4), BIOLOGICAL(length=150)
SPOT: 5 spots: TECHNICAL(length=4), BIOLOGICAL(length=145)
SPOT: 5 spots: TECHNICAL(length=4), BIOLOGICAL(length=133)
SPOT: 4 spots: TECHNICAL(length=4), BIOLOGICAL(length=330)
SPOT: 4 spots: TECHNICAL(length=4), BIOLOGICAL(length=314)
SPOT: 4 spots: TECHNICAL(length=4), BIOLOGICAL(length=313)
SPOT: 4 spots: TECHNICAL(length=4), BIOLOGICAL(length=308)
SPOT: 4 spots: TECHNICAL(length=4), BIOLOGICAL(length=196)
SPOT: 4 spots: TECHNICAL(length=4), BIOLOGICAL(length=194)
SPOT: 4 spots: TECHNICAL(length=4), BIOLOGICAL(length=188)
SPOT: 4 spots: TECHNICAL(length=4), BIOLOGICAL(length=181)
SPOT: 4 spots: TECHNICAL(length=4), BIOLOGICAL(length=179)
SPOT: 4 spots: TECHNICAL(length=4), BIOLOGICAL(length=171)
SPOT: 4 spots: TECHNICAL(length=4), BIOLOGICAL(length=170)
SPOT: 4 spots: TECHNICAL(length=4), BIOLOGICAL(length=159)
SPOT: 4 spots: TECHNICAL(length=4), BIOLOGICAL(length=157)
SPOT: 4 spots: TECHNICAL(length=4), BIOLOGICAL(length=154)
SPOT: 4 spots: TECHNICAL(length=4), BIOLOGICAL(length=135)
SPOT: 4 spots: TECHNICAL(length=4), BIOLOGICAL(length=129)
SPOT: 4 spots: TECHNICAL(length=4), BIOLOGICAL(length=120)
SPOT: 4 spots: TECHNICAL(length=4), BIOLOGICAL(length=113)
SPOT: 3 spots: TECHNICAL(length=4), BIOLOGICAL(length=337)
SPOT: 3 spots: TECHNICAL(length=4), BIOLOGICAL(length=328)
SPOT: 3 spots: TECHNICAL(length=4), BIOLOGICAL(length=324)
SPOT: 3 spots: TECHNICAL(length=4), BIOLOGICAL(length=317)
SPOT: 3 spots: TECHNICAL(length=4), BIOLOGICAL(length=315)
SPOT: 3 spots: TECHNICAL(length=4), BIOLOGICAL(length=311)
SPOT: 3 spots: TECHNICAL(length=4), BIOLOGICAL(length=310)
SPOT: 3 spots: TECHNICAL(length=4), BIOLOGICAL(length=184)
SPOT: 3 spots: TECHNICAL(length=4), BIOLOGICAL(length=176)
SPOT: 3 spots: TECHNICAL(length=4), BIOLOGICAL(length=172)
SPOT: 3 spots: TECHNICAL(length=4), BIOLOGICAL(length=153)
SPOT: 3 spots: TECHNICAL(length=4), BIOLOGICAL(length=152)
SPOT: 3 spots: TECHNICAL(length=4), BIOLOGICAL(length=148)
SPOT: 3 spots: TECHNICAL(length=4), BIOLOGICAL(length=147)
SPOT: 3 spots: TECHNICAL(length=4), BIOLOGICAL(length=144)
SPOT: 3 spots: TECHNICAL(length=4), BIOLOGICAL(length=141)
SPOT: 3 spots: TECHNICAL(length=4), BIOLOGICAL(length=140)
SPOT: 3 spots: TECHNICAL(length=4), BIOLOGICAL(length=139)
SPOT: 3 spots: TECHNICAL(length=4), BIOLOGICAL(length=137)
SPOT: 3 spots: TECHNICAL(length=4), BIOLOGICAL(length=136)
SPOT: 3 spots: TECHNICAL(length=4), BIOLOGICAL(length=111)
SPOT: 3 spots: TECHNICAL(length=4), BIOLOGICAL(length=109)
SPOT: 3 spots: TECHNICAL(length=4), BIOLOGICAL(length=99)
SPOT: 3 spots: TECHNICAL(length=4), BIOLOGICAL(length=95)
SPOT: 2 spots: TECHNICAL(length=4), BIOLOGICAL(length=379)
SPOT: 2 spots: TECHNICAL(length=4), BIOLOGICAL(length=372)
SPOT: 2 spots: TECHNICAL(length=4), BIOLOGICAL(length=363)
SPOT: 2 spots: TECHNICAL(length=4), BIOLOGICAL(length=355)
SPOT: 2 spots: TECHNICAL(length=4), BIOLOGICAL(length=348)
SPOT: 2 spots: TECHNICAL(length=4), BIOLOGICAL(length=346)
SPOT: 2 spots: TECHNICAL(length=4), BIOLOGICAL(length=344)
SPOT: 2 spots: TECHNICAL(length=4), BIOLOGICAL(length=343)
SPOT: 2 spots: TECHNICAL(length=4), BIOLOGICAL(length=340)
SPOT: 2 spots: TECHNICAL(length=4), BIOLOGICAL(length=329)
SPOT: 2 spots: TECHNICAL(length=4), BIOLOGICAL(length=327)
SPOT: 2 spots: TECHNICAL(length=4), BIOLOGICAL(length=326)
SPOT: 2 spots: TECHNICAL(length=4), BIOLOGICAL(length=322)
SPOT: 2 spots: TECHNICAL(length=4), BIOLOGICAL(length=320)
SPOT: 2 spots: TECHNICAL(length=4), BIOLOGICAL(length=319)
SPOT: 2 spots: TECHNICAL(length=4), BIOLOGICAL(length=312)
SPOT: 2 spots: TECHNICAL(length=4), BIOLOGICAL(length=161)
SPOT: 2 spots: TECHNICAL(length=4), BIOLOGICAL(length=156)
SPOT: 2 spots: TECHNICAL(length=4), BIOLOGICAL(length=155)
SPOT: 2 spots: TECHNICAL(length=4), BIOLOGICAL(length=149)
SPOT: 2 spots: TECHNICAL(length=4), BIOLOGICAL(length=132)
SPOT: 2 spots: TECHNICAL(length=4), BIOLOGICAL(length=130)
SPOT: 2 spots: TECHNICAL(length=4), BIOLOGICAL(length=128)
SPOT: 2 spots: TECHNICAL(length=4), BIOLOGICAL(length=115)
SPOT: 2 spots: TECHNICAL(length=4), BIOLOGICAL(length=110)
SPOT: 2 spots: TECHNICAL(length=4), BIOLOGICAL(length=108)
SPOT: 2 spots: TECHNICAL(length=4), BIOLOGICAL(length=105)
SPOT: 2 spots: TECHNICAL(length=4), BIOLOGICAL(length=98)
SPOT: 2 spots: TECHNICAL(length=4), BIOLOGICAL(length=83)
SPOT: 1 spot: TECHNICAL(length=4), BIOLOGICAL(length=571)
SPOT: 1 spot: TECHNICAL(length=4), BIOLOGICAL(length=490)
SPOT: 1 spot: TECHNICAL(length=4), BIOLOGICAL(length=448)
SPOT: 1 spot: TECHNICAL(length=4), BIOLOGICAL(length=439)
SPOT: 1 spot: TECHNICAL(length=4), BIOLOGICAL(length=434)
SPOT: 1 spot: TECHNICAL(length=4), BIOLOGICAL(length=427)
SPOT: 1 spot: TECHNICAL(length=4), BIOLOGICAL(length=418)
SPOT: 1 spot: TECHNICAL(length=4), BIOLOGICAL(length=405)
SPOT: 1 spot: TECHNICAL(length=4), BIOLOGICAL(length=400)
SPOT: 1 spot: TECHNICAL(length=4), BIOLOGICAL(length=398)
SPOT: 1 spot: TECHNICAL(length=4), BIOLOGICAL(length=394)
SPOT: 1 spot: TECHNICAL(length=4), BIOLOGICAL(length=385)
SPOT: 1 spot: TECHNICAL(length=4), BIOLOGICAL(length=384)
SPOT: 1 spot: TECHNICAL(length=4), BIOLOGICAL(length=383)
SPOT: 1 spot: TECHNICAL(length=4), BIOLOGICAL(length=381)
SPOT: 1 spot: TECHNICAL(length=4), BIOLOGICAL(length=377)
SPOT: 1 spot: TECHNICAL(length=4), BIOLOGICAL(length=376)
SPOT: 1 spot: TECHNICAL(length=4), BIOLOGICAL(length=375)
SPOT: 1 spot: TECHNICAL(length=4), BIOLOGICAL(length=374)
SPOT: 1 spot: TECHNICAL(length=4), BIOLOGICAL(length=368)
SPOT: 1 spot: TECHNICAL(length=4), BIOLOGICAL(length=362)
SPOT: 1 spot: TECHNICAL(length=4), BIOLOGICAL(length=361)
SPOT: 1 spot: TECHNICAL(length=4), BIOLOGICAL(length=360)
SPOT: 1 spot: TECHNICAL(length=4), BIOLOGICAL(length=359)
SPOT: 1 spot: TECHNICAL(length=4), BIOLOGICAL(length=354)
SPOT: 1 spot: TECHNICAL(length=4), BIOLOGICAL(length=353)
SPOT: 1 spot: TECHNICAL(length=4), BIOLOGICAL(length=352)
SPOT: 1 spot: TECHNICAL(length=4), BIOLOGICAL(length=351)
SPOT: 1 spot: TECHNICAL(length=4), BIOLOGICAL(length=347)
SPOT: 1 spot: TECHNICAL(length=4), BIOLOGICAL(length=341)
SPOT: 1 spot: TECHNICAL(length=4), BIOLOGICAL(length=331)
SPOT: 1 spot: TECHNICAL(length=4), BIOLOGICAL(length=325)
SPOT: 1 spot: TECHNICAL(length=4), BIOLOGICAL(length=323)
SPOT: 1 spot: TECHNICAL(length=4), BIOLOGICAL(length=321)
SPOT: 1 spot: TECHNICAL(length=4), BIOLOGICAL(length=318)
SPOT: 1 spot: TECHNICAL(length=4), BIOLOGICAL(length=316)
SPOT: 1 spot: TECHNICAL(length=4), BIOLOGICAL(length=307)
SPOT: 1 spot: TECHNICAL(length=4), BIOLOGICAL(length=187)
SPOT: 1 spot: TECHNICAL(length=4), BIOLOGICAL(length=163)
SPOT: 1 spot: TECHNICAL(length=4), BIOLOGICAL(length=143)
SPOT: 1 spot: TECHNICAL(length=4), BIOLOGICAL(length=134)
SPOT: 1 spot: TECHNICAL(length=4), BIOLOGICAL(length=131)
SPOT: 1 spot: TECHNICAL(length=4), BIOLOGICAL(length=127)
SPOT: 1 spot: TECHNICAL(length=4), BIOLOGICAL(length=125)
SPOT: 1 spot: TECHNICAL(length=4), BIOLOGICAL(length=124)
SPOT: 1 spot: TECHNICAL(length=4), BIOLOGICAL(length=122)
SPOT: 1 spot: TECHNICAL(length=4), BIOLOGICAL(length=116)
SPOT: 1 spot: TECHNICAL(length=4), BIOLOGICAL(length=114)
SPOT: 1 spot: TECHNICAL(length=4), BIOLOGICAL(length=104)
SPOT: 1 spot: TECHNICAL(length=4), BIOLOGICAL(length=91)
SPOT: 1 spot: TECHNICAL(length=4), BIOLOGICAL(length=77)
SPOT: 1 spot: TECHNICAL(length=4), BIOLOGICAL(length=64)
SPOT: 1 spot: TECHNICAL(length=4), BIOLOGICAL(length=57)
