{
 "SPOTS": [
  { "count": 119, "reads": [{ "type": "TECHNICAL", "length": 4 }, { "type": "BIOLOGICAL", "length": 259 }] },
  { "count": 112, "reads": [{ "type": "TECHNICAL", "length": 4 }, { "type": "BIOLOGICAL", "length": 256 }] },
  { "count": 110, "reads": [{ "type": "TECHNICAL", "length": 4 }, { "type": "BIOLOGICAL", "length": 265 }] },
  { "count": 103, "reads": [{ "type": "TECHNICAL", "length": 4 }, { "type": "BIOLOGICAL", "length": 261 }] },
  { "count": 99, "reads": [{ "type": "TECHNICAL", "length": 4 }, { "type": "BIOLOGICAL", "length": 270 }] },
  { "count": 99, "reads": [{ "type": "TECHNICAL", "length": 4 }, { "type": "BIOLOGICAL", "length": 262 }] },
  { "count": 96, "reads": [{ "type": "TECHNICAL", "length": 4 }, { "type": "BIOLOGICAL", "length": 269 }] },
  { "count": 95, "reads": [{ "type": "TECHNICAL", "length": 4 }, { "type": "BIOLOGICAL", "length": 264 }] },
  { "count": 95, "reads": [{ "type": "TECHNICAL", "length": 4 }, { "type": "BIOLOGICAL", "length": 253 }] },
  { "count": 93, "reads": [{ "type": "TECHNICAL", "length": 4 }, { "type": "BIOLOGICAL", "length": 266 }] },
  { "count": 93, "reads": [{ "type": "TECHNICAL", "length": 4 }, { "type": "BIOLOGICAL", "length": 255 }] },
  { "count": 92, "reads": [{ "type": "TECHNICAL", "length": 4 }, { "type": "BIOLOGICAL", "length": 263 }] },
  { "count": 91, "reads": [{ "type": "TECHNICAL", "length": 4 }, { "type": "BIOLOGICAL", "length": 257 }] },
  { "count": 91, "reads": [{ "type": "TECHNICAL", "length": 4 }, { "type": "BIOLOGICAL", "length": 254 }] },
  { "count": 89, "reads": [{ "type": "TECHNICAL", "length": 4 }, { "type": "BIOLOGICAL", "length": 267 }] },
  { "count": 86, "reads": [{ "type": "TECHNICAL", "length": 4 }, { "type": "BIOLOGICAL", "length": 250 }] },
  { "count": 86, "reads": [{ "type": "TECHNICAL", "length": 4 }, { "type": "BIOLOGICAL", "length": 249 }] },
  { "count": 83, "reads": [{ "type": "TECHNICAL", "length": 4 }, { "type": "BIOLOGICAL", "length": 260 }] },
  { "count": 83, "reads": [{ "type": "TECHNICAL", "length": 4 }, { "type": "BIOLOGICAL", "length": 258 }] },
  { "count": 81, "reads": [{ "type": "TECHNICAL", "length": 4 }, { "type": "BIOLOGICAL", "length": 272 }] },
  { "count": 81, "reads": [{ "type": "TECHNICAL", "length": 4 }, { "type": "BIOLOGICAL", "length": 252 }] },
  { "count": 79, "reads": [{ "type": "TECHNICAL", "length": 4 }, { "type": "BIOLOGICAL", "length": 268 }] },
  { "count": 77, "reads": [{ "type": "TECHNICAL", "length": 4 }, { "type": "BIOLOGICAL", "length": 248 }] },
  { "count": 72, "reads": [{ "type": "TECHNICAL", "length": 4 }, { "type": "BIOLOGICAL", "length": 275 }] },
  { "count": 70, "reads": [{ "type": "TECHNICAL", "length": 4 }, { "type": "BIOLOGICAL", "length": 277 }] },
  { "count": 68, "reads": [{ "type": "TECHNICAL", "length": 4 }, { "type": "BIOLOGICAL", "length": 273 }] },
  { "count": 68, "reads": [{ "type": "TECHNICAL", "length": 4 }, { "type": "BIOLOGICAL", "length": 251 }] },
  { "count": 64, "reads": [{ "type": "TECHNICAL", "length": 4 }, { "type": "BIOLOGICAL", "length": 247 }] },
  { "count": 62, "reads": [{ "type": "TECHNICAL", "length": 4 }, { "type": "BIOLOGICAL", "length": 276 }] },
  { "count": 62, "reads": [{ "type": "TECHNICAL", "length": 4 }, { "type": "BIOLOGICAL", "length": 246 }] },
  { "count": 58, "reads": [{ "type": "TECHNICAL", "length": 4 }, { "type": "BIOLOGICAL", "length": 274 }] },
  { "count": 55, "reads": [{ "type": "TECHNICAL", "length": 4 }, { "type": "BIOLOGICAL", "length": 271 }] },
  { "count": 55, "reads": [{ "type": "TECHNICAL", "length": 4 }, { "type": "BIOLOGICAL", "length": 244 }] },
  { "count": 54, "reads": [{ "type": "TECHNICAL", "length": 4 }, { "type": "BIOLOGICAL", "length": 245 }] },
  { "count": 53, "reads": [{ "type": "TECHNICAL", "length": 4 }, { "type": "BIOLOGICAL", "length": 243 }] },
  { "count": 50, "reads": [{ "type": "TECHNICAL", "length": 4 }, { "type": "BIOLOGICAL", "length": 242 }] },
  { "count": 46, "reads": [{ "type": "TECHNICAL", "length": 4 }, { "type": "BIOLOGICAL", "length": 281 }] },
  { "count": 44, "reads": [{ "type": "TECHNICAL", "length": 4 }, { "type": "BIOLOGICAL", "length": 280 }] },
  { "count": 41, "reads": [{ "type": "TECHNICAL", "length": 4 }, { "type": "BIOLOGICAL", "length": 282 }] },
  { "count": 39, "reads": [{ "type": "TECHNICAL", "length": 4 }, { "type": "BIOLOGICAL", "length": 278 }] },
  { "count": 38, "reads": [{ "type": "TECHNICAL", "length": 4 }, { "type": "BIOLOGICAL", "length": 283 }] },
  { "count": 38, "reads": [{ "type": "TECHNICAL", "length": 4 }, { "type": "BIOLOGICAL", "length": 279 }] },
  { "count": 38, "reads": [{ "type": "TECHNICAL", "length": 4 }, { "type": "BIOLOGICAL", "length": 241 }] },
  { "count": 38, "reads": [{ "type": "TECHNICAL", "length": 4 }, { "type": "BIOLOGICAL", "length": 240 }] },
  { "count": 38, "reads": [{ "type": "TECHNICAL", "length": 4 }, { "type": "BIOLOGICAL", "length": 239 }] },
  { "count": 35, "reads": [{ "type": "TECHNICAL", "length": 4 }, { "type": "BIOLOGICAL", "length": 286 }] },
  { "count": 30, "reads": [{ "type": "TECHNICAL", "length": 4 }, { "type": "BIOLOGICAL", "length": 290 }] },
  { "count": 30, "reads": [{ "type": "TECHNICAL", "length": 4 }, { "type": "BIOLOGICAL", "length": 287 }] },
  { "count": 28, "reads": [{ "type": "TECHNICAL", "length": 4 }, { "type": "BIOLOGICAL", "length": 238 }] },
  { "count": 27, "reads": [{ "type": "TECHNICAL", "length": 4 }, { "type": "BIOLOGICAL", "length": 285 }] },
  { "count": 27, "reads": [{ "type": "TECHNICAL", "length": 4 }, { "type": "BIOLOGICAL", "length": 284 }] },
  { "count": 24, "reads": [{ "type": "TECHNICAL", "length": 4 }, { "type": "BIOLOGICAL", "length": 237 }] },
  { "count": 24, "reads": [{ "type": "TECHNICAL", "length": 4 }, { "type": "BIOLOGICAL", "length": 233 }] },
  { "count": 23, "reads": [{ "type": "TECHNICAL", "length": 4 }, { "type": "BIOLOGICAL", "length": 288 }] },
  { "count": 21, "reads": [{ "type": "TECHNICAL", "length": 4 }, { "type": "BIOLOGICAL", "length": 294 }] },
  { "count": 21, "reads": [{ "type": "TECHNICAL", "length": 4 }, { "type": "BIOLOGICAL", "length": 236 }] },
  { "count": 21, "reads": [{ "type": "TECHNICAL", "length": 4 }, { "type": "BIOLOGICAL", "length": 232 }] },
  { "count": 19, "reads": [{ "type": "TECHNICAL", "length": 4 }, { "type": "BIOLOGICAL", "length": 289 }] },
  { "count": 19, "reads": [{ "type": "TECHNICAL", "length": 4 }, { "type": "BIOLOGICAL", "length": 235 }] },
  { "count": 18, "reads": [{ "type": "TECHNICAL", "length": 4 }, { "type": "BIOLOGICAL", "length": 291 }] },
  { "count": 17, "reads": [{ "type": "TECHNICAL", "length": 4 }, { "type": "BIOLOGICAL", "length": 234 }] },
  { "count": 16, "reads": [{ "type": "TECHNICAL", "length": 4 }, { "type": "BIOLOGICAL", "length": 297 }] },
  { "count": 15, "reads": [{ "type": "TECHNICAL", "length": 4 }, { "type": "BIOLOGICAL", "length": 296 }] },
  { "count": 15, "reads": [{ "type": "TECHNICAL", "length": 4 }, { "type": "BIOLOGICAL", "length": 230 }] },
  { "count": 15, "reads": [{ "type": "TECHNICAL", "length": 4 }, { "type": "BIOLOGICAL", "length": 229 }] },
  { "count": 14, "reads": [{ "type": "TECHNICAL", "length": 4 }, { "type": "BIOLOGICAL", "length": 293 }] },
  { "count": 13, "reads": [{ "type": "TECHNICAL", "length": 4 }, { "type": "BIOLOGICAL", "length": 228 }] },
  { "count": 13, "reads": [{ "type": "TECHNICAL", "length": 4 }, { "type": "BIOLOGICAL", "length": 225 }] },
  { "count": 13, "reads": [{ "type": "TECHNICAL", "length": 4 }, { "type": "BIOLOGICAL", "length": 215 }] },
  { "count": 12, "reads": [{ "type": "TECHNICAL", "length": 4 }, { "type": "BIOLOGICAL", "length": 303 }] },
  { "count": 12, "reads": [{ "type": "TECHNICAL", "length": 4 }, { "type": "BIOLOGICAL", "length": 292 }] },
  { "count": 12, "reads": [{ "type": "TECHNICAL", "length": 4 }, { "type": "BIOLOGICAL", "length": 223 }] },
  { "count": 12, "reads": [{ "type": "TECHNICAL", "length": 4 }, { "type": "BIOLOGICAL", "length": 211 }] },
  { "count": 11, "reads": [{ "type": "TECHNICAL", "length": 4 }, { "type": "BIOLOGICAL", "length": 216 }] },
  { "count": 11, "reads": [{ "type": "TECHNICAL", "length": 4 }, { "type": "BIOLOGICAL", "length": 213 }] },
  { "count": 11, "reads": [{ "type": "TECHNICAL", "length": 4 }, { "type": "BIOLOGICAL", "length": 164 }] },
  { "count": 10, "reads": [{ "type": "TECHNICAL", "length": 4 }, { "type": "BIOLOGICAL", "length": 301 }] },
  { "count": 10, "reads": [{ "type": "TECHNICAL", "length": 4 }, { "type": "BIOLOGICAL", "length": 300 }] },
  { "count": 10, "reads": [{ "type": "TECHNICAL", "length": 4 }, { "type": "BIOLOGICAL", "length": 231 }] },
  { "count": 10, "reads": [{ "type": "TECHNICAL", "length": 4 }, { "type": "BIOLOGICAL", "length": 226 }] },
  { "count": 10, "reads": [{ "type": "TECHNICAL", "length": 4 }, { "type": "BIOLOGICAL", "length": 217 }] },
  { "count": 10, "reads": [{ "type": "TECHNICAL", "length": 4 }, { "type": "BIOLOGICAL", "length": 191 }] },
  { "count": 9, "reads": [{ "type": "TECHNICAL", "length": 4 }, { "type": "BIOLOGICAL", "length": 299 }] },
  { "count": 9, "reads": [{ "type": "TECHNICAL", "length": 4 }, { "type": "BIOLOGICAL", "length": 295 }] },
  { "count": 9, "reads": [{ "type": "TECHNICAL", "length": 4 }, { "type": "BIOLOGICAL", "length": 221 }] },
  { "count": 9, "reads": [{ "type": "TECHNICAL", "length": 4 }, { "type": "BIOLOGICAL", "length": 212 }] },
  { "count": 9, "reads": [{ "type": "TECHNICAL", "length": 4 }, { "type": "BIOLOGICAL", "length": 203 }] },
  { "count": 9, "reads": [{ "type": "TECHNICAL", "length": 4 }, { "type": "BIOLOGICAL", "length": 185 }] },
  { "count": 9, "reads": [{ "type": "TECHNICAL", "length": 4 }, { "type": "BIOLOGICAL", "length": 177 }] },
  { "count": 9, "reads": [{ "type": "TECHNICAL", "length": 4 }, { "type": "BIOLOGICAL", "length": 169 }] },
  { "count": 9, "reads": [{ "type": "TECHNICAL", "length": 4 }, { "type": "BIOLOGICAL", "length": 165 }] },
  { "count": 8, "reads": [{ "type": "TECHNICAL", "length": 4 }, { "type": "BIOLOGICAL", "length": 306 }] },
  { "count": 8, "reads": [{ "type": "TECHNICAL", "length": 4 }, { "type": "BIOLOGICAL", "length": 224 }] },
  { "count": 8, "reads": [{ "type": "TECHNICAL", "length": 4 }, { "type": "BIOLOGICAL", "length": 218 }] },
  { "count": 8, "reads": [{ "type": "TECHNICAL", "length": 4 }, { "type": "BIOLOGICAL", "length": 210 }] },
  { "count": 8, "reads": [{ "type": "TECHNICAL", "length": 4 }, { "type": "BIOLOGICAL", "length": 198 }] },
  { "count": 8, "reads": [{ "type": "TECHNICAL", "length": 4 }, { "type": "BIOLOGICAL", "length": 180 }] },
  { "count": 8, "reads": [{ "type": "TECHNICAL", "length": 4 }, { "type": "BIOLOGICAL", "length": 178 }] },
  { "count": 8, "reads": [{ "type": "TECHNICAL", "length": 4 }, { "type": "BIOLOGICAL", "length": 174 }] },
  { "count": 7, "reads": [{ "type": "TECHNICAL", "length": 4 }, { "type": "BIOLOGICAL", "length": 309 }] },
  { "count": 7, "reads": [{ "type": "TECHNICAL", "length": 4 }, { "type": "BIOLOGICAL", "length": 305 }] },
  { "count": 7, "reads": [{ "type": "TECHNICAL", "length": 4 }, { "type": "BIOLOGICAL", "length": 298 }] },
  { "count": 7, "reads": [{ "type": "TECHNICAL", "length": 4 }, { "type": "BIOLOGICAL", "length": 222 }] },
  { "count": 7, "reads": [{ "type": "TECHNICAL", "length": 4 }, { "type": "BIOLOGICAL", "length": 207 }] },
  { "count": 7, "reads": [{ "type": "TECHNICAL", "length": 4 }, { "type": "BIOLOGICAL", "length": 204 }] },
  { "count": 7, "reads": [{ "type": "TECHNICAL", "length": 4 }, { "type": "BIOLOGICAL", "length": 202 }] },
  { "count": 7, "reads": [{ "type": "TECHNICAL", "length": 4 }, { "type": "BIOLOGICAL", "length": 197 }] },
  { "count": 7, "reads": [{ "type": "TECHNICAL", "length": 4 }, { "type": "BIOLOGICAL", "length": 190 }] },
  { "count": 7, "reads": [{ "type": "TECHNICAL", "length": 4 }, { "type": "BIOLOGICAL", "length": 186 }] },
  { "count": 7, "reads": [{ "type": "TECHNICAL", "length": 4 }, { "type": "BIOLOGICAL", "length": 167 }] },
  { "count": 7, "reads": [{ "type": "TECHNICAL", "length": 4 }, { "type": "BIOLOGICAL", "length": 166 }] },
  { "count": 7, "reads": [{ "type": "TECHNICAL", "length": 4 }, { "type": "BIOLOGICAL", "length": 158 }] },
  { "count": 6, "reads": [{ "type": "TECHNICAL", "length": 4 }, { "type": "BIOLOGICAL", "length": 302 }] },
  { "count": 6, "reads": [{ "type": "TECHNICAL", "length": 4 }, { "type": "BIOLOGICAL", "length": 227 }] },
  { "count": 6, "reads": [{ "type": "TECHNICAL", "length": 4 }, { "type": "BIOLOGICAL", "length": 220 }] },
  { "count": 6, "reads": [{ "type": "TECHNICAL", "length": 4 }, { "type": "BIOLOGICAL", "length": 219 }] },
  { "count": 6, "reads": [{ "type": "TECHNICAL", "length": 4 }, { "type": "BIOLOGICAL", "length": 208 }] },
  { "count": 6, "reads": [{ "type": "TECHNICAL", "length": 4 }, { "type": "BIOLOGICAL", "length": 206 }] },
  { "count": 6, "reads": [{ "type": "TECHNICAL", "length": 4 }, { "type": "BIOLOGICAL", "length": 205 }] },
  { "count": 6, "reads": [{ "type": "TECHNICAL", "length": 4 }, { "type": "BIOLOGICAL", "length": 200 }] },
  { "count": 6, "reads": [{ "type": "TECHNICAL", "length": 4 }, { "type": "BIOLOGICAL", "length": 189 }] },
  { "count": 6, "reads": [{ "type": "TECHNICAL", "length": 4 }, { "type": "BIOLOGICAL", "length": 183 }] },
  { "count": 6, "reads": [{ "type": "TECHNICAL", "length": 4 }, { "type": "BIOLOGICAL", "length": 173 }] },
  { "count": 6, "reads": [{ "type": "TECHNICAL", "length": 4 }, { "type": "BIOLOGICAL", "length": 146 }] },
  { "count": 6, "reads": [{ "type": "TECHNICAL", "length": 4 }, { "type": "BIOLOGICAL", "length": 142 }] },
  { "count": 6, "reads": [{ "type": "TECHNICAL", "length": 4 }, { "type": "BIOLOGICAL", "length": 138 }] },
  { "count": 5, "reads": [{ "type": "TECHNICAL", "length": 4 }, { "type": "BIOLOGICAL", "length": 304 }] },
  { "count": 5, "reads": [{ "type": "TECHNICAL", "length": 4 }, { "type": "BIOLOGICAL", "length": 214 }] },
  { "count": 5, "reads": [{ "type": "TECHNICAL", "length": 4 }, { "type": "BIOLOGICAL", "length": 209 }] },
  { "count": 5, "reads": [{ "type": "TECHNICAL", "length": 4 }, { "type": "BIOLOGICAL", "length": 201 }] },
  { "count": 5, "reads": [{ "type": "TECHNICAL", "length": 4 }, { "type": "BIOLOGICAL", "length": 199 }] },
  { "count": 5, "reads": [{ "type": "TECHNICAL", "length": 4 }, { "type": "BIOLOGICAL", "length": 195 }] },
  { "count": 5, "reads": [{ "type": "TECHNICAL", "length": 4 }, { "type": "BIOLOGICAL", "length": 193 }] },
  { "count": 5, "reads": [{ "type": "TECHNICAL", "length": 4 }, { "type": "BIOLOGICAL", "length": 192 }] },
  { "count": 5, "reads": [{ "type": "TECHNICAL", "length": 4 }, { "type": "BIOLOGICAL", "length": 182 }] },
  { "count": 5, "reads": [{ "type": "TECHNICAL", "length": 4 }, { "type": "BIOLOGICAL", "length": 175 }] },
  { "count": 5, "reads": [{ "type": "TECHNICAL", "length": 4 }, { "type": "BIOLOGICAL", "length": 168 }] },
  { "count": 5, "reads": [{ "type": "TECHNICAL", "length": 4 }, { "type": "BIOLOGICAL", "length": 162 }] },
  { "count": 5, "reads": [{ "type": "TECHNICAL", "length": 4 }, { "type": "BIOLOGICAL", "length": 160 }] },
  { "count": 5, "reads": [{ "type": "TECHNICAL", "length": 4 }, { "type": "BIOLOGICAL", "length": 151 }] },
  { "count": 5, "reads": [{ "type": "TECHNICAL", "length": 4 }, { "type": "BIOLOGICAL", "length": 150 }] },
  { "count": 5, "reads": [{ "type": "TECHNICAL", "length": 4 }, { "type": "BIOLOGICAL", "length": 145 }] },
  { "count": 5, "reads": [{ "type": "TECHNICAL", "length": 4 }, { "type": "BIOLOGICAL", "length": 133 }] },
  { "count": 4, "reads": [{ "type": "TECHNICAL", "length": 4 }, { "type": "BIOLOGICAL", "length": 330 }] },
  { "count": 4, "reads": [{ "type": "TECHNICAL", "length": 4 }, { "type": "BIOLOGICAL", "length": 314 }] },
  { "count": 4, "reads": [{ "type": "TECHNICAL", "length": 4 }, { "type": "BIOLOGICAL", "length": 313 }] },
  { "count": 4, "reads": [{ "type": "TECHNICAL", "length": 4 }, { "type": "BIOLOGICAL", "length": 308 }] },
  { "count": 4, "reads": [{ "type": "TECHNICAL", "length": 4 }, { "type": "BIOLOGICAL", "length": 196 }] },
  { "count": 4, "reads": [{ "type": "TECHNICAL", "length": 4 }, { "type": "BIOLOGICAL", "length": 194 }] },
  { "count": 4, "reads": [{ "type": "TECHNICAL", "length": 4 }, { "type": "BIOLOGICAL", "length": 188 }] },
  { "count": 4, "reads": [{ "type": "TECHNICAL", "length": 4 }, { "type": "BIOLOGICAL", "length": 181 }] },
  { "count": 4, "reads": [{ "type": "TECHNICAL", "length": 4 }, { "type": "BIOLOGICAL", "length": 179 }] },
  { "count": 4, "reads": [{ "type": "TECHNICAL", "length": 4 }, { "type": "BIOLOGICAL", "length": 171 }] },
  { "count": 4, "reads": [{ "type": "TECHNICAL", "length": 4 }, { "type": "BIOLOGICAL", "length": 170 }] },
  { "count": 4, "reads": [{ "type": "TECHNICAL", "length": 4 }, { "type": "BIOLOGICAL", "length": 159 }] },
  { "count": 4, "reads": [{ "type": "TECHNICAL", "length": 4 }, { "type": "BIOLOGICAL", "length": 157 }] },
  { "count": 4, "reads": [{ "type": "TECHNICAL", "length": 4 }, { "type": "BIOLOGICAL", "length": 154 }] },
  { "count": 4, "reads": [{ "type": "TECHNICAL", "length": 4 }, { "type": "BIOLOGICAL", "length": 135 }] },
  { "count": 4, "reads": [{ "type": "TECHNICAL", "length": 4 }, { "type": "BIOLOGICAL", "length": 129 }] },
  { "count": 4, "reads": [{ "type": "TECHNICAL", "length": 4 }, { "type": "BIOLOGICAL", "length": 120 }] },
  { "count": 4, "reads": [{ "type": "TECHNICAL", "length": 4 }, { "type": "BIOLOGICAL", "length": 113 }] },
  { "count": 3, "reads": [{ "type": "TECHNICAL", "length": 4 }, { "type": "BIOLOGICAL", "length": 337 }] },
  { "count": 3, "reads": [{ "type": "TECHNICAL", "length": 4 }, { "type": "BIOLOGICAL", "length": 328 }] },
  { "count": 3, "reads": [{ "type": "TECHNICAL", "length": 4 }, { "type": "BIOLOGICAL", "length": 324 }] },
  { "count": 3, "reads": [{ "type": "TECHNICAL", "length": 4 }, { "type": "BIOLOGICAL", "length": 317 }] },
  { "count": 3, "reads": [{ "type": "TECHNICAL", "length": 4 }, { "type": "BIOLOGICAL", "length": 315 }] },
  { "count": 3, "reads": [{ "type": "TECHNICAL", "length": 4 }, { "type": "BIOLOGICAL", "length": 311 }] },
  { "count": 3, "reads": [{ "type": "TECHNICAL", "length": 4 }, { "type": "BIOLOGICAL", "length": 310 }] },
  { "count": 3, "reads": [{ "type": "TECHNICAL", "length": 4 }, { "type": "BIOLOGICAL", "length": 184 }] },
  { "count": 3, "reads": [{ "type": "TECHNICAL", "length": 4 }, { "type": "BIOLOGICAL", "length": 176 }] },
  { "count": 3, "reads": [{ "type": "TECHNICAL", "length": 4 }, { "type": "BIOLOGICAL", "length": 172 }] },
  { "count": 3, "reads": [{ "type": "TECHNICAL", "length": 4 }, { "type": "BIOLOGICAL", "length": 153 }] },
  { "count": 3, "reads": [{ "type": "TECHNICAL", "length": 4 }, { "type": "BIOLOGICAL", "length": 152 }] },
  { "count": 3, "reads": [{ "type": "TECHNICAL", "length": 4 }, { "type": "BIOLOGICAL", "length": 148 }] },
  { "count": 3, "reads": [{ "type": "TECHNICAL", "length": 4 }, { "type": "BIOLOGICAL", "length": 147 }] },
  { "count": 3, "reads": [{ "type": "TECHNICAL", "length": 4 }, { "type": "BIOLOGICAL", "length": 144 }] },
  { "count": 3, "reads": [{ "type": "TECHNICAL", "length": 4 }, { "type": "BIOLOGICAL", "length": 141 }] },
  { "count": 3, "reads": [{ "type": "TECHNICAL", "length": 4 }, { "type": "BIOLOGICAL", "length": 140 }] },
  { "count": 3, "reads": [{ "type": "TECHNICAL", "length": 4 }, { "type": "BIOLOGICAL", "length": 139 }] },
  { "count": 3, "reads": [{ "type": "TECHNICAL", "length": 4 }, { "type": "BIOLOGICAL", "length": 137 }] },
  { "count": 3, "reads": [{ "type": "TECHNICAL", "length": 4 }, { "type": "BIOLOGICAL", "length": 136 }] },
  { "count": 3, "reads": [{ "type": "TECHNICAL", "length": 4 }, { "type": "BIOLOGICAL", "length": 111 }] },
  { "count": 3, "reads": [{ "type": "TECHNICAL", "length": 4 }, { "type": "BIOLOGICAL", "length": 109 }] },
  { "count": 3, "reads": [{ "type": "TECHNICAL", "length": 4 }, { "type": "BIOLOGICAL", "length": 99 }] },
  { "count": 3, "reads": [{ "type": "TECHNICAL", "length": 4 }, { "type": "BIOLOGICAL", "length": 95 }] },
  { "count": 2, "reads": [{ "type": "TECHNICAL", "length": 4 }, { "type": "BIOLOGICAL", "length": 379 }] },
  { "count": 2, "reads": [{ "type": "TECHNICAL", "length": 4 }, { "type": "BIOLOGICAL", "length": 372 }] },
  { "count": 2, "reads": [{ "type": "TECHNICAL", "length": 4 }, { "type": "BIOLOGICAL", "length": 363 }] },
  { "count": 2, "reads": [{ "type": "TECHNICAL", "length": 4 }, { "type": "BIOLOGICAL", "length": 355 }] },
  { "count": 2, "reads": [{ "type": "TECHNICAL", "length": 4 }, { "type": "BIOLOGICAL", "length": 348 }] },
  { "count": 2, "reads": [{ "type": "TECHNICAL", "length": 4 }, { "type": "BIOLOGICAL", "length": 346 }] },
  { "count": 2, "reads": [{ "type": "TECHNICAL", "length": 4 }, { "type": "BIOLOGICAL", "length": 344 }] },
  { "count": 2, "reads": [{ "type": "TECHNICAL", "length": 4 }, { "type": "BIOLOGICAL", "length": 343 }] },
  { "count": 2, "reads": [{ "type": "TECHNICAL", "length": 4 }, { "type": "BIOLOGICAL", "length": 340 }] },
  { "count": 2, "reads": [{ "type": "TECHNICAL", "length": 4 }, { "type": "BIOLOGICAL", "length": 329 }] },
  { "count": 2, "reads": [{ "type": "TECHNICAL", "length": 4 }, { "type": "BIOLOGICAL", "length": 327 }] },
  { "count": 2, "reads": [{ "type": "TECHNICAL", "length": 4 }, { "type": "BIOLOGICAL", "length": 326 }] },
  { "count": 2, "reads": [{ "type": "TECHNICAL", "length": 4 }, { "type": "BIOLOGICAL", "length": 322 }] },
  { "count": 2, "reads": [{ "type": "TECHNICAL", "length": 4 }, { "type": "BIOLOGICAL", "length": 320 }] },
  { "count": 2, "reads": [{ "type": "TECHNICAL", "length": 4 }, { "type": "BIOLOGICAL", "length": 319 }] },
  { "count": 2, "reads": [{ "type": "TECHNICAL", "length": 4 }, { "type": "BIOLOGICAL", "length": 312 }] },
  { "count": 2, "reads": [{ "type": "TECHNICAL", "length": 4 }, { "type": "BIOLOGICAL", "length": 161 }] },
  { "count": 2, "reads": [{ "type": "TECHNICAL", "length": 4 }, { "type": "BIOLOGICAL", "length": 156 }] },
  { "count": 2, "reads": [{ "type": "TECHNICAL", "length": 4 }, { "type": "BIOLOGICAL", "length": 155 }] },
  { "count": 2, "reads": [{ "type": "TECHNICAL", "length": 4 }, { "type": "BIOLOGICAL", "length": 149 }] },
  { "count": 2, "reads": [{ "type": "TECHNICAL", "length": 4 }, { "type": "BIOLOGICAL", "length": 132 }] },
  { "count": 2, "reads": [{ "type": "TECHNICAL", "length": 4 }, { "type": "BIOLOGICAL", "length": 130 }] },
  { "count": 2, "reads": [{ "type": "TECHNICAL", "length": 4 }, { "type": "BIOLOGICAL", "length": 128 }] },
  { "count": 2, "reads": [{ "type": "TECHNICAL", "length": 4 }, { "type": "BIOLOGICAL", "length": 115 }] },
  { "count": 2, "reads": [{ "type": "TECHNICAL", "length": 4 }, { "type": "BIOLOGICAL", "length": 110 }] },
  { "count": 2, "reads": [{ "type": "TECHNICAL", "length": 4 }, { "type": "BIOLOGICAL", "length": 108 }] },
  { "count": 2, "reads": [{ "type": "TECHNICAL", "length": 4 }, { "type": "BIOLOGICAL", "length": 105 }] },
  { "count": 2, "reads": [{ "type": "TECHNICAL", "length": 4 }, { "type": "BIOLOGICAL", "length": 98 }] },
  { "count": 2, "reads": [{ "type": "TECHNICAL", "length": 4 }, { "type": "BIOLOGICAL", "length": 83 }] },
  { "count": 1, "reads": [{ "type": "TECHNICAL", "length": 4 }, { "type": "BIOLOGICAL", "length": 571 }] },
  { "count": 1, "reads": [{ "type": "TECHNICAL", "length": 4 }, { "type": "BIOLOGICAL", "length": 490 }] },
  { "count": 1, "reads": [{ "type": "TECHNICAL", "length": 4 }, { "type": "BIOLOGICAL", "length": 448 }] },
  { "count": 1, "reads": [{ "type": "TECHNICAL", "length": 4 }, { "type": "BIOLOGICAL", "length": 439 }] },
  { "count": 1, "reads": [{ "type": "TECHNICAL", "length": 4 }, { "type": "BIOLOGICAL", "length": 434 }] },
  { "count": 1, "reads": [{ "type": "TECHNICAL", "length": 4 }, { "type": "BIOLOGICAL", "length": 427 }] },
  { "count": 1, "reads": [{ "type": "TECHNICAL", "length": 4 }, { "type": "BIOLOGICAL", "length": 418 }] },
  { "count": 1, "reads": [{ "type": "TECHNICAL", "length": 4 }, { "type": "BIOLOGICAL", "length": 405 }] },
  { "count": 1, "reads": [{ "type": "TECHNICAL", "length": 4 }, { "type": "BIOLOGICAL", "length": 400 }] },
  { "count": 1, "reads": [{ "type": "TECHNICAL", "length": 4 }, { "type": "BIOLOGICAL", "length": 398 }] },
  { "count": 1, "reads": [{ "type": "TECHNICAL", "length": 4 }, { "type": "BIOLOGICAL", "length": 394 }] },
  { "count": 1, "reads": [{ "type": "TECHNICAL", "length": 4 }, { "type": "BIOLOGICAL", "length": 385 }] },
  { "count": 1, "reads": [{ "type": "TECHNICAL", "length": 4 }, { "type": "BIOLOGICAL", "length": 384 }] },
  { "count": 1, "reads": [{ "type": "TECHNICAL", "length": 4 }, { "type": "BIOLOGICAL", "length": 383 }] },
  { "count": 1, "reads": [{ "type": "TECHNICAL", "length": 4 }, { "type": "BIOLOGICAL", "length": 381 }] },
  { "count": 1, "reads": [{ "type": "TECHNICAL", "length": 4 }, { "type": "BIOLOGICAL", "length": 377 }] },
  { "count": 1, "reads": [{ "type": "TECHNICAL", "length": 4 }, { "type": "BIOLOGICAL", "length": 376 }] },
  { "count": 1, "reads": [{ "type": "TECHNICAL", "length": 4 }, { "type": "BIOLOGICAL", "length": 375 }] },
  { "count": 1, "reads": [{ "type": "TECHNICAL", "length": 4 }, { "type": "BIOLOGICAL", "length": 374 }] },
  { "count": 1, "reads": [{ "type": "TECHNICAL", "length": 4 }, { "type": "BIOLOGICAL", "length": 368 }] },
  { "count": 1, "reads": [{ "type": "TECHNICAL", "length": 4 }, { "type": "BIOLOGICAL", "length": 362 }] },
  { "count": 1, "reads": [{ "type": "TECHNICAL", "length": 4 }, { "type": "BIOLOGICAL", "length": 361 }] },
  { "count": 1, "reads": [{ "type": "TECHNICAL", "length": 4 }, { "type": "BIOLOGICAL", "length": 360 }] },
  { "count": 1, "reads": [{ "type": "TECHNICAL", "length": 4 }, { "type": "BIOLOGICAL", "length": 359 }] },
  { "count": 1, "reads": [{ "type": "TECHNICAL", "length": 4 }, { "type": "BIOLOGICAL", "length": 354 }] },
  { "count": 1, "reads": [{ "type": "TECHNICAL", "length": 4 }, { "type": "BIOLOGICAL", "length": 353 }] },
  { "count": 1, "reads": [{ "type": "TECHNICAL", "length": 4 }, { "type": "BIOLOGICAL", "length": 352 }] },
  { "count": 1, "reads": [{ "type": "TECHNICAL", "length": 4 }, { "type": "BIOLOGICAL", "length": 351 }] },
  { "count": 1, "reads": [{ "type": "TECHNICAL", "length": 4 }, { "type": "BIOLOGICAL", "length": 347 }] },
  { "count": 1, "reads": [{ "type": "TECHNICAL", "length": 4 }, { "type": "BIOLOGICAL", "length": 341 }] },
  { "count": 1, "reads": [{ "type": "TECHNICAL", "length": 4 }, { "type": "BIOLOGICAL", "length": 331 }] },
  { "count": 1, "reads": [{ "type": "TECHNICAL", "length": 4 }, { "type": "BIOLOGICAL", "length": 325 }] },
  { "count": 1, "reads": [{ "type": "TECHNICAL", "length": 4 }, { "type": "BIOLOGICAL", "length": 323 }] },
  { "count": 1, "reads": [{ "type": "TECHNICAL", "length": 4 }, { "type": "BIOLOGICAL", "length": 321 }] },
  { "count": 1, "reads": [{ "type": "TECHNICAL", "length": 4 }, { "type": "BIOLOGICAL", "length": 318 }] },
  { "count": 1, "reads": [{ "type": "TECHNICAL", "length": 4 }, { "type": "BIOLOGICAL", "length": 316 }] },
  { "count": 1, "reads": [{ "type": "TECHNICAL", "length": 4 }, { "type": "BIOLOGICAL", "length": 307 }] },
  { "count": 1, "reads": [{ "type": "TECHNICAL", "length": 4 }, { "type": "BIOLOGICAL", "length": 187 }] },
  { "count": 1, "reads": [{ "type": "TECHNICAL", "length": 4 }, { "type": "BIOLOGICAL", "length": 163 }] },
  { "count": 1, "reads": [{ "type": "TECHNICAL", "length": 4 }, { "type": "BIOLOGICAL", "length": 143 }] },
  { "count": 1, "reads": [{ "type": "TECHNICAL", "length": 4 }, { "type": "BIOLOGICAL", "length": 134 }] },
  { "count": 1, "reads": [{ "type": "TECHNICAL", "length": 4 }, { "type": "BIOLOGICAL", "length": 131 }] },
  { "count": 1, "reads": [{ "type": "TECHNICAL", "length": 4 }, { "type": "BIOLOGICAL", "length": 127 }] },
  { "count": 1, "reads": [{ "type": "TECHNICAL", "length": 4 }, { "type": "BIOLOGICAL", "length": 125 }] },
  { "count": 1, "reads": [{ "type": "TECHNICAL", "length": 4 }, { "type": "BIOLOGICAL", "length": 124 }] },
  { "count": 1, "reads": [{ "type": "TECHNICAL", "length": 4 }, { "type": "BIOLOGICAL", "length": 122 }] },
  { "count": 1, "reads": [{ "type": "TECHNICAL", "length": 4 }, { "type": "BIOLOGICAL", "length": 116 }] },
  { "count": 1, "reads": [{ "type": "TECHNICAL", "length": 4 }, { "type": "BIOLOGICAL", "length": 114 }] },
  { "count": 1, "reads": [{ "type": "TECHNICAL", "length": 4 }, { "type": "BIOLOGICAL", "length": 104 }] },
  { "count": 1, "reads": [{ "type": "TECHNICAL", "length": 4 }, { "type": "BIOLOGICAL", "length": 91 }] },
  { "count": 1, "reads": [{ "type": "TECHNICAL", "length": 4 }, { "type": "BIOLOGICAL", "length": 77 }] },
  { "count": 1, "reads": [{ "type": "TECHNICAL", "length": 4 }, { "type": "BIOLOGICAL", "length": 64 }] },
  { "count": 1, "reads": [{ "type": "TECHNICAL", "length": 4 }, { "type": "BIOLOGICAL", "length": 57 }] }
 ]

}
