<SRA_INFO>
 <SPOTS>
  <layout><count>119</count><read><type>TECHNICAL</type><length>4</length></read><read><type>BIOLOGICAL</type><length>259</length></read></layout>
  <layout><count>112</count><read><type>TECHNICAL</type><length>4</length></read><read><type>BIOLOGICAL</type><length>256</length></read></layout>
  <layout><count>110</count><read><type>TECHNICAL</type><length>4</length></read><read><type>BIOLOGICAL</type><length>265</length></read></layout>
  <layout><count>103</count><read><type>TECHNICAL</type><length>4</length></read><read><type>BIOLOGICAL</type><length>261</length></read></layout>
  <layout><count>99</count><read><type>TECHNICAL</type><length>4</length></read><read><type>BIOLOGICAL</type><length>270</length></read></layout>
  <layout><count>99</count><read><type>TECHNICAL</type><length>4</length></read><read><type>BIOLOGICAL</type><length>262</length></read></layout>
  <layout><count>96</count><read><type>TECHNICAL</type><length>4</length></read><read><type>BIOLOGICAL</type><length>269</length></read></layout>
  <layout><count>95</count><read><type>TECHNICAL</type><length>4</length></read><read><type>BIOLOGICAL</type><length>264</length></read></layout>
  <layout><count>95</count><read><type>TECHNICAL</type><length>4</length></read><read><type>BIOLOGICAL</type><length>253</length></read></layout>
  <layout><count>93</count><read><type>TECHNICAL</type><length>4</length></read><read><type>BIOLOGICAL</type><length>266</length></read></layout>
  <layout><count>93</count><read><type>TECHNICAL</type><length>4</length></read><read><type>BIOLOGICAL</type><length>255</length></read></layout>
  <layout><count>92</count><read><type>TECHNICAL</type><length>4</length></read><read><type>BIOLOGICAL</type><length>263</length></read></layout>
  <layout><count>91</count><read><type>TECHNICAL</type><length>4</length></read><read><type>BIOLOGICAL</type><length>257</length></read></layout>
  <layout><count>91</count><read><type>TECHNICAL</type><length>4</length></read><read><type>BIOLOGICAL</type><length>254</length></read></layout>
  <layout><count>89</count><read><type>TECHNICAL</type><length>4</length></read><read><type>BIOLOGICAL</type><length>267</length></read></layout>
  <layout><count>86</count><read><type>TECHNICAL</type><length>4</length></read><read><type>BIOLOGICAL</type><length>250</length></read></layout>
  <layout><count>86</count><read><type>TECHNICAL</type><length>4</length></read><read><type>BIOLOGICAL</type><length>249</length></read></layout>
  <layout><count>83</count><read><type>TECHNICAL</type><length>4</length></read><read><type>BIOLOGICAL</type><length>260</length></read></layout>
  <layout><count>83</count><read><type>TECHNICAL</type><length>4</length></read><read><type>BIOLOGICAL</type><length>258</length></read></layout>
  <layout><count>81</count><read><type>TECHNICAL</type><length>4</length></read><read><type>BIOLOGICAL</type><length>272</length></read></layout>
  <layout><count>81</count><read><type>TECHNICAL</type><length>4</length></read><read><type>BIOLOGICAL</type><length>252</length></read></layout>
  <layout><count>79</count><read><type>TECHNICAL</type><length>4</length></read><read><type>BIOLOGICAL</type><length>268</length></read></layout>
  <layout><count>77</count><read><type>TECHNICAL</type><length>4</length></read><read><type>BIOLOGICAL</type><length>248</length></read></layout>
  <layout><count>72</count><read><type>TECHNICAL</type><length>4</length></read><read><type>BIOLOGICAL</type><length>275</length></read></layout>
  <layout><count>70</count><read><type>TECHNICAL</type><length>4</length></read><read><type>BIOLOGICAL</type><length>277</length></read></layout>
  <layout><count>68</count><read><type>TECHNICAL</type><length>4</length></read><read><type>BIOLOGICAL</type><length>273</length></read></layout>
  <layout><count>68</count><read><type>TECHNICAL</type><length>4</length></read><read><type>BIOLOGICAL</type><length>251</length></read></layout>
  <layout><count>64</count><read><type>TECHNICAL</type><length>4</length></read><read><type>BIOLOGICAL</type><length>247</length></read></layout>
  <layout><count>62</count><read><type>TECHNICAL</type><length>4</length></read><read><type>BIOLOGICAL</type><length>276</length></read></layout>
  <layout><count>62</count><read><type>TECHNICAL</type><length>4</length></read><read><type>BIOLOGICAL</type><length>246</length></read></layout>
  <layout><count>58</count><read><type>TECHNICAL</type><length>4</length></read><read><type>BIOLOGICAL</type><length>274</length></read></layout>
  <layout><count>55</count><read><type>TECHNICAL</type><length>4</length></read><read><type>BIOLOGICAL</type><length>271</length></read></layout>
  <layout><count>55</count><read><type>TECHNICAL</type><length>4</length></read><read><type>BIOLOGICAL</type><length>244</length></read></layout>
  <layout><count>54</count><read><type>TECHNICAL</type><length>4</length></read><read><type>BIOLOGICAL</type><length>245</length></read></layout>
  <layout><count>53</count><read><type>TECHNICAL</type><length>4</length></read><read><type>BIOLOGICAL</type><length>243</length></read></layout>
  <layout><count>50</count><read><type>TECHNICAL</type><length>4</length></read><read><type>BIOLOGICAL</type><length>242</length></read></layout>
  <layout><count>46</count><read><type>TECHNICAL</type><length>4</length></read><read><type>BIOLOGICAL</type><length>281</length></read></layout>
  <layout><count>44</count><read><type>TECHNICAL</type><length>4</length></read><read><type>BIOLOGICAL</type><length>280</length></read></layout>
  <layout><count>41</count><read><type>TECHNICAL</type><length>4</length></read><read><type>BIOLOGICAL</type><length>282</length></read></layout>
  <layout><count>39</count><read><type>TECHNICAL</type><length>4</length></read><read><type>BIOLOGICAL</type><length>278</length></read></layout>
  <layout><count>38</count><read><type>TECHNICAL</type><length>4</length></read><read><type>BIOLOGICAL</type><length>283</length></read></layout>
  <layout><count>38</count><read><type>TECHNICAL</type><length>4</length></read><read><type>BIOLOGICAL</type><length>279</length></read></layout>
  <layout><count>38</count><read><type>TECHNICAL</type><length>4</length></read><read><type>BIOLOGICAL</type><length>241</length></read></layout>
  <layout><count>38</count><read><type>TECHNICAL</type><length>4</length></read><read><type>BIOLOGICAL</type><length>240</length></read></layout>
  <layout><count>38</count><read><type>TECHNICAL</type><length>4</length></read><read><type>BIOLOGICAL</type><length>239</length></read></layout>
  <layout><count>35</count><read><type>TECHNICAL</type><length>4</length></read><read><type>BIOLOGICAL</type><length>286</length></read></layout>
  <layout><count>30</count><read><type>TECHNICAL</type><length>4</length></read><read><type>BIOLOGICAL</type><length>290</length></read></layout>
  <layout><count>30</count><read><type>TECHNICAL</type><length>4</length></read><read><type>BIOLOGICAL</type><length>287</length></read></layout>
  <layout><count>28</count><read><type>TECHNICAL</type><length>4</length></read><read><type>BIOLOGICAL</type><length>238</length></read></layout>
  <layout><count>27</count><read><type>TECHNICAL</type><length>4</length></read><read><type>BIOLOGICAL</type><length>285</length></read></layout>
  <layout><count>27</count><read><type>TECHNICAL</type><length>4</length></read><read><type>BIOLOGICAL</type><length>284</length></read></layout>
  <layout><count>24</count><read><type>TECHNICAL</type><length>4</length></read><read><type>BIOLOGICAL</type><length>237</length></read></layout>
  <layout><count>24</count><read><type>TECHNICAL</type><length>4</length></read><read><type>BIOLOGICAL</type><length>233</length></read></layout>
  <layout><count>23</count><read><type>TECHNICAL</type><length>4</length></read><read><type>BIOLOGICAL</type><length>288</length></read></layout>
  <layout><count>21</count><read><type>TECHNICAL</type><length>4</length></read><read><type>BIOLOGICAL</type><length>294</length></read></layout>
  <layout><count>21</count><read><type>TECHNICAL</type><length>4</length></read><read><type>BIOLOGICAL</type><length>236</length></read></layout>
  <layout><count>21</count><read><type>TECHNICAL</type><length>4</length></read><read><type>BIOLOGICAL</type><length>232</length></read></layout>
  <layout><count>19</count><read><type>TECHNICAL</type><length>4</length></read><read><type>BIOLOGICAL</type><length>289</length></read></layout>
  <layout><count>19</count><read><type>TECHNICAL</type><length>4</length></read><read><type>BIOLOGICAL</type><length>235</length></read></layout>
  <layout><count>18</count><read><type>TECHNICAL</type><length>4</length></read><read><type>BIOLOGICAL</type><length>291</length></read></layout>
  <layout><count>17</count><read><type>TECHNICAL</type><length>4</length></read><read><type>BIOLOGICAL</type><length>234</length></read></layout>
  <layout><count>16</count><read><type>TECHNICAL</type><length>4</length></read><read><type>BIOLOGICAL</type><length>297</length></read></layout>
  <layout><count>15</count><read><type>TECHNICAL</type><length>4</length></read><read><type>BIOLOGICAL</type><length>296</length></read></layout>
  <layout><count>15</count><read><type>TECHNICAL</type><length>4</length></read><read><type>BIOLOGICAL</type><length>230</length></read></layout>
  <layout><count>15</count><read><type>TECHNICAL</type><length>4</length></read><read><type>BIOLOGICAL</type><length>229</length></read></layout>
  <layout><count>14</count><read><type>TECHNICAL</type><length>4</length></read><read><type>BIOLOGICAL</type><length>293</length></read></layout>
  <layout><count>13</count><read><type>TECHNICAL</type><length>4</length></read><read><type>BIOLOGICAL</type><length>228</length></read></layout>
  <layout><count>13</count><read><type>TECHNICAL</type><length>4</length></read><read><type>BIOLOGICAL</type><length>225</length></read></layout>
  <layout><count>13</count><read><type>TECHNICAL</type><length>4</length></read><read><type>BIOLOGICAL</type><length>215</length></read></layout>
  <layout><count>12</count><read><type>TECHNICAL</type><length>4</length></read><read><type>BIOLOGICAL</type><length>303</length></read></layout>
  <layout><count>12</count><read><type>TECHNICAL</type><length>4</length></read><read><type>BIOLOGICAL</type><length>292</length></read></layout>
  <layout><count>12</count><read><type>TECHNICAL</type><length>4</length></read><read><type>BIOLOGICAL</type><length>223</length></read></layout>
  <layout><count>12</count><read><type>TECHNICAL</type><length>4</length></read><read><type>BIOLOGICAL</type><length>211</length></read></layout>
  <layout><count>11</count><read><type>TECHNICAL</type><length>4</length></read><read><type>BIOLOGICAL</type><length>216</length></read></layout>
  <layout><count>11</count><read><type>TECHNICAL</type><length>4</length></read><read><type>BIOLOGICAL</type><length>213</length></read></layout>
  <layout><count>11</count><read><type>TECHNICAL</type><length>4</length></read><read><type>BIOLOGICAL</type><length>164</length></read></layout>
  <layout><count>10</count><read><type>TECHNICAL</type><length>4</length></read><read><type>BIOLOGICAL</type><length>301</length></read></layout>
  <layout><count>10</count><read><type>TECHNICAL</type><length>4</length></read><read><type>BIOLOGICAL</type><length>300</length></read></layout>
  <layout><count>10</count><read><type>TECHNICAL</type><length>4</length></read><read><type>BIOLOGICAL</type><length>231</length></read></layout>
  <layout><count>10</count><read><type>TECHNICAL</type><length>4</length></read><read><type>BIOLOGICAL</type><length>226</length></read></layout>
  <layout><count>10</count><read><type>TECHNICAL</type><length>4</length></read><read><type>BIOLOGICAL</type><length>217</length></read></layout>
  <layout><count>10</count><read><type>TECHNICAL</type><length>4</length></read><read><type>BIOLOGICAL</type><length>191</length></read></layout>
  <layout><count>9</count><read><type>TECHNICAL</type><length>4</length></read><read><type>BIOLOGICAL</type><length>299</length></read></layout>
  <layout><count>9</count><read><type>TECHNICAL</type><length>4</length></read><read><type>BIOLOGICAL</type><length>295</length></read></layout>
  <layout><count>9</count><read><type>TECHNICAL</type><length>4</length></read><read><type>BIOLOGICAL</type><length>221</length></read></layout>
  <layout><count>9</count><read><type>TECHNICAL</type><length>4</length></read><read><type>BIOLOGICAL</type><length>212</length></read></layout>
  <layout><count>9</count><read><type>TECHNICAL</type><length>4</length></read><read><type>BIOLOGICAL</type><length>203</length></read></layout>
  <layout><count>9</count><read><type>TECHNICAL</type><length>4</length></read><read><type>BIOLOGICAL</type><length>185</length></read></layout>
  <layout><count>9</count><read><type>TECHNICAL</type><length>4</length></read><read><type>BIOLOGICAL</type><length>177</length></read></layout>
  <layout><count>9</count><read><type>TECHNICAL</type><length>4</length></read><read><type>BIOLOGICAL</type><length>169</length></read></layout>
  <layout><count>9</count><read><type>TECHNICAL</type><length>4</length></read><read><type>BIOLOGICAL</type><length>165</length></read></layout>
  <layout><count>8</count><read><type>TECHNICAL</type><length>4</length></read><read><type>BIOLOGICAL</type><length>306</length></read></layout>
  <layout><count>8</count><read><type>TECHNICAL</type><length>4</length></read><read><type>BIOLOGICAL</type><length>224</length></read></layout>
  <layout><count>8</count><read><type>TECHNICAL</type><length>4</length></read><read><type>BIOLOGICAL</type><length>218</length></read></layout>
  <layout><count>8</count><read><type>TECHNICAL</type><length>4</length></read><read><type>BIOLOGICAL</type><length>210</length></read></layout>
  <layout><count>8</count><read><type>TECHNICAL</type><length>4</length></read><read><type>BIOLOGICAL</type><length>198</length></read></layout>
  <layout><count>8</count><read><type>TECHNICAL</type><length>4</length></read><read><type>BIOLOGICAL</type><length>180</length></read></layout>
  <layout><count>8</count><read><type>TECHNICAL</type><length>4</length></read><read><type>BIOLOGICAL</type><length>178</length></read></layout>
  <layout><count>8</count><read><type>TECHNICAL</type><length>4</length></read><read><type>BIOLOGICAL</type><length>174</length></read></layout>
  <layout><count>7</count><read><type>TECHNICAL</type><length>4</length></read><read><type>BIOLOGICAL</type><length>309</length></read></layout>
  <layout><count>7</count><read><type>TECHNICAL</type><length>4</length></read><read><type>BIOLOGICAL</type><length>305</length></read></layout>
  <layout><count>7</count><read><type>TECHNICAL</type><length>4</length></read><read><type>BIOLOGICAL</type><length>298</length></read></layout>
  <layout><count>7</count><read><type>TECHNICAL</type><length>4</length></read><read><type>BIOLOGICAL</type><length>222</length></read></layout>
  <layout><count>7</count><read><type>TECHNICAL</type><length>4</length></read><read><type>BIOLOGICAL</type><length>207</length></read></layout>
  <layout><count>7</count><read><type>TECHNICAL</type><length>4</length></read><read><type>BIOLOGICAL</type><length>204</length></read></layout>
  <layout><count>7</count><read><type>TECHNICAL</type><length>4</length></read><read><type>BIOLOGICAL</type><length>202</length></read></layout>
  <layout><count>7</count><read><type>TECHNICAL</type><length>4</length></read><read><type>BIOLOGICAL</type><length>197</length></read></layout>
  <layout><count>7</count><read><type>TECHNICAL</type><length>4</length></read><read><type>BIOLOGICAL</type><length>190</length></read></layout>
  <layout><count>7</count><read><type>TECHNICAL</type><length>4</length></read><read><type>BIOLOGICAL</type><length>186</length></read></layout>
  <layout><count>7</count><read><type>TECHNICAL</type><length>4</length></read><read><type>BIOLOGICAL</type><length>167</length></read></layout>
  <layout><count>7</count><read><type>TECHNICAL</type><length>4</length></read><read><type>BIOLOGICAL</type><length>166</length></read></layout>
  <layout><count>7</count><read><type>TECHNICAL</type><length>4</length></read><read><type>BIOLOGICAL</type><length>158</length></read></layout>
  <layout><count>6</count><read><type>TECHNICAL</type><length>4</length></read><read><type>BIOLOGICAL</type><length>302</length></read></layout>
  <layout><count>6</count><read><type>TECHNICAL</type><length>4</length></read><read><type>BIOLOGICAL</type><length>227</length></read></layout>
  <layout><count>6</count><read><type>TECHNICAL</type><length>4</length></read><read><type>BIOLOGICAL</type><length>220</length></read></layout>
  <layout><count>6</count><read><type>TECHNICAL</type><length>4</length></read><read><type>BIOLOGICAL</type><length>219</length></read></layout>
  <layout><count>6</count><read><type>TECHNICAL</type><length>4</length></read><read><type>BIOLOGICAL</type><length>208</length></read></layout>
  <layout><count>6</count><read><type>TECHNICAL</type><length>4</length></read><read><type>BIOLOGICAL</type><length>206</length></read></layout>
  <layout><count>6</count><read><type>TECHNICAL</type><length>4</length></read><read><type>BIOLOGICAL</type><length>205</length></read></layout>
  <layout><count>6</count><read><type>TECHNICAL</type><length>4</length></read><read><type>BIOLOGICAL</type><length>200</length></read></layout>
  <layout><count>6</count><read><type>TECHNICAL</type><length>4</length></read><read><type>BIOLOGICAL</type><length>189</length></read></layout>
  <layout><count>6</count><read><type>TECHNICAL</type><length>4</length></read><read><type>BIOLOGICAL</type><length>183</length></read></layout>
  <layout><count>6</count><read><type>TECHNICAL</type><length>4</length></read><read><type>BIOLOGICAL</type><length>173</length></read></layout>
  <layout><count>6</count><read><type>TECHNICAL</type><length>4</length></read><read><type>BIOLOGICAL</type><length>146</length></read></layout>
  <layout><count>6</count><read><type>TECHNICAL</type><length>4</length></read><read><type>BIOLOGICAL</type><length>142</length></read></layout>
  <layout><count>6</count><read><type>TECHNICAL</type><length>4</length></read><read><type>BIOLOGICAL</type><length>138</length></read></layout>
  <layout><count>5</count><read><type>TECHNICAL</type><length>4</length></read><read><type>BIOLOGICAL</type><length>304</length></read></layout>
  <layout><count>5</count><read><type>TECHNICAL</type><length>4</length></read><read><type>BIOLOGICAL</type><length>214</length></read></layout>
  <layout><count>5</count><read><type>TECHNICAL</type><length>4</length></read><read><type>BIOLOGICAL</type><length>209</length></read></layout>
  <layout><count>5</count><read><type>TECHNICAL</type><length>4</length></read><read><type>BIOLOGICAL</type><length>201</length></read></layout>
  <layout><count>5</count><read><type>TECHNICAL</type><length>4</length></read><read><type>BIOLOGICAL</type><length>199</length></read></layout>
  <layout><count>5</count><read><type>TECHNICAL</type><length>4</length></read><read><type>BIOLOGICAL</type><length>195</length></read></layout>
  <layout><count>5</count><read><type>TECHNICAL</type><length>4</length></read><read><type>BIOLOGICAL</type><length>193</length></read></layout>
  <layout><count>5</count><read><type>TECHNICAL</type><length>4</length></read><read><type>BIOLOGICAL</type><length>192</length></read></layout>
  <layout><count>5</count><read><type>TECHNICAL</type><length>4</length></read><read><type>BIOLOGICAL</type><length>182</length></read></layout>
  <layout><count>5</count><read><type>TECHNICAL</type><length>4</length></read><read><type>BIOLOGICAL</type><length>175</length></read></layout>
  <layout><count>5</count><read><type>TECHNICAL</type><length>4</length></read><read><type>BIOLOGICAL</type><length>168</length></read></layout>
  <layout><count>5</count><read><type>TECHNICAL</type><length>4</length></read><read><type>BIOLOGICAL</type><length>162</length></read></layout>
  <layout><count>5</count><read><type>TECHNICAL</type><length>4</length></read><read><type>BIOLOGICAL</type><length>160</length></read></layout>
  <layout><count>5</count><read><type>TECHNICAL</type><length>4</length></read><read><type>BIOLOGICAL</type><length>151</length></read></layout>
  <layout><count>5</count><read><type>TECHNICAL</type><length>4</length></read><read><type>BIOLOGICAL</type><length>150</length></read></layout>
  <layout><count>5</count><read><type>TECHNICAL</type><length>4</length></read><read><type>BIOLOGICAL</type><length>145</length></read></layout>
  <layout><count>5</count><read><type>TECHNICAL</type><length>4</length></read><read><type>BIOLOGICAL</type><length>133</length></read></layout>
  <layout><count>4</count><read><type>TECHNICAL</type><length>4</length></read><read><type>BIOLOGICAL</type><length>330</length></read></layout>
  <layout><count>4</count><read><type>TECHNICAL</type><length>4</length></read><read><type>BIOLOGICAL</type><length>314</length></read></layout>
  <layout><count>4</count><read><type>TECHNICAL</type><length>4</length></read><read><type>BIOLOGICAL</type><length>313</length></read></layout>
  <layout><count>4</count><read><type>TECHNICAL</type><length>4</length></read><read><type>BIOLOGICAL</type><length>308</length></read></layout>
  <layout><count>4</count><read><type>TECHNICAL</type><length>4</length></read><read><type>BIOLOGICAL</type><length>196</length></read></layout>
  <layout><count>4</count><read><type>TECHNICAL</type><length>4</length></read><read><type>BIOLOGICAL</type><length>194</length></read></layout>
  <layout><count>4</count><read><type>TECHNICAL</type><length>4</length></read><read><type>BIOLOGICAL</type><length>188</length></read></layout>
  <layout><count>4</count><read><type>TECHNICAL</type><length>4</length></read><read><type>BIOLOGICAL</type><length>181</length></read></layout>
  <layout><count>4</count><read><type>TECHNICAL</type><length>4</length></read><read><type>BIOLOGICAL</type><length>179</length></read></layout>
  <layout><count>4</count><read><type>TECHNICAL</type><length>4</length></read><read><type>BIOLOGICAL</type><length>171</length></read></layout>
  <layout><count>4</count><read><type>TECHNICAL</type><length>4</length></read><read><type>BIOLOGICAL</type><length>170</length></read></layout>
  <layout><count>4</count><read><type>TECHNICAL</type><length>4</length></read><read><type>BIOLOGICAL</type><length>159</length></read></layout>
  <layout><count>4</count><read><type>TECHNICAL</type><length>4</length></read><read><type>BIOLOGICAL</type><length>157</length></read></layout>
  <layout><count>4</count><read><type>TECHNICAL</type><length>4</length></read><read><type>BIOLOGICAL</type><length>154</length></read></layout>
  <layout><count>4</count><read><type>TECHNICAL</type><length>4</length></read><read><type>BIOLOGICAL</type><length>135</length></read></layout>
  <layout><count>4</count><read><type>TECHNICAL</type><length>4</length></read><read><type>BIOLOGICAL</type><length>129</length></read></layout>
  <layout><count>4</count><read><type>TECHNICAL</type><length>4</length></read><read><type>BIOLOGICAL</type><length>120</length></read></layout>
  <layout><count>4</count><read><type>TECHNICAL</type><length>4</length></read><read><type>BIOLOGICAL</type><length>113</length></read></layout>
  <layout><count>3</count><read><type>TECHNICAL</type><length>4</length></read><read><type>BIOLOGICAL</type><length>337</length></read></layout>
  <layout><count>3</count><read><type>TECHNICAL</type><length>4</length></read><read><type>BIOLOGICAL</type><length>328</length></read></layout>
  <layout><count>3</count><read><type>TECHNICAL</type><length>4</length></read><read><type>BIOLOGICAL</type><length>324</length></read></layout>
  <layout><count>3</count><read><type>TECHNICAL</type><length>4</length></read><read><type>BIOLOGICAL</type><length>317</length></read></layout>
  <layout><count>3</count><read><type>TECHNICAL</type><length>4</length></read><read><type>BIOLOGICAL</type><length>315</length></read></layout>
  <layout><count>3</count><read><type>TECHNICAL</type><length>4</length></read><read><type>BIOLOGICAL</type><length>311</length></read></layout>
  <layout><count>3</count><read><type>TECHNICAL</type><length>4</length></read><read><type>BIOLOGICAL</type><length>310</length></read></layout>
  <layout><count>3</count><read><type>TECHNICAL</type><length>4</length></read><read><type>BIOLOGICAL</type><length>184</length></read></layout>
  <layout><count>3</count><read><type>TECHNICAL</type><length>4</length></read><read><type>BIOLOGICAL</type><length>176</length></read></layout>
  <layout><count>3</count><read><type>TECHNICAL</type><length>4</length></read><read><type>BIOLOGICAL</type><length>172</length></read></layout>
  <layout><count>3</count><read><type>TECHNICAL</type><length>4</length></read><read><type>BIOLOGICAL</type><length>153</length></read></layout>
  <layout><count>3</count><read><type>TECHNICAL</type><length>4</length></read><read><type>BIOLOGICAL</type><length>152</length></read></layout>
  <layout><count>3</count><read><type>TECHNICAL</type><length>4</length></read><read><type>BIOLOGICAL</type><length>148</length></read></layout>
  <layout><count>3</count><read><type>TECHNICAL</type><length>4</length></read><read><type>BIOLOGICAL</type><length>147</length></read></layout>
  <layout><count>3</count><read><type>TECHNICAL</type><length>4</length></read><read><type>BIOLOGICAL</type><length>144</length></read></layout>
  <layout><count>3</count><read><type>TECHNICAL</type><length>4</length></read><read><type>BIOLOGICAL</type><length>141</length></read></layout>
  <layout><count>3</count><read><type>TECHNICAL</type><length>4</length></read><read><type>BIOLOGICAL</type><length>140</length></read></layout>
  <layout><count>3</count><read><type>TECHNICAL</type><length>4</length></read><read><type>BIOLOGICAL</type><length>139</length></read></layout>
  <layout><count>3</count><read><type>TECHNICAL</type><length>4</length></read><read><type>BIOLOGICAL</type><length>137</length></read></layout>
  <layout><count>3</count><read><type>TECHNICAL</type><length>4</length></read><read><type>BIOLOGICAL</type><length>136</length></read></layout>
  <layout><count>3</count><read><type>TECHNICAL</type><length>4</length></read><read><type>BIOLOGICAL</type><length>111</length></read></layout>
  <layout><count>3</count><read><type>TECHNICAL</type><length>4</length></read><read><type>BIOLOGICAL</type><length>109</length></read></layout>
  <layout><count>3</count><read><type>TECHNICAL</type><length>4</length></read><read><type>BIOLOGICAL</type><length>99</length></read></layout>
  <layout><count>3</count><read><type>TECHNICAL</type><length>4</length></read><read><type>BIOLOGICAL</type><length>95</length></read></layout>
  <layout><count>2</count><read><type>TECHNICAL</type><length>4</length></read><read><type>BIOLOGICAL</type><length>379</length></read></layout>
  <layout><count>2</count><read><type>TECHNICAL</type><length>4</length></read><read><type>BIOLOGICAL</type><length>372</length></read></layout>
  <layout><count>2</count><read><type>TECHNICAL</type><length>4</length></read><read><type>BIOLOGICAL</type><length>363</length></read></layout>
  <layout><count>2</count><read><type>TECHNICAL</type><length>4</length></read><read><type>BIOLOGICAL</type><length>355</length></read></layout>
  <layout><count>2</count><read><type>TECHNICAL</type><length>4</length></read><read><type>BIOLOGICAL</type><length>348</length></read></layout>
  <layout><count>2</count><read><type>TECHNICAL</type><length>4</length></read><read><type>BIOLOGICAL</type><length>346</length></read></layout>
  <layout><count>2</count><read><type>TECHNICAL</type><length>4</length></read><read><type>BIOLOGICAL</type><length>344</length></read></layout>
  <layout><count>2</count><read><type>TECHNICAL</type><length>4</length></read><read><type>BIOLOGICAL</type><length>343</length></read></layout>
  <layout><count>2</count><read><type>TECHNICAL</type><length>4</length></read><read><type>BIOLOGICAL</type><length>340</length></read></layout>
  <layout><count>2</count><read><type>TECHNICAL</type><length>4</length></read><read><type>BIOLOGICAL</type><length>329</length></read></layout>
  <layout><count>2</count><read><type>TECHNICAL</type><length>4</length></read><read><type>BIOLOGICAL</type><length>327</length></read></layout>
  <layout><count>2</count><read><type>TECHNICAL</type><length>4</length></read><read><type>BIOLOGICAL</type><length>326</length></read></layout>
  <layout><count>2</count><read><type>TECHNICAL</type><length>4</length></read><read><type>BIOLOGICAL</type><length>322</length></read></layout>
  <layout><count>2</count><read><type>TECHNICAL</type><length>4</length></read><read><type>BIOLOGICAL</type><length>320</length></read></layout>
  <layout><count>2</count><read><type>TECHNICAL</type><length>4</length></read><read><type>BIOLOGICAL</type><length>319</length></read></layout>
  <layout><count>2</count><read><type>TECHNICAL</type><length>4</length></read><read><type>BIOLOGICAL</type><length>312</length></read></layout>
  <layout><count>2</count><read><type>TECHNICAL</type><length>4</length></read><read><type>BIOLOGICAL</type><length>161</length></read></layout>
  <layout><count>2</count><read><type>TECHNICAL</type><length>4</length></read><read><type>BIOLOGICAL</type><length>156</length></read></layout>
  <layout><count>2</count><read><type>TECHNICAL</type><length>4</length></read><read><type>BIOLOGICAL</type><length>155</length></read></layout>
  <layout><count>2</count><read><type>TECHNICAL</type><length>4</length></read><read><type>BIOLOGICAL</type><length>149</length></read></layout>
  <layout><count>2</count><read><type>TECHNICAL</type><length>4</length></read><read><type>BIOLOGICAL</type><length>132</length></read></layout>
  <layout><count>2</count><read><type>TECHNICAL</type><length>4</length></read><read><type>BIOLOGICAL</type><length>130</length></read></layout>
  <layout><count>2</count><read><type>TECHNICAL</type><length>4</length></read><read><type>BIOLOGICAL</type><length>128</length></read></layout>
  <layout><count>2</count><read><type>TECHNICAL</type><length>4</length></read><read><type>BIOLOGICAL</type><length>115</length></read></layout>
  <layout><count>2</count><read><type>TECHNICAL</type><length>4</length></read><read><type>BIOLOGICAL</type><length>110</length></read></layout>
  <layout><count>2</count><read><type>TECHNICAL</type><length>4</length></read><read><type>BIOLOGICAL</type><length>108</length></read></layout>
  <layout><count>2</count><read><type>TECHNICAL</type><length>4</length></read><read><type>BIOLOGICAL</type><length>105</length></read></layout>
  <layout><count>2</count><read><type>TECHNICAL</type><length>4</length></read><read><type>BIOLOGICAL</type><length>98</length></read></layout>
  <layout><count>2</count><read><type>TECHNICAL</type><length>4</length></read><read><type>BIOLOGICAL</type><length>83</length></read></layout>
  <layout><count>1</count><read><type>TECHNICAL</type><length>4</length></read><read><type>BIOLOGICAL</type><length>571</length></read></layout>
  <layout><count>1</count><read><type>TECHNICAL</type><length>4</length></read><read><type>BIOLOGICAL</type><length>490</length></read></layout>
  <layout><count>1</count><read><type>TECHNICAL</type><length>4</length></read><read><type>BIOLOGICAL</type><length>448</length></read></layout>
  <layout><count>1</count><read><type>TECHNICAL</type><length>4</length></read><read><type>BIOLOGICAL</type><length>439</length></read></layout>
  <layout><count>1</count><read><type>TECHNICAL</type><length>4</length></read><read><type>BIOLOGICAL</type><length>434</length></read></layout>
  <layout><count>1</count><read><type>TECHNICAL</type><length>4</length></read><read><type>BIOLOGICAL</type><length>427</length></read></layout>
  <layout><count>1</count><read><type>TECHNICAL</type><length>4</length></read><read><type>BIOLOGICAL</type><length>418</length></read></layout>
  <layout><count>1</count><read><type>TECHNICAL</type><length>4</length></read><read><type>BIOLOGICAL</type><length>405</length></read></layout>
  <layout><count>1</count><read><type>TECHNICAL</type><length>4</length></read><read><type>BIOLOGICAL</type><length>400</length></read></layout>
  <layout><count>1</count><read><type>TECHNICAL</type><length>4</length></read><read><type>BIOLOGICAL</type><length>398</length></read></layout>
  <layout><count>1</count><read><type>TECHNICAL</type><length>4</length></read><read><type>BIOLOGICAL</type><length>394</length></read></layout>
  <layout><count>1</count><read><type>TECHNICAL</type><length>4</length></read><read><type>BIOLOGICAL</type><length>385</length></read></layout>
  <layout><count>1</count><read><type>TECHNICAL</type><length>4</length></read><read><type>BIOLOGICAL</type><length>384</length></read></layout>
  <layout><count>1</count><read><type>TECHNICAL</type><length>4</length></read><read><type>BIOLOGICAL</type><length>383</length></read></layout>
  <layout><count>1</count><read><type>TECHNICAL</type><length>4</length></read><read><type>BIOLOGICAL</type><length>381</length></read></layout>
  <layout><count>1</count><read><type>TECHNICAL</type><length>4</length></read><read><type>BIOLOGICAL</type><length>377</length></read></layout>
  <layout><count>1</count><read><type>TECHNICAL</type><length>4</length></read><read><type>BIOLOGICAL</type><length>376</length></read></layout>
  <layout><count>1</count><read><type>TECHNICAL</type><length>4</length></read><read><type>BIOLOGICAL</type><length>375</length></read></layout>
  <layout><count>1</count><read><type>TECHNICAL</type><length>4</length></read><read><type>BIOLOGICAL</type><length>374</length></read></layout>
  <layout><count>1</count><read><type>TECHNICAL</type><length>4</length></read><read><type>BIOLOGICAL</type><length>368</length></read></layout>
  <layout><count>1</count><read><type>TECHNICAL</type><length>4</length></read><read><type>BIOLOGICAL</type><length>362</length></read></layout>
  <layout><count>1</count><read><type>TECHNICAL</type><length>4</length></read><read><type>BIOLOGICAL</type><length>361</length></read></layout>
  <layout><count>1</count><read><type>TECHNICAL</type><length>4</length></read><read><type>BIOLOGICAL</type><length>360</length></read></layout>
  <layout><count>1</count><read><type>TECHNICAL</type><length>4</length></read><read><type>BIOLOGICAL</type><length>359</length></read></layout>
  <layout><count>1</count><read><type>TECHNICAL</type><length>4</length></read><read><type>BIOLOGICAL</type><length>354</length></read></layout>
  <layout><count>1</count><read><type>TECHNICAL</type><length>4</length></read><read><type>BIOLOGICAL</type><length>353</length></read></layout>
  <layout><count>1</count><read><type>TECHNICAL</type><length>4</length></read><read><type>BIOLOGICAL</type><length>352</length></read></layout>
  <layout><count>1</count><read><type>TECHNICAL</type><length>4</length></read><read><type>BIOLOGICAL</type><length>351</length></read></layout>
  <layout><count>1</count><read><type>TECHNICAL</type><length>4</length></read><read><type>BIOLOGICAL</type><length>347</length></read></layout>
  <layout><count>1</count><read><type>TECHNICAL</type><length>4</length></read><read><type>BIOLOGICAL</type><length>341</length></read></layout>
  <layout><count>1</count><read><type>TECHNICAL</type><length>4</length></read><read><type>BIOLOGICAL</type><length>331</length></read></layout>
  <layout><count>1</count><read><type>TECHNICAL</type><length>4</length></read><read><type>BIOLOGICAL</type><length>325</length></read></layout>
  <layout><count>1</count><read><type>TECHNICAL</type><length>4</length></read><read><type>BIOLOGICAL</type><length>323</length></read></layout>
  <layout><count>1</count><read><type>TECHNICAL</type><length>4</length></read><read><type>BIOLOGICAL</type><length>321</length></read></layout>
  <layout><count>1</count><read><type>TECHNICAL</type><length>4</length></read><read><type>BIOLOGICAL</type><length>318</length></read></layout>
  <layout><count>1</count><read><type>TECHNICAL</type><length>4</length></read><read><type>BIOLOGICAL</type><length>316</length></read></layout>
  <layout><count>1</count><read><type>TECHNICAL</type><length>4</length></read><read><type>BIOLOGICAL</type><length>307</length></read></layout>
  <layout><count>1</count><read><type>TECHNICAL</type><length>4</length></read><read><type>BIOLOGICAL</type><length>187</length></read></layout>
  <layout><count>1</count><read><type>TECHNICAL</type><length>4</length></read><read><type>BIOLOGICAL</type><length>163</length></read></layout>
  <layout><count>1</count><read><type>TECHNICAL</type><length>4</length></read><read><type>BIOLOGICAL</type><length>143</length></read></layout>
  <layout><count>1</count><read><type>TECHNICAL</type><length>4</length></read><read><type>BIOLOGICAL</type><length>134</length></read></layout>
  <layout><count>1</count><read><type>TECHNICAL</type><length>4</length></read><read><type>BIOLOGICAL</type><length>131</length></read></layout>
  <layout><count>1</count><read><type>TECHNICAL</type><length>4</length></read><read><type>BIOLOGICAL</type><length>127</length></read></layout>
  <layout><count>1</count><read><type>TECHNICAL</type><length>4</length></read><read><type>BIOLOGICAL</type><length>125</length></read></layout>
  <layout><count>1</count><read><type>TECHNICAL</type><length>4</length></read><read><type>BIOLOGICAL</type><length>124</length></read></layout>
  <layout><count>1</count><read><type>TECHNICAL</type><length>4</length></read><read><type>BIOLOGICAL</type><length>122</length></read></layout>
  <layout><count>1</count><read><type>TECHNICAL</type><length>4</length></read><read><type>BIOLOGICAL</type><length>116</length></read></layout>
  <layout><count>1</count><read><type>TECHNICAL</type><length>4</length></read><read><type>BIOLOGICAL</type><length>114</length></read></layout>
  <layout><count>1</count><read><type>TECHNICAL</type><length>4</length></read><read><type>BIOLOGICAL</type><length>104</length></read></layout>
  <layout><count>1</count><read><type>TECHNICAL</type><length>4</length></read><read><type>BIOLOGICAL</type><length>91</length></read></layout>
  <layout><count>1</count><read><type>TECHNICAL</type><length>4</length></read><read><type>BIOLOGICAL</type><length>77</length></read></layout>
  <layout><count>1</count><read><type>TECHNICAL</type><length>4</length></read><read><type>BIOLOGICAL</type><length>64</length></read></layout>
  <layout><count>1</count><read><type>TECHNICAL</type><length>4</length></read><read><type>BIOLOGICAL</type><length>57</length></read></layout>
 </SPOTS>
</SRA_INFO>
