SPOT: 47 spots: BIOLOGICAL(length=378)
SPOT: 45 spots: BIOLOGICAL(length=898)
SPOT: 45 spots: BIOLOGICAL(length=887)
SPOT: 43 spots: BIOLOGICAL(length=970)
SPOT: 42 spots: BIOLOGICAL(length=389)
SPOT: 41 spots: BIOLOGICAL(length=998)
SPOT: 40 spots: BIOLOGICAL(length=1181)
SPOT: 40 spots: BIOLOGICAL(length=983)
SPOT: 40 spots: BIOLOGICAL(length=922)
SPOT: 40 spots: BIOLOGICAL(length=901)
SPOT: 40 spots: BIOLOGICAL(length=879)
SPOT: 40 spots: BIOLOGICAL(length=866)
SPOT: 40 spots: BIOLOGICAL(length=381)
SPOT: 39 spots: BIOLOGICAL(length=1190)
SPOT: 39 spots: BIOLOGICAL(length=984)
SPOT: 39 spots: BIOLOGICAL(length=946)
SPOT: 38 spots: BIOLOGICAL(length=1035)
SPOT: 38 spots: BIOLOGICAL(length=960)
SPOT: 38 spots: BIOLOGICAL(length=954)
SPOT: 38 spots: BIOLOGICAL(length=934)
SPOT: 38 spots: BIOLOGICAL(length=916)
SPOT: 38 spots: BIOLOGICAL(length=889)
SPOT: 38 spots: BIOLOGICAL(length=844)
SPOT: 38 spots: BIOLOGICAL(length=835)
SPOT: 38 spots: BIOLOGICAL(length=401)
SPOT: 37 spots: BIOLOGICAL(length=1003)
SPOT: 37 spots: BIOLOGICAL(length=975)
SPOT: 37 spots: BIOLOGICAL(length=949)
SPOT: 37 spots: BIOLOGICAL(length=948)
SPOT: 37 spots: BIOLOGICAL(length=942)
SPOT: 37 spots: BIOLOGICAL(length=927)
SPOT: 37 spots: BIOLOGICAL(length=918)
SPOT: 37 spots: BIOLOGICAL(length=903)
SPOT: 37 spots: BIOLOGICAL(length=890)
SPOT: 37 spots: BIOLOGICAL(length=864)
SPOT: 37 spots: BIOLOGICAL(length=395)
SPOT: 37 spots: BIOLOGICAL(length=394)
SPOT: 36 spots: BIOLOGICAL(length=1033)
SPOT: 36 spots: BIOLOGICAL(length=1007)
SPOT: 36 spots: BIOLOGICAL(length=986)
SPOT: 36 spots: BIOLOGICAL(length=974)
SPOT: 36 spots: BIOLOGICAL(length=969)
SPOT: 36 spots: BIOLOGICAL(length=943)
SPOT: 36 spots: BIOLOGICAL(length=937)
SPOT: 36 spots: BIOLOGICAL(length=920)
SPOT: 36 spots: BIOLOGICAL(length=907)
SPOT: 36 spots: BIOLOGICAL(length=902)
SPOT: 36 spots: BIOLOGICAL(length=897)
SPOT: 36 spots: BIOLOGICAL(length=883)
SPOT: 36 spots: BIOLOGICAL(length=872)
SPOT: 36 spots: BIOLOGICAL(length=846)
SPOT: 36 spots: BIOLOGICAL(length=832)
SPOT: 35 spots: BIOLOGICAL(length=1088)
SPOT: 35 spots: BIOLOGICAL(length=1082)
SPOT: 35 spots: BIOLOGICAL(length=1076)
SPOT: 35 spots: BIOLOGICAL(length=1073)
SPOT: 35 spots: BIOLOGICAL(length=1066)
SPOT: 35 spots: BIOLOGICAL(length=1055)
SPOT: 35 spots: BIOLOGICAL(length=1049)
SPOT: 35 spots: BIOLOGICAL(length=1020)
SPOT: 35 spots: BIOLOGICAL(length=1017)
SPOT: 35 spots: BIOLOGICAL(length=1014)
SPOT: 35 spots: BIOLOGICAL(length=985)
SPOT: 35 spots: BIOLOGICAL(length=981)
SPOT: 35 spots: BIOLOGICAL(length=959)
SPOT: 35 spots: BIOLOGICAL(length=933)
SPOT: 35 spots: BIOLOGICAL(length=921)
SPOT: 35 spots: BIOLOGICAL(length=915)
SPOT: 35 spots: BIOLOGICAL(length=911)
SPOT: 35 spots: BIOLOGICAL(length=910)
SPOT: 35 spots: BIOLOGICAL(length=405)
SPOT: 35 spots: BIOLOGICAL(length=398)
SPOT: 35 spots: BIOLOGICAL(length=372)
SPOT: 34 spots: BIOLOGICAL(length=1102)
SPOT: 34 spots: BIOLOGICAL(length=1096)
SPOT: 34 spots: BIOLOGICAL(length=1027)
SPOT: 34 spots: BIOLOGICAL(length=1025)
SPOT: 34 spots: BIOLOGICAL(length=1004)
SPOT: 34 spots: BIOLOGICAL(length=979)
SPOT: 34 spots: BIOLOGICAL(length=956)
SPOT: 34 spots: BIOLOGICAL(length=951)
SPOT: 34 spots: BIOLOGICAL(length=950)
SPOT: 34 spots: BIOLOGICAL(length=895)
SPOT: 34 spots: BIOLOGICAL(length=894)
SPOT: 34 spots: BIOLOGICAL(length=873)
SPOT: 34 spots: BIOLOGICAL(length=868)
SPOT: 34 spots: BIOLOGICAL(length=867)
SPOT: 34 spots: BIOLOGICAL(length=836)
SPOT: 34 spots: BIOLOGICAL(length=422)
SPOT: 34 spots: BIOLOGICAL(length=404)
SPOT: 34 spots: BIOLOGICAL(length=396)
SPOT: 34 spots: BIOLOGICAL(length=391)
SPOT: 33 spots: BIOLOGICAL(length=1048)
SPOT: 33 spots: BIOLOGICAL(length=1045)
SPOT: 33 spots: BIOLOGICAL(length=1042)
SPOT: 33 spots: BIOLOGICAL(length=1030)
SPOT: 33 spots: BIOLOGICAL(length=1006)
SPOT: 33 spots: BIOLOGICAL(length=1005)
SPOT: 33 spots: BIOLOGICAL(length=999)
SPOT: 33 spots: BIOLOGICAL(length=995)
