SPOT: 80297 spots: BIOLOGICAL(length=0)
SPOT: 5 spots: BIOLOGICAL(length=1816)
SPOT: 5 spots: BIOLOGICAL(length=1774)
SPOT: 5 spots: BIOLOGICAL(length=1493)
SPOT: 5 spots: BIOLOGICAL(length=1347)
SPOT: 4 spots: BIOLOGICAL(length=1980)
SPOT: 4 spots: BIOLOGICAL(length=1869)
SPOT: 4 spots: BIOLOGICAL(length=1839)
SPOT: 4 spots: BIOLOGICAL(length=1733)
SPOT: 4 spots: BIOLOGICAL(length=1681)
SPOT: 4 spots: BIOLOGICAL(length=1657)
SPOT: 4 spots: BIOLOGICAL(length=1621)
SPOT: 4 spots: BIOLOGICAL(length=1615)
SPOT: 4 spots: BIOLOGICAL(length=1610)
SPOT: 4 spots: BIOLOGICAL(length=1587)
SPOT: 4 spots: BIOLOGICAL(length=1549)
SPOT: 4 spots: BIOLOGICAL(length=1512)
SPOT: 4 spots: BIOLOGICAL(length=1476)
SPOT: 4 spots: BIOLOGICAL(length=1466)
SPOT: 4 spots: BIOLOGICAL(length=1442)
SPOT: 4 spots: BIOLOGICAL(length=1421)
SPOT: 4 spots: BIOLOGICAL(length=1403)
SPOT: 4 spots: BIOLOGICAL(length=1395)
SPOT: 4 spots: BIOLOGICAL(length=1383)
SPOT: 4 spots: BIOLOGICAL(length=1365)
SPOT: 4 spots: BIOLOGICAL(length=1296)
SPOT: 4 spots: BIOLOGICAL(length=1253)
SPOT: 3 spots: BIOLOGICAL(length=2390)
SPOT: 3 spots: BIOLOGICAL(length=2350)
SPOT: 3 spots: BIOLOGICAL(length=2313)
SPOT: 3 spots: BIOLOGICAL(length=2293)
SPOT: 3 spots: BIOLOGICAL(length=2276)
SPOT: 3 spots: BIOLOGICAL(length=2274)
SPOT: 3 spots: BIOLOGICAL(length=2138)
SPOT: 3 spots: BIOLOGICAL(length=2081)
SPOT: 3 spots: BIOLOGICAL(length=2042)
SPOT: 3 spots: BIOLOGICAL(length=2027)
SPOT: 3 spots: BIOLOGICAL(length=2002)
SPOT: 3 spots: BIOLOGICAL(length=1982)
SPOT: 3 spots: BIOLOGICAL(length=1978)
SPOT: 3 spots: BIOLOGICAL(length=1956)
SPOT: 3 spots: BIOLOGICAL(length=1876)
SPOT: 3 spots: BIOLOGICAL(length=1860)
SPOT: 3 spots: BIOLOGICAL(length=1858)
SPOT: 3 spots: BIOLOGICAL(length=1847)
SPOT: 3 spots: BIOLOGICAL(length=1829)
SPOT: 3 spots: BIOLOGICAL(length=1798)
SPOT: 3 spots: BIOLOGICAL(length=1795)
SPOT: 3 spots: BIOLOGICAL(length=1782)
SPOT: 3 spots: BIOLOGICAL(length=1761)
SPOT: 3 spots: BIOLOGICAL(length=1744)
SPOT: 3 spots: BIOLOGICAL(length=1738)
SPOT: 3 spots: BIOLOGICAL(length=1736)
SPOT: 3 spots: BIOLOGICAL(length=1730)
SPOT: 3 spots: BIOLOGICAL(length=1727)
SPOT: 3 spots: BIOLOGICAL(length=1723)
SPOT: 3 spots: BIOLOGICAL(length=1700)
SPOT: 3 spots: BIOLOGICAL(length=1693)
SPOT: 3 spots: BIOLOGICAL(length=1691)
SPOT: 3 spots: BIOLOGICAL(length=1689)
SPOT: 3 spots: BIOLOGICAL(length=1680)
SPOT: 3 spots: BIOLOGICAL(length=1675)
SPOT: 3 spots: BIOLOGICAL(length=1671)
SPOT: 3 spots: BIOLOGICAL(length=1670)
SPOT: 3 spots: BIOLOGICAL(length=1650)
SPOT: 3 spots: BIOLOGICAL(length=1647)
SPOT: 3 spots: BIOLOGICAL(length=1641)
SPOT: 3 spots: BIOLOGICAL(length=1630)
SPOT: 3 spots: BIOLOGICAL(length=1612)
SPOT: 3 spots: BIOLOGICAL(length=1588)
SPOT: 3 spots: BIOLOGICAL(length=1573)
SPOT: 3 spots: BIOLOGICAL(length=1570)
SPOT: 3 spots: BIOLOGICAL(length=1563)
SPOT: 3 spots: BIOLOGICAL(length=1561)
SPOT: 3 spots: BIOLOGICAL(length=1544)
SPOT: 3 spots: BIOLOGICAL(length=1538)
SPOT: 3 spots: BIOLOGICAL(length=1535)
SPOT: 3 spots: BIOLOGICAL(length=1534)
SPOT: 3 spots: BIOLOGICAL(length=1505)
SPOT: 3 spots: BIOLOGICAL(length=1488)
SPOT: 3 spots: BIOLOGICAL(length=1480)
SPOT: 3 spots: BIOLOGICAL(length=1467)
SPOT: 3 spots: BIOLOGICAL(length=1464)
SPOT: 3 spots: BIOLOGICAL(length=1462)
SPOT: 3 spots: BIOLOGICAL(length=1459)
SPOT: 3 spots: BIOLOGICAL(length=1446)
SPOT: 3 spots: BIOLOGICAL(length=1439)
SPOT: 3 spots: BIOLOGICAL(length=1437)
SPOT: 3 spots: BIOLOGICAL(length=1429)
SPOT: 3 spots: BIOLOGICAL(length=1404)
SPOT: 3 spots: BIOLOGICAL(length=1392)
SPOT: 3 spots: BIOLOGICAL(length=1388)
SPOT: 3 spots: BIOLOGICAL(length=1385)
SPOT: 3 spots: BIOLOGICAL(length=1361)
SPOT: 3 spots: BIOLOGICAL(length=1354)
SPOT: 3 spots: BIOLOGICAL(length=1349)
SPOT: 3 spots: BIOLOGICAL(length=1337)
SPOT: 3 spots: BIOLOGICAL(length=1336)
SPOT: 3 spots: BIOLOGICAL(length=1319)
SPOT: 3 spots: BIOLOGICAL(length=1315)
