SPOT: 1801266854 spots: BIOLOGICAL|FORWARD(length=35), BIOLOGICAL|FORWARD(length=35)
SPOT: 433895515 spots: BIOLOGICAL|REVERSE(length=35), BIOLOGICAL|REVERSE(length=35)
SPOT: 228536712 spots: BIOLOGICAL|REVERSE(length=35), BIOLOGICAL|FORWARD(length=35)
SPOT: 198455322 spots: BIOLOGICAL|FORWARD(length=35), BIOLOGICAL|REVERSE(length=35)
