SPOT: 119 spots: T4, B259
SPOT: 112 spots: T4, B256
SPOT: 110 spots: T4, B265
SPOT: 103 spots: T4, B261
SPOT: 99 spots: T4, B270
SPOT: 99 spots: T4, B262
SPOT: 96 spots: T4, B269
SPOT: 95 spots: T4, B264
SPOT: 95 spots: T4, B253
SPOT: 93 spots: T4, B266
SPOT: 93 spots: T4, B255
SPOT: 92 spots: T4, B263
SPOT: 91 spots: T4, B257
SPOT: 91 spots: T4, B254
SPOT: 89 spots: T4, B267
SPOT: 86 spots: T4, B250
SPOT: 86 spots: T4, B249
SPOT: 83 spots: T4, B260
SPOT: 83 spots: T4, B258
SPOT: 81 spots: T4, B272
SPOT: 81 spots: T4, B252
SPOT: 79 spots: T4, B268
SPOT: 77 spots: T4, B248
SPOT: 72 spots: T4, B275
SPOT: 70 spots: T4, B277
SPOT: 68 spots: T4, B273
SPOT: 68 spots: T4, B251
SPOT: 64 spots: T4, B247
SPOT: 62 spots: T4, B276
SPOT: 62 spots: T4, B246
SPOT: 58 spots: T4, B274
SPOT: 55 spots: T4, B271
SPOT: 55 spots: T4, B244
SPOT: 54 spots: T4, B245
SPOT: 53 spots: T4, B243
SPOT: 50 spots: T4, B242
SPOT: 46 spots: T4, B281
SPOT: 44 spots: T4, B280
SPOT: 41 spots: T4, B282
SPOT: 39 spots: T4, B278
SPOT: 38 spots: T4, B283
SPOT: 38 spots: T4, B279
SPOT: 38 spots: T4, B241
SPOT: 38 spots: T4, B240
SPOT: 38 spots: T4, B239
SPOT: 35 spots: T4, B286
SPOT: 30 spots: T4, B290
SPOT: 30 spots: T4, B287
SPOT: 28 spots: T4, B238
SPOT: 27 spots: T4, B285
SPOT: 27 spots: T4, B284
SPOT: 24 spots: T4, B237
SPOT: 24 spots: T4, B233
SPOT: 23 spots: T4, B288
SPOT: 21 spots: T4, B294
SPOT: 21 spots: T4, B236
SPOT: 21 spots: T4, B232
SPOT: 19 spots: T4, B289
SPOT: 19 spots: T4, B235
SPOT: 18 spots: T4, B291
SPOT: 17 spots: T4, B234
SPOT: 16 spots: T4, B297
SPOT: 15 spots: T4, B296
SPOT: 15 spots: T4, B230
SPOT: 15 spots: T4, B229
SPOT: 14 spots: T4, B293
SPOT: 13 spots: T4, B228
SPOT: 13 spots: T4, B225
SPOT: 13 spots: T4, B215
SPOT: 12 spots: T4, B303
SPOT: 12 spots: T4, B292
SPOT: 12 spots: T4, B223
SPOT: 12 spots: T4, B211
SPOT: 11 spots: T4, B216
SPOT: 11 spots: T4, B213
SPOT: 11 spots: T4, B164
SPOT: 10 spots: T4, B301
SPOT: 10 spots: T4, B300
SPOT: 10 spots: T4, B231
SPOT: 10 spots: T4, B226
SPOT: 10 spots: T4, B217
SPOT: 10 spots: T4, B191
SPOT: 9 spots: T4, B299
SPOT: 9 spots: T4, B295
SPOT: 9 spots: T4, B221
SPOT: 9 spots: T4, B212
SPOT: 9 spots: T4, B203
SPOT: 9 spots: T4, B185
SPOT: 9 spots: T4, B177
SPOT: 9 spots: T4, B169
SPOT: 9 spots: T4, B165
SPOT: 8 spots: T4, B306
SPOT: 8 spots: T4, B224
SPOT: 8 spots: T4, B218
SPOT: 8 spots: T4, B210
SPOT: 8 spots: T4, B198
SPOT: 8 spots: T4, B180
SPOT: 8 spots: T4, B178
SPOT: 8 spots: T4, B174
SPOT: 7 spots: T4, B309
SPOT: 7 spots: T4, B305
SPOT: 7 spots: T4, B298
SPOT: 7 spots: T4, B222
SPOT: 7 spots: T4, B207
SPOT: 7 spots: T4, B204
SPOT: 7 spots: T4, B202
SPOT: 7 spots: T4, B197
SPOT: 7 spots: T4, B190
SPOT: 7 spots: T4, B186
SPOT: 7 spots: T4, B167
SPOT: 7 spots: T4, B166
SPOT: 7 spots: T4, B158
SPOT: 6 spots: T4, B302
SPOT: 6 spots: T4, B227
SPOT: 6 spots: T4, B220
SPOT: 6 spots: T4, B219
SPOT: 6 spots: T4, B208
SPOT: 6 spots: T4, B206
SPOT: 6 spots: T4, B205
SPOT: 6 spots: T4, B200
SPOT: 6 spots: T4, B189
SPOT: 6 spots: T4, B183
SPOT: 6 spots: T4, B173
SPOT: 6 spots: T4, B146
SPOT: 6 spots: T4, B142
SPOT: 6 spots: T4, B138
SPOT: 5 spots: T4, B304
SPOT: 5 spots: T4, B214
SPOT: 5 spots: T4, B209
SPOT: 5 spots: T4, B201
SPOT: 5 spots: T4, B199
SPOT: 5 spots: T4, B195
SPOT: 5 spots: T4, B193
SPOT: 5 spots: T4, B192
SPOT: 5 spots: T4, B182
SPOT: 5 spots: T4, B175
SPOT: 5 spots: T4, B168
SPOT: 5 spots: T4, B162
SPOT: 5 spots: T4, B160
SPOT: 5 spots: T4, B151
SPOT: 5 spots: T4, B150
SPOT: 5 spots: T4, B145
SPOT: 5 spots: T4, B133
SPOT: 4 spots: T4, B330
SPOT: 4 spots: T4, B314
SPOT: 4 spots: T4, B313
SPOT: 4 spots: T4, B308
SPOT: 4 spots: T4, B196
SPOT: 4 spots: T4, B194
SPOT: 4 spots: T4, B188
SPOT: 4 spots: T4, B181
SPOT: 4 spots: T4, B179
SPOT: 4 spots: T4, B171
SPOT: 4 spots: T4, B170
SPOT: 4 spots: T4, B159
SPOT: 4 spots: T4, B157
SPOT: 4 spots: T4, B154
SPOT: 4 spots: T4, B135
SPOT: 4 spots: T4, B129
SPOT: 4 spots: T4, B120
SPOT: 4 spots: T4, B113
SPOT: 3 spots: T4, B337
SPOT: 3 spots: T4, B328
SPOT: 3 spots: T4, B324
SPOT: 3 spots: T4, B317
SPOT: 3 spots: T4, B315
SPOT: 3 spots: T4, B311
SPOT: 3 spots: T4, B310
SPOT: 3 spots: T4, B184
SPOT: 3 spots: T4, B176
SPOT: 3 spots: T4, B172
SPOT: 3 spots: T4, B153
SPOT: 3 spots: T4, B152
SPOT: 3 spots: T4, B148
SPOT: 3 spots: T4, B147
SPOT: 3 spots: T4, B144
SPOT: 3 spots: T4, B141
SPOT: 3 spots: T4, B140
SPOT: 3 spots: T4, B139
SPOT: 3 spots: T4, B137
SPOT: 3 spots: T4, B136
SPOT: 3 spots: T4, B111
SPOT: 3 spots: T4, B109
SPOT: 3 spots: T4, B99
SPOT: 3 spots: T4, B95
SPOT: 2 spots: T4, B379
SPOT: 2 spots: T4, B372
SPOT: 2 spots: T4, B363
SPOT: 2 spots: T4, B355
SPOT: 2 spots: T4, B348
SPOT: 2 spots: T4, B346
SPOT: 2 spots: T4, B344
SPOT: 2 spots: T4, B343
SPOT: 2 spots: T4, B340
SPOT: 2 spots: T4, B329
SPOT: 2 spots: T4, B327
SPOT: 2 spots: T4, B326
SPOT: 2 spots: T4, B322
SPOT: 2 spots: T4, B320
SPOT: 2 spots: T4, B319
SPOT: 2 spots: T4, B312
SPOT: 2 spots: T4, B161
SPOT: 2 spots: T4, B156
SPOT: 2 spots: T4, B155
SPOT: 2 spots: T4, B149
SPOT: 2 spots: T4, B132
SPOT: 2 spots: T4, B130
SPOT: 2 spots: T4, B128
SPOT: 2 spots: T4, B115
SPOT: 2 spots: T4, B110
SPOT: 2 spots: T4, B108
SPOT: 2 spots: T4, B105
SPOT: 2 spots: T4, B98
SPOT: 2 spots: T4, B83
SPOT: 1 spot: T4, B571
SPOT: 1 spot: T4, B490
SPOT: 1 spot: T4, B448
SPOT: 1 spot: T4, B439
SPOT: 1 spot: T4, B434
SPOT: 1 spot: T4, B427
SPOT: 1 spot: T4, B418
SPOT: 1 spot: T4, B405
SPOT: 1 spot: T4, B400
SPOT: 1 spot: T4, B398
SPOT: 1 spot: T4, B394
SPOT: 1 spot: T4, B385
SPOT: 1 spot: T4, B384
SPOT: 1 spot: T4, B383
SPOT: 1 spot: T4, B381
SPOT: 1 spot: T4, B377
SPOT: 1 spot: T4, B376
SPOT: 1 spot: T4, B375
SPOT: 1 spot: T4, B374
SPOT: 1 spot: T4, B368
SPOT: 1 spot: T4, B362
SPOT: 1 spot: T4, B361
SPOT: 1 spot: T4, B360
SPOT: 1 spot: T4, B359
SPOT: 1 spot: T4, B354
SPOT: 1 spot: T4, B353
SPOT: 1 spot: T4, B352
SPOT: 1 spot: T4, B351
SPOT: 1 spot: T4, B347
SPOT: 1 spot: T4, B341
SPOT: 1 spot: T4, B331
SPOT: 1 spot: T4, B325
SPOT: 1 spot: T4, B323
SPOT: 1 spot: T4, B321
SPOT: 1 spot: T4, B318
SPOT: 1 spot: T4, B316
SPOT: 1 spot: T4, B307
SPOT: 1 spot: T4, B187
SPOT: 1 spot: T4, B163
SPOT: 1 spot: T4, B143
SPOT: 1 spot: T4, B134
SPOT: 1 spot: T4, B131
SPOT: 1 spot: T4, B127
SPOT: 1 spot: T4, B125
SPOT: 1 spot: T4, B124
SPOT: 1 spot: T4, B122
SPOT: 1 spot: T4, B116
SPOT: 1 spot: T4, B114
SPOT: 1 spot: T4, B104
SPOT: 1 spot: T4, B91
SPOT: 1 spot: T4, B77
SPOT: 1 spot: T4, B64
SPOT: 1 spot: T4, B57
