SPOT: 1 spot: TECHNICAL(length=4), BIOLOGICAL(length=297)
SPOT: 1 spot: TECHNICAL(length=4), BIOLOGICAL(length=276)
SPOT: 1 spot: TECHNICAL(length=4), BIOLOGICAL(length=249)
SPOT: 1 spot: TECHNICAL(length=4), BIOLOGICAL(length=164)
SPOT: 1 spot: TECHNICAL(length=4), BIOLOGICAL(length=153)
