warn: Spots with more than two fragments have been encountered
